Archive member included to satisfy reference by file (symbol)

/usr/lib/gcc/arm-none-eabi/10.3.1/thumb/v6-m/nofp/libgcc.a(_dvmd_tls.o)
                              ADS131M02_serial/CMakeFiles/ADS131M02_serial.dir/home/ben/Desktop/HURC/pico/pico-sdk/src/rp2_common/pico_divider/divider.S.obj (__aeabi_idiv0)
/usr/lib/gcc/arm-none-eabi/10.3.1/../../../arm-none-eabi/lib/thumb/v6-m/nofp/libg.a(lib_a-atexit.o)
                              /usr/lib/gcc/arm-none-eabi/10.3.1/../../../arm-none-eabi/lib/thumb/v6-m/nofp/crt0.o (atexit)
/usr/lib/gcc/arm-none-eabi/10.3.1/../../../arm-none-eabi/lib/thumb/v6-m/nofp/libg.a(lib_a-calloc.o)
                              ADS131M02_serial/CMakeFiles/ADS131M02_serial.dir/home/ben/Desktop/HURC/pico/pico-sdk/src/rp2_common/pico_malloc/pico_malloc.c.obj (calloc)
/usr/lib/gcc/arm-none-eabi/10.3.1/../../../arm-none-eabi/lib/thumb/v6-m/nofp/libg.a(lib_a-callocr.o)
                              /usr/lib/gcc/arm-none-eabi/10.3.1/../../../arm-none-eabi/lib/thumb/v6-m/nofp/libg.a(lib_a-calloc.o) (_calloc_r)
/usr/lib/gcc/arm-none-eabi/10.3.1/../../../arm-none-eabi/lib/thumb/v6-m/nofp/libg.a(lib_a-fini.o)
                              /usr/lib/gcc/arm-none-eabi/10.3.1/../../../arm-none-eabi/lib/thumb/v6-m/nofp/crt0.o (__libc_fini_array)
/usr/lib/gcc/arm-none-eabi/10.3.1/../../../arm-none-eabi/lib/thumb/v6-m/nofp/libg.a(lib_a-impure.o)
                              /usr/lib/gcc/arm-none-eabi/10.3.1/../../../arm-none-eabi/lib/thumb/v6-m/nofp/libg.a(lib_a-calloc.o) (_impure_ptr)
/usr/lib/gcc/arm-none-eabi/10.3.1/../../../arm-none-eabi/lib/thumb/v6-m/nofp/libg.a(lib_a-init.o)
                              /usr/lib/gcc/arm-none-eabi/10.3.1/../../../arm-none-eabi/lib/thumb/v6-m/nofp/crt0.o (__libc_init_array)
/usr/lib/gcc/arm-none-eabi/10.3.1/../../../arm-none-eabi/lib/thumb/v6-m/nofp/libg.a(lib_a-malloc.o)
                              ADS131M02_serial/CMakeFiles/ADS131M02_serial.dir/home/ben/Desktop/HURC/pico/pico-sdk/src/rp2_common/pico_malloc/pico_malloc.c.obj (malloc)
/usr/lib/gcc/arm-none-eabi/10.3.1/../../../arm-none-eabi/lib/thumb/v6-m/nofp/libg.a(lib_a-mallocr.o)
                              /usr/lib/gcc/arm-none-eabi/10.3.1/../../../arm-none-eabi/lib/thumb/v6-m/nofp/libg.a(lib_a-callocr.o) (_malloc_r)
/usr/lib/gcc/arm-none-eabi/10.3.1/../../../arm-none-eabi/lib/thumb/v6-m/nofp/libg.a(lib_a-mlock.o)
                              /usr/lib/gcc/arm-none-eabi/10.3.1/../../../arm-none-eabi/lib/thumb/v6-m/nofp/libg.a(lib_a-mallocr.o) (__malloc_lock)
/usr/lib/gcc/arm-none-eabi/10.3.1/../../../arm-none-eabi/lib/thumb/v6-m/nofp/libg.a(lib_a-realloc.o)
                              ADS131M02_serial/CMakeFiles/ADS131M02_serial.dir/home/ben/Desktop/HURC/pico/pico-sdk/src/rp2_common/pico_malloc/pico_malloc.c.obj (realloc)
/usr/lib/gcc/arm-none-eabi/10.3.1/../../../arm-none-eabi/lib/thumb/v6-m/nofp/libg.a(lib_a-reallocr.o)
                              /usr/lib/gcc/arm-none-eabi/10.3.1/../../../arm-none-eabi/lib/thumb/v6-m/nofp/libg.a(lib_a-realloc.o) (_realloc_r)
/usr/lib/gcc/arm-none-eabi/10.3.1/../../../arm-none-eabi/lib/thumb/v6-m/nofp/libg.a(lib_a-sbrkr.o)
                              /usr/lib/gcc/arm-none-eabi/10.3.1/../../../arm-none-eabi/lib/thumb/v6-m/nofp/libg.a(lib_a-mallocr.o) (_sbrk_r)
/usr/lib/gcc/arm-none-eabi/10.3.1/../../../arm-none-eabi/lib/thumb/v6-m/nofp/libg.a(lib_a-strlen-stub.o)
                              ADS131M02_serial/CMakeFiles/ADS131M02_serial.dir/home/ben/Desktop/HURC/pico/pico-sdk/src/rp2_common/pico_stdio/stdio.c.obj (strlen)
/usr/lib/gcc/arm-none-eabi/10.3.1/../../../arm-none-eabi/lib/thumb/v6-m/nofp/libg.a(lib_a-__atexit.o)
                              /usr/lib/gcc/arm-none-eabi/10.3.1/../../../arm-none-eabi/lib/thumb/v6-m/nofp/libg.a(lib_a-atexit.o) (__register_exitproc)
/usr/lib/gcc/arm-none-eabi/10.3.1/../../../arm-none-eabi/lib/thumb/v6-m/nofp/libg.a(lib_a-freer.o)
                              /usr/lib/gcc/arm-none-eabi/10.3.1/../../../arm-none-eabi/lib/thumb/v6-m/nofp/libg.a(lib_a-malloc.o) (_free_r)
/usr/lib/gcc/arm-none-eabi/10.3.1/../../../arm-none-eabi/lib/thumb/v6-m/nofp/libg.a(lib_a-memmove.o)
                              /usr/lib/gcc/arm-none-eabi/10.3.1/../../../arm-none-eabi/lib/thumb/v6-m/nofp/libg.a(lib_a-reallocr.o) (memmove)
/usr/lib/gcc/arm-none-eabi/10.3.1/../../../arm-none-eabi/lib/thumb/v6-m/nofp/libg.a(lib_a-reent.o)
                              /usr/lib/gcc/arm-none-eabi/10.3.1/../../../arm-none-eabi/lib/thumb/v6-m/nofp/libg.a(lib_a-sbrkr.o) (errno)

Discarded input sections

 .text          0x0000000000000000        0x0 /usr/lib/gcc/arm-none-eabi/10.3.1/thumb/v6-m/nofp/crti.o
 .data          0x0000000000000000        0x0 /usr/lib/gcc/arm-none-eabi/10.3.1/thumb/v6-m/nofp/crti.o
 .bss           0x0000000000000000        0x0 /usr/lib/gcc/arm-none-eabi/10.3.1/thumb/v6-m/nofp/crti.o
 .data          0x0000000000000000        0x4 /usr/lib/gcc/arm-none-eabi/10.3.1/thumb/v6-m/nofp/crtbegin.o
[...]
Memory Configuration

Name             Origin             Length             Attributes
FLASH            0x0000000010000000 0x0000000000200000 xr
RAM              0x0000000020000000 0x0000000000040000 xrw
SCRATCH_X        0x0000000020040000 0x0000000000001000 xrw
SCRATCH_Y        0x0000000020041000 0x0000000000001000 xrw
*default*        0x0000000000000000 0xffffffffffffffff

Linker script and memory map

LOAD /usr/lib/gcc/arm-none-eabi/10.3.1/thumb/v6-m/nofp/crti.o
LOAD /usr/lib/gcc/arm-none-eabi/10.3.1/thumb/v6-m/nofp/crtbegin.o
LOAD /usr/lib/gcc/arm-none-eabi/10.3.1/../../../arm-none-eabi/lib/thumb/v6-m/nofp/crt0.o

.flash_begin    0x0000000010000000        0x0
                0x0000000010000000                __flash_binary_start = .

.boot2          0x0000000010000000      0x100
                0x0000000010000000                __boot2_start__ = .
 *(.boot2)
 .boot2         0x0000000010000000      0x100 /tmp/ccU3KIkZ.o
                0x0000000010000100                __boot2_end__ = .
                0x0000000000000001                ASSERT (((__boot2_end__ - __boot2_start__) == 0x100), ERROR: Pico second stage bootloader must be 256 bytes in size)

.text           0x0000000010000100     0x73f0
                0x0000000010000100                __logical_binary_start = .
 *(.vectors)
 .vectors       0x0000000010000100       0xd4 ADS131M02_serial/CMakeFiles/ADS131M02_serial.dir/home/ben/Desktop/HURC/pico/pico-sdk/src/rp2_common/pico_standard_link/crt0.S.obj
                0x0000000010000100                __vectors
                0x0000000010000100                __VECTOR_TABLE
                0x00000000100001c0                isr_invalid
                0x00000000100001c0                __default_isrs_start
                0x00000000100001c2                isr_nmi
                0x00000000100001c4                isr_hardfault
                0x00000000100001c6                isr_svcall
                0x00000000100001c8                isr_pendsv
                0x00000000100001ca                isr_systick
                0x00000000100001cc                isr_irq30
                0x00000000100001cc                __unhandled_user_irq
                0x00000000100001cc                isr_irq13
                0x00000000100001cc                isr_irq27
                0x00000000100001cc                isr_irq31
                0x00000000100001cc                isr_irq5
                0x00000000100001cc                isr_irq11
                0x00000000100001cc                isr_irq23
                0x00000000100001cc                isr_irq18
                0x00000000100001cc                isr_irq28
                0x00000000100001cc                isr_irq19
                0x00000000100001cc                isr_irq0
                0x00000000100001cc                isr_irq6
                0x00000000100001cc                isr_irq22
                0x00000000100001cc                isr_irq17
                0x00000000100001cc                isr_irq14
                0x00000000100001cc                isr_irq2
                0x00000000100001cc                isr_irq10
                0x00000000100001cc                isr_irq8
                0x00000000100001cc                isr_irq24
                0x00000000100001cc                isr_irq1
                0x00000000100001cc                isr_irq7
                0x00000000100001cc                isr_irq21
                0x00000000100001cc                isr_irq20
                0x00000000100001cc                isr_irq15
                0x00000000100001cc                isr_irq25
                0x00000000100001cc                isr_irq4
                0x00000000100001cc                isr_irq16
                0x00000000100001cc                isr_irq29
                0x00000000100001cc                isr_irq26
                0x00000000100001cc                __default_isrs_end
                0x00000000100001cc                isr_irq3
                0x00000000100001cc                isr_irq12
                0x00000000100001cc                isr_irq9
                0x00000000100001d2                unhandled_user_irq_num_in_r0
 *(.binary_info_header)
 .binary_info_header
                0x00000000100001d4       0x14 ADS131M02_serial/CMakeFiles/ADS131M02_serial.dir/home/ben/Desktop/HURC/pico/pico-sdk/src/rp2_common/pico_standard_link/crt0.S.obj
                0x00000000100001e8                __binary_info_header_end = .
 *(.reset)
 .reset         0x00000000100001e8       0xa0 ADS131M02_serial/CMakeFiles/ADS131M02_serial.dir/home/ben/Desktop/HURC/pico/pico-sdk/src/rp2_common/pico_standard_link/crt0.S.obj
                0x00000000100001e8                _entry_point
 .reset         0x0000000010000288       0x30 ADS131M02_serial/CMakeFiles/ADS131M02_serial.dir/home/ben/Desktop/HURC/pico/pico-sdk/src/rp2_common/pico_standard_link/binary_info.c.obj
 *(.init)
 .init          0x00000000100002b8        0x4 /usr/lib/gcc/arm-none-eabi/10.3.1/thumb/v6-m/nofp/crti.o
                0x00000000100002b8                _init
 *(EXCLUDE_FILE(*libm.a: *libc.a:*lib_a-mem*.o *libgcc.a:) .text*)
 .text          0x00000000100002bc       0x98 /usr/lib/gcc/arm-none-eabi/10.3.1/thumb/v6-m/nofp/crtbegin.o
 .text.ads_read_reg
                0x0000000010000354       0x5c ADS131M02_serial/CMakeFiles/ADS131M02_serial.dir/ADS131M02_serial.c.obj
                0x0000000010000354                ads_read_reg
 .text.ads_write_reg
                0x00000000100003b0       0x48 ADS131M02_serial/CMakeFiles/ADS131M02_serial.dir/ADS131M02_serial.c.obj
                0x00000000100003b0                ads_write_reg
 .text.ads_reset
                0x00000000100003f8       0x3c ADS131M02_serial/CMakeFiles/ADS131M02_serial.dir/ADS131M02_serial.c.obj
                0x00000000100003f8                ads_reset
 .text.main     0x0000000010000434      0x198 ADS131M02_serial/CMakeFiles/ADS131M02_serial.dir/ADS131M02_serial.c.obj
                0x0000000010000434                main
 .text.gpio_set_function
                0x00000000100005cc       0x30 ADS131M02_serial/CMakeFiles/ADS131M02_serial.dir/home/ben/Desktop/HURC/pico/pico-sdk/src/rp2_common/hardware_gpio/gpio.c.obj
                0x00000000100005cc                gpio_set_function
 .text.gpio_init
                0x00000000100005fc       0x16 ADS131M02_serial/CMakeFiles/ADS131M02_serial.dir/home/ben/Desktop/HURC/pico/pico-sdk/src/rp2_common/hardware_gpio/gpio.c.obj
                0x00000000100005fc                gpio_init
 *fill*         0x0000000010000612        0x2 
 .text.running_on_fpga
                0x0000000010000614       0x14 ADS131M02_serial/CMakeFiles/ADS131M02_serial.dir/home/ben/Desktop/HURC/pico/pico-sdk/src/rp2_common/pico_platform/platform.c.obj
                0x0000000010000614                running_on_fpga
 .text.hw_claim_lock
                0x0000000010000628       0x18 ADS131M02_serial/CMakeFiles/ADS131M02_serial.dir/home/ben/Desktop/HURC/pico/pico-sdk/src/rp2_common/hardware_claim/claim.c.obj
                0x0000000010000628                hw_claim_lock
 .text.hw_claim_unlock
                0x0000000010000640       0x14 ADS131M02_serial/CMakeFiles/ADS131M02_serial.dir/home/ben/Desktop/HURC/pico/pico-sdk/src/rp2_common/hardware_claim/claim.c.obj
                0x0000000010000640                hw_claim_unlock
 .text.hw_claim_or_assert
                0x0000000010000654       0x32 ADS131M02_serial/CMakeFiles/ADS131M02_serial.dir/home/ben/Desktop/HURC/pico/pico-sdk/src/rp2_common/hardware_claim/claim.c.obj
                0x0000000010000654                hw_claim_or_assert
 .text.hw_claim_unused_from_range
                0x0000000010000686       0x50 ADS131M02_serial/CMakeFiles/ADS131M02_serial.dir/home/ben/Desktop/HURC/pico/pico-sdk/src/rp2_common/hardware_claim/claim.c.obj
                0x0000000010000686                hw_claim_unused_from_range
 *fill*         0x00000000100006d6        0x2 
 .text.spin_locks_reset
                0x00000000100006d8       0x20 ADS131M02_serial/CMakeFiles/ADS131M02_serial.dir/home/ben/Desktop/HURC/pico/pico-sdk/src/rp2_common/hardware_sync/sync.c.obj
                0x00000000100006d8                spin_locks_reset
 .text.next_striped_spin_lock_num
                0x00000000100006f8       0x1c ADS131M02_serial/CMakeFiles/ADS131M02_serial.dir/home/ben/Desktop/HURC/pico/pico-sdk/src/rp2_common/hardware_sync/sync.c.obj
                0x00000000100006f8                next_striped_spin_lock_num
 .text.spin_lock_claim_unused
                0x0000000010000714       0x20 ADS131M02_serial/CMakeFiles/ADS131M02_serial.dir/home/ben/Desktop/HURC/pico/pico-sdk/src/rp2_common/hardware_sync/sync.c.obj
                0x0000000010000714                spin_lock_claim_unused
 .text.set_raw_irq_handler_and_unlock
                0x0000000010000734       0x28 ADS131M02_serial/CMakeFiles/ADS131M02_serial.dir/home/ben/Desktop/HURC/pico/pico-sdk/src/rp2_common/hardware_irq/irq.c.obj
 .text.make_branch
                0x000000001000075c       0x48 ADS131M02_serial/CMakeFiles/ADS131M02_serial.dir/home/ben/Desktop/HURC/pico/pico-sdk/src/rp2_common/hardware_irq/irq.c.obj
 .text.insert_branch_and_link
                0x00000000100007a4       0x40 ADS131M02_serial/CMakeFiles/ADS131M02_serial.dir/home/ben/Desktop/HURC/pico/pico-sdk/src/rp2_common/hardware_irq/irq.c.obj
 .text.irq_is_enabled
                0x00000000100007e4       0x18 ADS131M02_serial/CMakeFiles/ADS131M02_serial.dir/home/ben/Desktop/HURC/pico/pico-sdk/src/rp2_common/hardware_irq/irq.c.obj
                0x00000000100007e4                irq_is_enabled
 .text.irq_set_mask_enabled
                0x00000000100007fc       0x20 ADS131M02_serial/CMakeFiles/ADS131M02_serial.dir/home/ben/Desktop/HURC/pico/pico-sdk/src/rp2_common/hardware_irq/irq.c.obj
                0x00000000100007fc                irq_set_mask_enabled
 .text.irq_set_enabled
                0x000000001000081c        0xe ADS131M02_serial/CMakeFiles/ADS131M02_serial.dir/home/ben/Desktop/HURC/pico/pico-sdk/src/rp2_common/hardware_irq/irq.c.obj
                0x000000001000081c                irq_set_enabled
 *fill*         0x000000001000082a        0x2 
 .text.irq_set_pending
                0x000000001000082c       0x10 ADS131M02_serial/CMakeFiles/ADS131M02_serial.dir/home/ben/Desktop/HURC/pico/pico-sdk/src/rp2_common/hardware_irq/irq.c.obj
                0x000000001000082c                irq_set_pending
 .text.irq_get_vtable_handler
                0x000000001000083c       0x10 ADS131M02_serial/CMakeFiles/ADS131M02_serial.dir/home/ben/Desktop/HURC/pico/pico-sdk/src/rp2_common/hardware_irq/irq.c.obj
                0x000000001000083c                irq_get_vtable_handler
 .text.irq_has_shared_handler
                0x000000001000084c       0x24 ADS131M02_serial/CMakeFiles/ADS131M02_serial.dir/home/ben/Desktop/HURC/pico/pico-sdk/src/rp2_common/hardware_irq/irq.c.obj
                0x000000001000084c                irq_has_shared_handler
 .text.irq_set_exclusive_handler
                0x0000000010000870       0x54 ADS131M02_serial/CMakeFiles/ADS131M02_serial.dir/home/ben/Desktop/HURC/pico/pico-sdk/src/rp2_common/hardware_irq/irq.c.obj
                0x0000000010000870                irq_set_exclusive_handler
 .text.irq_add_shared_handler
                0x00000000100008c4      0x234 ADS131M02_serial/CMakeFiles/ADS131M02_serial.dir/home/ben/Desktop/HURC/pico/pico-sdk/src/rp2_common/hardware_irq/irq.c.obj
                0x00000000100008c4                irq_add_shared_handler
 .text.irq_remove_handler
                0x0000000010000af8      0x1ac ADS131M02_serial/CMakeFiles/ADS131M02_serial.dir/home/ben/Desktop/HURC/pico/pico-sdk/src/rp2_common/hardware_irq/irq.c.obj
                0x0000000010000af8                irq_remove_handler
 .text.irq_add_tail_to_free_list
                0x0000000010000ca4       0xf0 ADS131M02_serial/CMakeFiles/ADS131M02_serial.dir/home/ben/Desktop/HURC/pico/pico-sdk/src/rp2_common/hardware_irq/irq.c.obj
                0x0000000010000ca4                irq_add_tail_to_free_list
 .text.irq_init_priorities
                0x0000000010000d94       0x1c ADS131M02_serial/CMakeFiles/ADS131M02_serial.dir/home/ben/Desktop/HURC/pico/pico-sdk/src/rp2_common/hardware_irq/irq.c.obj
                0x0000000010000d94                irq_init_priorities
 .text.user_irq_claim_unused
                0x0000000010000db0       0x28 ADS131M02_serial/CMakeFiles/ADS131M02_serial.dir/home/ben/Desktop/HURC/pico/pico-sdk/src/rp2_common/hardware_irq/irq.c.obj
                0x0000000010000db0                user_irq_claim_unused
 .text.lock_init
                0x0000000010000dd8       0x10 ADS131M02_serial/CMakeFiles/ADS131M02_serial.dir/home/ben/Desktop/HURC/pico/pico-sdk/src/common/pico_sync/lock_core.c.obj
                0x0000000010000dd8                lock_init
 .text.mutex_init
                0x0000000010000de8       0x1a ADS131M02_serial/CMakeFiles/ADS131M02_serial.dir/home/ben/Desktop/HURC/pico/pico-sdk/src/common/pico_sync/mutex.c.obj
                0x0000000010000de8                mutex_init
 .text.recursive_mutex_init
                0x0000000010000e02       0x1e ADS131M02_serial/CMakeFiles/ADS131M02_serial.dir/home/ben/Desktop/HURC/pico/pico-sdk/src/common/pico_sync/mutex.c.obj
                0x0000000010000e02                recursive_mutex_init
 .text.critical_section_init_with_lock_num
                0x0000000010000e20       0x14 ADS131M02_serial/CMakeFiles/ADS131M02_serial.dir/home/ben/Desktop/HURC/pico/pico-sdk/src/common/pico_sync/critical_section.c.obj
                0x0000000010000e20                critical_section_init_with_lock_num
 .text.critical_section_init
                0x0000000010000e34       0x14 ADS131M02_serial/CMakeFiles/ADS131M02_serial.dir/home/ben/Desktop/HURC/pico/pico-sdk/src/common/pico_sync/critical_section.c.obj
                0x0000000010000e34                critical_section_init
 .text.alarm_pool_post_alloc_init
                0x0000000010000e48       0x40 ADS131M02_serial/CMakeFiles/ADS131M02_serial.dir/home/ben/Desktop/HURC/pico/pico-sdk/src/common/pico_time/time.c.obj
 .text.sleep_until_callback
                0x0000000010000e88       0x30 ADS131M02_serial/CMakeFiles/ADS131M02_serial.dir/home/ben/Desktop/HURC/pico/pico-sdk/src/common/pico_time/time.c.obj
 .text.timer_pool_entry_comparator
                0x0000000010000eb8       0x7c ADS131M02_serial/CMakeFiles/ADS131M02_serial.dir/home/ben/Desktop/HURC/pico/pico-sdk/src/common/pico_time/time.c.obj
                0x0000000010000eb8                timer_pool_entry_comparator
 .text.ph_add_child_node
                0x0000000010000f34       0xa4 ADS131M02_serial/CMakeFiles/ADS131M02_serial.dir/home/ben/Desktop/HURC/pico/pico-sdk/src/common/pico_time/time.c.obj
 .text.ph_merge_nodes
                0x0000000010000fd8       0x3e ADS131M02_serial/CMakeFiles/ADS131M02_serial.dir/home/ben/Desktop/HURC/pico/pico-sdk/src/common/pico_time/time.c.obj
 *fill*         0x0000000010001016        0x2 
 .text.add_alarm_under_lock
                0x0000000010001018      0x174 ADS131M02_serial/CMakeFiles/ADS131M02_serial.dir/home/ben/Desktop/HURC/pico/pico-sdk/src/common/pico_time/time.c.obj
 .text.alarm_pool_alarm_callback
                0x000000001000118c      0x33c ADS131M02_serial/CMakeFiles/ADS131M02_serial.dir/home/ben/Desktop/HURC/pico/pico-sdk/src/common/pico_time/time.c.obj
 .text.alarm_pool_init_default
                0x00000000100014c8       0x40 ADS131M02_serial/CMakeFiles/ADS131M02_serial.dir/home/ben/Desktop/HURC/pico/pico-sdk/src/common/pico_time/time.c.obj
                0x00000000100014c8                alarm_pool_init_default
 .text.alarm_pool_get_default
                0x0000000010001508       0x2c ADS131M02_serial/CMakeFiles/ADS131M02_serial.dir/home/ben/Desktop/HURC/pico/pico-sdk/src/common/pico_time/time.c.obj
                0x0000000010001508                alarm_pool_get_default
 .text.alarm_pool_add_alarm_at
                0x0000000010001534      0x168 ADS131M02_serial/CMakeFiles/ADS131M02_serial.dir/home/ben/Desktop/HURC/pico/pico-sdk/src/common/pico_time/time.c.obj
                0x0000000010001534                alarm_pool_add_alarm_at
 .text.alarm_pool_cancel_alarm
                0x000000001000169c       0xf0 ADS131M02_serial/CMakeFiles/ADS131M02_serial.dir/home/ben/Desktop/HURC/pico/pico-sdk/src/common/pico_time/time.c.obj
                0x000000001000169c                alarm_pool_cancel_alarm
 .text.alarm_pool_core_num
                0x000000001000178c        0x4 ADS131M02_serial/CMakeFiles/ADS131M02_serial.dir/home/ben/Desktop/HURC/pico/pico-sdk/src/common/pico_time/time.c.obj
                0x000000001000178c                alarm_pool_core_num
 .text.sleep_until
                0x0000000010001790       0xfc ADS131M02_serial/CMakeFiles/ADS131M02_serial.dir/home/ben/Desktop/HURC/pico/pico-sdk/src/common/pico_time/time.c.obj
                0x0000000010001790                sleep_until
 .text.sleep_us
                0x000000001000188c       0x58 ADS131M02_serial/CMakeFiles/ADS131M02_serial.dir/home/ben/Desktop/HURC/pico/pico-sdk/src/common/pico_time/time.c.obj
                0x000000001000188c                sleep_us
 .text.sleep_ms
                0x00000000100018e4       0x14 ADS131M02_serial/CMakeFiles/ADS131M02_serial.dir/home/ben/Desktop/HURC/pico/pico-sdk/src/common/pico_time/time.c.obj
                0x00000000100018e4                sleep_ms
 .text.best_effort_wfe_or_timeout
                0x00000000100018f8       0xac ADS131M02_serial/CMakeFiles/ADS131M02_serial.dir/home/ben/Desktop/HURC/pico/pico-sdk/src/common/pico_time/time.c.obj
                0x00000000100018f8                best_effort_wfe_or_timeout
 .text.hardware_alarm_irq_handler
                0x00000000100019a4       0x90 ADS131M02_serial/CMakeFiles/ADS131M02_serial.dir/home/ben/Desktop/HURC/pico/pico-sdk/src/rp2_common/hardware_timer/timer.c.obj
 .text.hardware_alarm_claim
                0x0000000010001a34       0x18 ADS131M02_serial/CMakeFiles/ADS131M02_serial.dir/home/ben/Desktop/HURC/pico/pico-sdk/src/rp2_common/hardware_timer/timer.c.obj
                0x0000000010001a34                hardware_alarm_claim
 .text.time_us_64
                0x0000000010001a4c       0x18 ADS131M02_serial/CMakeFiles/ADS131M02_serial.dir/home/ben/Desktop/HURC/pico/pico-sdk/src/rp2_common/hardware_timer/timer.c.obj
                0x0000000010001a4c                time_us_64
 .text.busy_wait_until
                0x0000000010001a64       0x28 ADS131M02_serial/CMakeFiles/ADS131M02_serial.dir/home/ben/Desktop/HURC/pico/pico-sdk/src/rp2_common/hardware_timer/timer.c.obj
                0x0000000010001a64                busy_wait_until
 .text.hardware_alarm_set_callback
                0x0000000010001a8c       0x90 ADS131M02_serial/CMakeFiles/ADS131M02_serial.dir/home/ben/Desktop/HURC/pico/pico-sdk/src/rp2_common/hardware_timer/timer.c.obj
                0x0000000010001a8c                hardware_alarm_set_callback
 .text.hardware_alarm_set_target
                0x0000000010001b1c       0xe8 ADS131M02_serial/CMakeFiles/ADS131M02_serial.dir/home/ben/Desktop/HURC/pico/pico-sdk/src/rp2_common/hardware_timer/timer.c.obj
                0x0000000010001b1c                hardware_alarm_set_target
 .text.hardware_alarm_cancel
                0x0000000010001c04       0x40 ADS131M02_serial/CMakeFiles/ADS131M02_serial.dir/home/ben/Desktop/HURC/pico/pico-sdk/src/rp2_common/hardware_timer/timer.c.obj
                0x0000000010001c04                hardware_alarm_cancel
 .text.ph_add_child_node
                0x0000000010001c44       0xa4 ADS131M02_serial/CMakeFiles/ADS131M02_serial.dir/home/ben/Desktop/HURC/pico/pico-sdk/src/common/pico_util/pheap.c.obj
 .text.ph_merge_nodes
                0x0000000010001ce8       0x3e ADS131M02_serial/CMakeFiles/ADS131M02_serial.dir/home/ben/Desktop/HURC/pico/pico-sdk/src/common/pico_util/pheap.c.obj
 *fill*         0x0000000010001d26        0x2 
 .text.ph_clear
                0x0000000010001d28       0x70 ADS131M02_serial/CMakeFiles/ADS131M02_serial.dir/home/ben/Desktop/HURC/pico/pico-sdk/src/common/pico_util/pheap.c.obj
                0x0000000010001d28                ph_clear
 .text.ph_post_alloc_init
                0x0000000010001d98        0xe ADS131M02_serial/CMakeFiles/ADS131M02_serial.dir/home/ben/Desktop/HURC/pico/pico-sdk/src/common/pico_util/pheap.c.obj
                0x0000000010001d98                ph_post_alloc_init
 *fill*         0x0000000010001da6        0x2 
 .text.ph_merge_two_pass
                0x0000000010001da8       0xa8 ADS131M02_serial/CMakeFiles/ADS131M02_serial.dir/home/ben/Desktop/HURC/pico/pico-sdk/src/common/pico_util/pheap.c.obj
                0x0000000010001da8                ph_merge_two_pass
 .text.ph_remove_any_head
                0x0000000010001e50      0x128 ADS131M02_serial/CMakeFiles/ADS131M02_serial.dir/home/ben/Desktop/HURC/pico/pico-sdk/src/common/pico_util/pheap.c.obj
 .text.ph_remove_head
                0x0000000010001f78       0x14 ADS131M02_serial/CMakeFiles/ADS131M02_serial.dir/home/ben/Desktop/HURC/pico/pico-sdk/src/common/pico_util/pheap.c.obj
                0x0000000010001f78                ph_remove_head
 .text.ph_remove_and_free_node
                0x0000000010001f8c       0xf8 ADS131M02_serial/CMakeFiles/ADS131M02_serial.dir/home/ben/Desktop/HURC/pico/pico-sdk/src/common/pico_util/pheap.c.obj
                0x0000000010001f8c                ph_remove_and_free_node
 .text.clock_configure
                0x0000000010002084      0x104 ADS131M02_serial/CMakeFiles/ADS131M02_serial.dir/home/ben/Desktop/HURC/pico/pico-sdk/src/rp2_common/hardware_clocks/clocks.c.obj
                0x0000000010002084                clock_configure
 .text.clocks_init
                0x0000000010002188      0x100 ADS131M02_serial/CMakeFiles/ADS131M02_serial.dir/home/ben/Desktop/HURC/pico/pico-sdk/src/rp2_common/hardware_clocks/clocks.c.obj
                0x0000000010002188                clocks_init
 .text.clock_get_hz
                0x0000000010002288        0xc ADS131M02_serial/CMakeFiles/ADS131M02_serial.dir/home/ben/Desktop/HURC/pico/pico-sdk/src/rp2_common/hardware_clocks/clocks.c.obj
                0x0000000010002288                clock_get_hz
 .text.pll_init
                0x0000000010002294      0x12c ADS131M02_serial/CMakeFiles/ADS131M02_serial.dir/home/ben/Desktop/HURC/pico/pico-sdk/src/rp2_common/hardware_pll/pll.c.obj
                0x0000000010002294                pll_init
 .text.watchdog_start_tick
                0x00000000100023c0       0x10 ADS131M02_serial/CMakeFiles/ADS131M02_serial.dir/home/ben/Desktop/HURC/pico/pico-sdk/src/rp2_common/hardware_watchdog/watchdog.c.obj
                0x00000000100023c0                watchdog_start_tick
 .text.watchdog_update
                0x00000000100023d0       0x14 ADS131M02_serial/CMakeFiles/ADS131M02_serial.dir/home/ben/Desktop/HURC/pico/pico-sdk/src/rp2_common/hardware_watchdog/watchdog.c.obj
                0x00000000100023d0                watchdog_update
 .text._watchdog_enable
                0x00000000100023e4       0x78 ADS131M02_serial/CMakeFiles/ADS131M02_serial.dir/home/ben/Desktop/HURC/pico/pico-sdk/src/rp2_common/hardware_watchdog/watchdog.c.obj
                0x00000000100023e4                _watchdog_enable
 .text.watchdog_reboot
                0x000000001000245c       0x48 ADS131M02_serial/CMakeFiles/ADS131M02_serial.dir/home/ben/Desktop/HURC/pico/pico-sdk/src/rp2_common/hardware_watchdog/watchdog.c.obj
                0x000000001000245c                watchdog_reboot
 .text.xosc_init
                0x00000000100024a4       0x28 ADS131M02_serial/CMakeFiles/ADS131M02_serial.dir/home/ben/Desktop/HURC/pico/pico-sdk/src/rp2_common/hardware_xosc/xosc.c.obj
                0x00000000100024a4                xosc_init
 .text._exit    0x00000000100024cc        0x4 ADS131M02_serial/CMakeFiles/ADS131M02_serial.dir/home/ben/Desktop/HURC/pico/pico-sdk/src/rp2_common/pico_runtime/runtime.c.obj
                0x00000000100024cc                _exit
 .text.exit     0x00000000100024d0        0x6 ADS131M02_serial/CMakeFiles/ADS131M02_serial.dir/home/ben/Desktop/HURC/pico/pico-sdk/src/rp2_common/pico_runtime/runtime.c.obj
                0x00000000100024d0                exit
 *fill*         0x00000000100024d6        0x2 
 .text.__assert_func
                0x00000000100024d8       0x3c ADS131M02_serial/CMakeFiles/ADS131M02_serial.dir/home/ben/Desktop/HURC/pico/pico-sdk/src/rp2_common/pico_runtime/runtime.c.obj
                0x00000000100024d8                __assert_func
 .text.runtime_init
                0x0000000010002514       0xf8 ADS131M02_serial/CMakeFiles/ADS131M02_serial.dir/home/ben/Desktop/HURC/pico/pico-sdk/src/rp2_common/pico_runtime/runtime.c.obj
                0x0000000010002514                runtime_init
 .text.panic    0x000000001000260c       0x30 ADS131M02_serial/CMakeFiles/ADS131M02_serial.dir/home/ben/Desktop/HURC/pico/pico-sdk/src/rp2_common/pico_runtime/runtime.c.obj
                0x000000001000260c                panic
 .text._out_null
                0x000000001000263c        0x2 ADS131M02_serial/CMakeFiles/ADS131M02_serial.dir/home/ben/Desktop/HURC/pico/pico-sdk/src/rp2_common/pico_printf/printf.c.obj
 .text._out_fct
                0x000000001000263e        0xe ADS131M02_serial/CMakeFiles/ADS131M02_serial.dir/home/ben/Desktop/HURC/pico/pico-sdk/src/rp2_common/pico_printf/printf.c.obj
 .text._atoi    0x000000001000264c       0x24 ADS131M02_serial/CMakeFiles/ADS131M02_serial.dir/home/ben/Desktop/HURC/pico/pico-sdk/src/rp2_common/pico_printf/printf.c.obj
 .text._out_rev
                0x0000000010002670       0xae ADS131M02_serial/CMakeFiles/ADS131M02_serial.dir/home/ben/Desktop/HURC/pico/pico-sdk/src/rp2_common/pico_printf/printf.c.obj
 .text._ntoa_format
                0x000000001000271e      0x112 ADS131M02_serial/CMakeFiles/ADS131M02_serial.dir/home/ben/Desktop/HURC/pico/pico-sdk/src/rp2_common/pico_printf/printf.c.obj
 .text._ntoa_long
                0x0000000010002830       0xbc ADS131M02_serial/CMakeFiles/ADS131M02_serial.dir/home/ben/Desktop/HURC/pico/pico-sdk/src/rp2_common/pico_printf/printf.c.obj
 .text._ntoa_long_long
                0x00000000100028ec       0xe2 ADS131M02_serial/CMakeFiles/ADS131M02_serial.dir/home/ben/Desktop/HURC/pico/pico-sdk/src/rp2_common/pico_printf/printf.c.obj
 *fill*         0x00000000100029ce        0x2 
 .text._etoa    0x00000000100029d0      0x414 ADS131M02_serial/CMakeFiles/ADS131M02_serial.dir/home/ben/Desktop/HURC/pico/pico-sdk/src/rp2_common/pico_printf/printf.c.obj
 .text._ftoa    0x0000000010002de4      0x354 ADS131M02_serial/CMakeFiles/ADS131M02_serial.dir/home/ben/Desktop/HURC/pico/pico-sdk/src/rp2_common/pico_printf/printf.c.obj
 .text._vsnprintf
                0x0000000010003138      0x624 ADS131M02_serial/CMakeFiles/ADS131M02_serial.dir/home/ben/Desktop/HURC/pico/pico-sdk/src/rp2_common/pico_printf/printf.c.obj
 .text.vfctprintf
                0x000000001000375c       0x20 ADS131M02_serial/CMakeFiles/ADS131M02_serial.dir/home/ben/Desktop/HURC/pico/pico-sdk/src/rp2_common/pico_printf/printf.c.obj
                0x000000001000375c                vfctprintf
 .text          0x000000001000377c       0x10 ADS131M02_serial/CMakeFiles/ADS131M02_serial.dir/home/ben/Desktop/HURC/pico/pico-sdk/src/rp2_common/pico_bit_ops/bit_ops_aeabi.S.obj
 .text.rom_func_lookup
                0x000000001000378c       0x10 ADS131M02_serial/CMakeFiles/ADS131M02_serial.dir/home/ben/Desktop/HURC/pico/pico-sdk/src/rp2_common/pico_bootrom/bootrom.c.obj
                0x000000001000378c                rom_func_lookup
 .text.rom_data_lookup
                0x000000001000379c       0x10 ADS131M02_serial/CMakeFiles/ADS131M02_serial.dir/home/ben/Desktop/HURC/pico/pico-sdk/src/rp2_common/pico_bootrom/bootrom.c.obj
                0x000000001000379c                rom_data_lookup
 .text.rom_funcs_lookup
                0x00000000100037ac       0x36 ADS131M02_serial/CMakeFiles/ADS131M02_serial.dir/home/ben/Desktop/HURC/pico/pico-sdk/src/rp2_common/pico_bootrom/bootrom.c.obj
                0x00000000100037ac                rom_funcs_lookup
 *fill*         0x00000000100037e2        0x2 
 .text.__wrap___aeabi_idiv
                0x00000000100037e4       0x50 ADS131M02_serial/CMakeFiles/ADS131M02_serial.dir/home/ben/Desktop/HURC/pico/pico-sdk/src/rp2_common/pico_divider/divider.S.obj
                0x00000000100037e4                __wrap___aeabi_idivmod
                0x00000000100037e4                divmod_s32s32
                0x00000000100037e4                div_s32s32
                0x00000000100037e4                __wrap___aeabi_idiv
                0x00000000100037ec                divmod_s32s32_unsafe
                0x0000000010003818                divmod_s32s32_savestate
 .text.__wrap___aeabi_uidiv
                0x0000000010003834       0x4c ADS131M02_serial/CMakeFiles/ADS131M02_serial.dir/home/ben/Desktop/HURC/pico/pico-sdk/src/rp2_common/pico_divider/divider.S.obj
                0x0000000010003834                __wrap___aeabi_uidiv
                0x0000000010003834                __wrap___aeabi_uidivmod
                0x0000000010003834                div_u32u32
                0x0000000010003834                divmod_u32u32
                0x000000001000383c                divmod_u32u32_unsafe
                0x0000000010003864                divmod_u32u32_savestate
 .text.__wrap___aeabi_ldiv
                0x0000000010003880      0x424 ADS131M02_serial/CMakeFiles/ADS131M02_serial.dir/home/ben/Desktop/HURC/pico/pico-sdk/src/rp2_common/pico_divider/divider.S.obj
                0x0000000010003880                div_s64s64
                0x0000000010003880                divmod_s64s64
                0x0000000010003880                __wrap___aeabi_ldivmod
                0x00000000100038b0                div_u64u64
                0x00000000100038b0                divmod_u64u64
                0x00000000100038b0                __wrap___aeabi_uldivmod
                0x00000000100038c0                divmod_u64u64_savestate
                0x00000000100038e0                divmod_s64s64_unsafe
                0x0000000010003968                divmod_u64u64_unsafe
 .text.__wrap___aeabi_darithmetic
                0x0000000010003ca4       0x80 ADS131M02_serial/CMakeFiles/ADS131M02_serial.dir/home/ben/Desktop/HURC/pico/pico-sdk/src/rp2_common/pico_double/double_aeabi.S.obj
                0x0000000010003ca4                __wrap___aeabi_drsub
                0x0000000010003caa                __wrap___aeabi_dsub
                0x0000000010003cbc                __wrap___aeabi_dadd
                0x0000000010003cce                __wrap___aeabi_ddiv
                0x0000000010003d0a                __wrap___aeabi_dmul
 .text.__wrap___aeabi_cdcmple
                0x0000000010003d24       0x6c ADS131M02_serial/CMakeFiles/ADS131M02_serial.dir/home/ben/Desktop/HURC/pico/pico-sdk/src/rp2_common/pico_double/double_aeabi.S.obj
                0x0000000010003d24                __wrap___aeabi_cdrcmple
                0x0000000010003d34                __wrap___aeabi_cdcmple
                0x0000000010003d34                __wrap___aeabi_cdcmpeq
 .text.__wrap___aeabi_dcmplt
                0x0000000010003d90        0xc ADS131M02_serial/CMakeFiles/ADS131M02_serial.dir/home/ben/Desktop/HURC/pico/pico-sdk/src/rp2_common/pico_double/double_aeabi.S.obj
                0x0000000010003d90                __wrap___aeabi_dcmplt
 .text.__wrap___aeabi_dcmple
                0x0000000010003d9c       0x10 ADS131M02_serial/CMakeFiles/ADS131M02_serial.dir/home/ben/Desktop/HURC/pico/pico-sdk/src/rp2_common/pico_double/double_aeabi.S.obj
                0x0000000010003d9c                __wrap___aeabi_dcmple
 .text.__wrap___aeabi_dcmpge
                0x0000000010003dac       0x10 ADS131M02_serial/CMakeFiles/ADS131M02_serial.dir/home/ben/Desktop/HURC/pico/pico-sdk/src/rp2_common/pico_double/double_aeabi.S.obj
                0x0000000010003dac                __wrap___aeabi_dcmpge
 .text.__wrap___aeabi_dcmpgt
                0x0000000010003dbc        0xa ADS131M02_serial/CMakeFiles/ADS131M02_serial.dir/home/ben/Desktop/HURC/pico/pico-sdk/src/rp2_common/pico_double/double_aeabi.S.obj
                0x0000000010003dbc                __wrap___aeabi_dcmpgt
 .text.__wrap___aeabi_dcmpun
                0x0000000010003dc6       0x1c ADS131M02_serial/CMakeFiles/ADS131M02_serial.dir/home/ben/Desktop/HURC/pico/pico-sdk/src/rp2_common/pico_double/double_aeabi.S.obj
                0x0000000010003dc6                __wrap___aeabi_dcmpun
 *fill*         0x0000000010003de2        0x2 
 .text.__wrap___aeabi_i2d
                0x0000000010003de4       0x38 ADS131M02_serial/CMakeFiles/ADS131M02_serial.dir/home/ben/Desktop/HURC/pico/pico-sdk/src/rp2_common/pico_double/double_aeabi.S.obj
                0x0000000010003de4                __wrap___aeabi_ui2d
                0x0000000010003dec                __wrap___aeabi_i2d
 .text.__wrap___aeabi_d2iz
                0x0000000010003e1c       0x48 ADS131M02_serial/CMakeFiles/ADS131M02_serial.dir/home/ben/Desktop/HURC/pico/pico-sdk/src/rp2_common/pico_double/double_aeabi.S.obj
                0x0000000010003e1c                __wrap___aeabi_d2iz
                0x0000000010003e1c                double2int_z
 .text.__wrap___aeabi_d2uiz
                0x0000000010003e64       0x18 ADS131M02_serial/CMakeFiles/ADS131M02_serial.dir/home/ben/Desktop/HURC/pico/pico-sdk/src/rp2_common/pico_double/double_aeabi.S.obj
                0x0000000010003e64                double2uint
                0x0000000010003e64                __wrap___aeabi_d2uiz
 .text.__aeabi_double_init
                0x0000000010003e7c       0xc8 ADS131M02_serial/CMakeFiles/ADS131M02_serial.dir/home/ben/Desktop/HURC/pico/pico-sdk/src/rp2_common/pico_double/double_init_rom.c.obj
                0x0000000010003e7c                __aeabi_double_init
 .text.double_table_shim_on_use_helper
                0x0000000010003f44       0x34 ADS131M02_serial/CMakeFiles/ADS131M02_serial.dir/home/ben/Desktop/HURC/pico/pico-sdk/src/rp2_common/pico_double/double_v1_rom_shim.S.obj
                0x0000000010003f44                double_table_shim_on_use_helper
 .text.__wrap___aeabi_dsub
                0x0000000010003f78       0x10 ADS131M02_serial/CMakeFiles/ADS131M02_serial.dir/home/ben/Desktop/HURC/pico/pico-sdk/src/rp2_common/pico_double/double_v1_rom_shim.S.obj
                0x0000000010003f78                drsub_shim
                0x0000000010003f7e                dsub_shim
 .text.dadd_shim
                0x0000000010003f88      0x15c ADS131M02_serial/CMakeFiles/ADS131M02_serial.dir/home/ben/Desktop/HURC/pico/pico-sdk/src/rp2_common/pico_double/double_v1_rom_shim.S.obj
                0x0000000010003f88                dadd_shim
 .text.dmul_shim
                0x00000000100040e4      0x15c ADS131M02_serial/CMakeFiles/ADS131M02_serial.dir/home/ben/Desktop/HURC/pico/pico-sdk/src/rp2_common/pico_double/double_v1_rom_shim.S.obj
                0x00000000100040e4                dmul_shim
 .text.ddiv_shim
                0x0000000010004240      0x1b0 ADS131M02_serial/CMakeFiles/ADS131M02_serial.dir/home/ben/Desktop/HURC/pico/pico-sdk/src/rp2_common/pico_double/double_v1_rom_shim.S.obj
                0x0000000010004240                ddiv_shim
 .text.double2uint_shim
                0x00000000100043f0        0xe ADS131M02_serial/CMakeFiles/ADS131M02_serial.dir/home/ben/Desktop/HURC/pico/pico-sdk/src/rp2_common/pico_double/double_v1_rom_shim.S.obj
                0x00000000100043f0                double2uint_shim
                0x00000000100043f2                double2ufix_shim
 *fill*         0x00000000100043fe        0x2 
 .text.double2uint64_shim
                0x0000000010004400       0x70 ADS131M02_serial/CMakeFiles/ADS131M02_serial.dir/home/ben/Desktop/HURC/pico/pico-sdk/src/rp2_common/pico_double/double_v1_rom_shim.S.obj
                0x0000000010004400                double2uint64_shim
                0x0000000010004402                double2ufix64_shim
                0x0000000010004422                d2fix_a
 .text.dunpacks
                0x0000000010004470       0x3c ADS131M02_serial/CMakeFiles/ADS131M02_serial.dir/home/ben/Desktop/HURC/pico/pico-sdk/src/rp2_common/pico_double/double_v1_rom_shim.S.obj
                0x0000000010004470                dunpacks
 .text.__aeabi_lmul
                0x00000000100044ac       0x32 ADS131M02_serial/CMakeFiles/ADS131M02_serial.dir/home/ben/Desktop/HURC/pico/pico-sdk/src/rp2_common/pico_int64_ops/pico_int64_ops_aeabi.S.obj
                0x00000000100044ac                __wrap___aeabi_lmul
 *fill*         0x00000000100044de        0x2 
 .text.__wrap___aeabi_farithmetic
                0x00000000100044e0       0x58 ADS131M02_serial/CMakeFiles/ADS131M02_serial.dir/home/ben/Desktop/HURC/pico/pico-sdk/src/rp2_common/pico_float/float_aeabi.S.obj
                0x00000000100044e0                __wrap___aeabi_frsub
                0x00000000100044e6                __wrap___aeabi_fsub
                0x00000000100044f0                __wrap___aeabi_fadd
                0x00000000100044fa                __wrap___aeabi_fdiv
                0x0000000010004526                __wrap___aeabi_fmul
 .text.__wrap___aeabi_ui2f
                0x0000000010004538        0xa ADS131M02_serial/CMakeFiles/ADS131M02_serial.dir/home/ben/Desktop/HURC/pico/pico-sdk/src/rp2_common/pico_float/float_aeabi.S.obj
                0x0000000010004538                __wrap___aeabi_ui2f
 *fill*         0x0000000010004542        0x2 
 .text.__wrap___aeabi_i2f
                0x0000000010004544       0x44 ADS131M02_serial/CMakeFiles/ADS131M02_serial.dir/home/ben/Desktop/HURC/pico/pico-sdk/src/rp2_common/pico_float/float_aeabi.S.obj
                0x0000000010004544                __wrap___aeabi_i2f
 .text.__wrap___aeabi_f2uiz
                0x0000000010004588       0x10 ADS131M02_serial/CMakeFiles/ADS131M02_serial.dir/home/ben/Desktop/HURC/pico/pico-sdk/src/rp2_common/pico_float/float_aeabi.S.obj
                0x0000000010004588                __wrap___aeabi_f2uiz
 .text.__aeabi_float_init
                0x0000000010004598       0xfc ADS131M02_serial/CMakeFiles/ADS131M02_serial.dir/home/ben/Desktop/HURC/pico/pico-sdk/src/rp2_common/pico_float/float_init_rom.c.obj
                0x0000000010004598                __aeabi_float_init
 .text.float_table_shim_on_use_helper
                0x0000000010004694       0x34 ADS131M02_serial/CMakeFiles/ADS131M02_serial.dir/home/ben/Desktop/HURC/pico/pico-sdk/src/rp2_common/pico_float/float_v1_rom_shim.S.obj
                0x0000000010004694                float_table_shim_on_use_helper
 .text          0x00000000100046c8       0x10 ADS131M02_serial/CMakeFiles/ADS131M02_serial.dir/home/ben/Desktop/HURC/pico/pico-sdk/src/rp2_common/pico_mem_ops/mem_ops_aeabi.S.obj
                0x00000000100046c8                __aeabi_mem_init
 .text.memset   0x00000000100046d8        0xc ADS131M02_serial/CMakeFiles/ADS131M02_serial.dir/home/ben/Desktop/HURC/pico/pico-sdk/src/rp2_common/pico_mem_ops/mem_ops_aeabi.S.obj
                0x00000000100046d8                __wrap_memset
 .text.memcpy   0x00000000100046e4        0xc ADS131M02_serial/CMakeFiles/ADS131M02_serial.dir/home/ben/Desktop/HURC/pico/pico-sdk/src/rp2_common/pico_mem_ops/mem_ops_aeabi.S.obj
                0x00000000100046e4                __wrap___aeabi_memcpy
                0x00000000100046e4                __wrap_memcpy
 .text.stdio_out_chars_no_crlf
                0x00000000100046f0        0xe ADS131M02_serial/CMakeFiles/ADS131M02_serial.dir/home/ben/Desktop/HURC/pico/pico-sdk/src/rp2_common/pico_stdio/stdio.c.obj
 *fill*         0x00000000100046fe        0x2 
 .text.stdio_out_chars_crlf
                0x0000000010004700       0x80 ADS131M02_serial/CMakeFiles/ADS131M02_serial.dir/home/ben/Desktop/HURC/pico/pico-sdk/src/rp2_common/pico_stdio/stdio.c.obj
 .text.stdio_stack_buffer_flush
                0x0000000010004780       0x44 ADS131M02_serial/CMakeFiles/ADS131M02_serial.dir/home/ben/Desktop/HURC/pico/pico-sdk/src/rp2_common/pico_stdio/stdio.c.obj
 .text.stdio_buffered_printer
                0x00000000100047c4       0x20 ADS131M02_serial/CMakeFiles/ADS131M02_serial.dir/home/ben/Desktop/HURC/pico/pico-sdk/src/rp2_common/pico_stdio/stdio.c.obj
 .text.stdout_serialize_begin
                0x00000000100047e4       0x5c ADS131M02_serial/CMakeFiles/ADS131M02_serial.dir/home/ben/Desktop/HURC/pico/pico-sdk/src/rp2_common/pico_stdio/stdio.c.obj
                0x00000000100047e4                stdout_serialize_begin
 .text.stdout_serialize_end
                0x0000000010004840       0x10 ADS131M02_serial/CMakeFiles/ADS131M02_serial.dir/home/ben/Desktop/HURC/pico/pico-sdk/src/rp2_common/pico_stdio/stdio.c.obj
                0x0000000010004840                stdout_serialize_end
 .text.stdio_put_string
                0x0000000010004850       0x98 ADS131M02_serial/CMakeFiles/ADS131M02_serial.dir/home/ben/Desktop/HURC/pico/pico-sdk/src/rp2_common/pico_stdio/stdio.c.obj
 .text.stdio_set_driver_enabled
                0x00000000100048e8       0x2c ADS131M02_serial/CMakeFiles/ADS131M02_serial.dir/home/ben/Desktop/HURC/pico/pico-sdk/src/rp2_common/pico_stdio/stdio.c.obj
                0x00000000100048e8                stdio_set_driver_enabled
 .text.stdio_flush
                0x0000000010004914       0x20 ADS131M02_serial/CMakeFiles/ADS131M02_serial.dir/home/ben/Desktop/HURC/pico/pico-sdk/src/rp2_common/pico_stdio/stdio.c.obj
                0x0000000010004914                stdio_flush
 .text.__wrap_puts
                0x0000000010004934       0x1e ADS131M02_serial/CMakeFiles/ADS131M02_serial.dir/home/ben/Desktop/HURC/pico/pico-sdk/src/rp2_common/pico_stdio/stdio.c.obj
                0x0000000010004934                __wrap_puts
 *fill*         0x0000000010004952        0x2 
 .text.__wrap_vprintf
                0x0000000010004954       0x40 ADS131M02_serial/CMakeFiles/ADS131M02_serial.dir/home/ben/Desktop/HURC/pico/pico-sdk/src/rp2_common/pico_stdio/stdio.c.obj
                0x0000000010004954                __wrap_vprintf
 .text.__wrap_printf
                0x0000000010004994       0x18 ADS131M02_serial/CMakeFiles/ADS131M02_serial.dir/home/ben/Desktop/HURC/pico/pico-sdk/src/rp2_common/pico_stdio/stdio.c.obj
                0x0000000010004994                __wrap_printf
 .text.stdio_init_all
                0x00000000100049ac        0x8 ADS131M02_serial/CMakeFiles/ADS131M02_serial.dir/home/ben/Desktop/HURC/pico/pico-sdk/src/rp2_common/pico_stdio/stdio.c.obj
                0x00000000100049ac                stdio_init_all
 .text.resetd_init
                0x00000000100049b4        0x2 ADS131M02_serial/CMakeFiles/ADS131M02_serial.dir/home/ben/Desktop/HURC/pico/pico-sdk/src/rp2_common/pico_stdio_usb/reset_interface.c.obj
 *fill*         0x00000000100049b6        0x2 
 .text.resetd_reset
                0x00000000100049b8        0xc ADS131M02_serial/CMakeFiles/ADS131M02_serial.dir/home/ben/Desktop/HURC/pico/pico-sdk/src/rp2_common/pico_stdio_usb/reset_interface.c.obj
 .text.resetd_open
                0x00000000100049c4       0x34 ADS131M02_serial/CMakeFiles/ADS131M02_serial.dir/home/ben/Desktop/HURC/pico/pico-sdk/src/rp2_common/pico_stdio_usb/reset_interface.c.obj
 .text.resetd_xfer_cb
                0x00000000100049f8        0x4 ADS131M02_serial/CMakeFiles/ADS131M02_serial.dir/home/ben/Desktop/HURC/pico/pico-sdk/src/rp2_common/pico_stdio_usb/reset_interface.c.obj
 .text.reset_usb_boot
                0x00000000100049fc       0x18 ADS131M02_serial/CMakeFiles/ADS131M02_serial.dir/home/ben/Desktop/HURC/pico/pico-sdk/src/rp2_common/pico_stdio_usb/reset_interface.c.obj
 .text.resetd_control_xfer_cb
                0x0000000010004a14       0x5c ADS131M02_serial/CMakeFiles/ADS131M02_serial.dir/home/ben/Desktop/HURC/pico/pico-sdk/src/rp2_common/pico_stdio_usb/reset_interface.c.obj
 .text.usbd_app_driver_get_cb
                0x0000000010004a70        0xc ADS131M02_serial/CMakeFiles/ADS131M02_serial.dir/home/ben/Desktop/HURC/pico/pico-sdk/src/rp2_common/pico_stdio_usb/reset_interface.c.obj
                0x0000000010004a70                usbd_app_driver_get_cb
 .text.tud_cdc_line_coding_cb
                0x0000000010004a7c       0x28 ADS131M02_serial/CMakeFiles/ADS131M02_serial.dir/home/ben/Desktop/HURC/pico/pico-sdk/src/rp2_common/pico_stdio_usb/reset_interface.c.obj
                0x0000000010004a7c                tud_cdc_line_coding_cb
 .text.stdio_usb_set_chars_available_callback
                0x0000000010004aa4       0x14 ADS131M02_serial/CMakeFiles/ADS131M02_serial.dir/home/ben/Desktop/HURC/pico/pico-sdk/src/rp2_common/pico_stdio_usb/stdio_usb.c.obj
                0x0000000010004aa4                stdio_usb_set_chars_available_callback
 .text.usb_irq  0x0000000010004ab8       0x10 ADS131M02_serial/CMakeFiles/ADS131M02_serial.dir/home/ben/Desktop/HURC/pico/pico-sdk/src/rp2_common/pico_stdio_usb/stdio_usb.c.obj
 .text.timer_task
                0x0000000010004ac8       0x58 ADS131M02_serial/CMakeFiles/ADS131M02_serial.dir/home/ben/Desktop/HURC/pico/pico-sdk/src/rp2_common/pico_stdio_usb/stdio_usb.c.obj
 .text.low_priority_worker_irq
                0x0000000010004b20       0xd8 ADS131M02_serial/CMakeFiles/ADS131M02_serial.dir/home/ben/Desktop/HURC/pico/pico-sdk/src/rp2_common/pico_stdio_usb/stdio_usb.c.obj
 .text.tud_cdc_rx_cb
                0x0000000010004bf8       0x20 ADS131M02_serial/CMakeFiles/ADS131M02_serial.dir/home/ben/Desktop/HURC/pico/pico-sdk/src/rp2_common/pico_stdio_usb/stdio_usb.c.obj
                0x0000000010004bf8                tud_cdc_rx_cb
 .text.stdio_usb_init
                0x0000000010004c18      0x12c ADS131M02_serial/CMakeFiles/ADS131M02_serial.dir/home/ben/Desktop/HURC/pico/pico-sdk/src/rp2_common/pico_stdio_usb/stdio_usb.c.obj
                0x0000000010004c18                stdio_usb_init
 .text.stdio_usb_connected
                0x0000000010004d44        0xa ADS131M02_serial/CMakeFiles/ADS131M02_serial.dir/home/ben/Desktop/HURC/pico/pico-sdk/src/rp2_common/pico_stdio_usb/stdio_usb.c.obj
                0x0000000010004d44                stdio_usb_connected
 *fill*         0x0000000010004d4e        0x2 
 .text.stdio_usb_in_chars
                0x0000000010004d50       0xc4 ADS131M02_serial/CMakeFiles/ADS131M02_serial.dir/home/ben/Desktop/HURC/pico/pico-sdk/src/rp2_common/pico_stdio_usb/stdio_usb.c.obj
                0x0000000010004d50                stdio_usb_in_chars
 .text.stdio_usb_out_chars
                0x0000000010004e14      0x114 ADS131M02_serial/CMakeFiles/ADS131M02_serial.dir/home/ben/Desktop/HURC/pico/pico-sdk/src/rp2_common/pico_stdio_usb/stdio_usb.c.obj
 .text.tud_descriptor_device_cb
                0x0000000010004f28        0x8 ADS131M02_serial/CMakeFiles/ADS131M02_serial.dir/home/ben/Desktop/HURC/pico/pico-sdk/src/rp2_common/pico_stdio_usb/stdio_usb_descriptors.c.obj
                0x0000000010004f28                tud_descriptor_device_cb
 .text.tud_descriptor_configuration_cb
                0x0000000010004f30        0x8 ADS131M02_serial/CMakeFiles/ADS131M02_serial.dir/home/ben/Desktop/HURC/pico/pico-sdk/src/rp2_common/pico_stdio_usb/stdio_usb_descriptors.c.obj
                0x0000000010004f30                tud_descriptor_configuration_cb
 .text.tud_descriptor_string_cb
                0x0000000010004f38       0x6c ADS131M02_serial/CMakeFiles/ADS131M02_serial.dir/home/ben/Desktop/HURC/pico/pico-sdk/src/rp2_common/pico_stdio_usb/stdio_usb_descriptors.c.obj
                0x0000000010004f38                tud_descriptor_string_cb
 .text._retrieve_unique_id_on_boot
                0x0000000010004fa4       0x10 ADS131M02_serial/CMakeFiles/ADS131M02_serial.dir/home/ben/Desktop/HURC/pico/pico-sdk/src/rp2_common/pico_unique_id/unique_id.c.obj
 .text.pico_get_unique_board_id_string
                0x0000000010004fb4       0x60 ADS131M02_serial/CMakeFiles/ADS131M02_serial.dir/home/ben/Desktop/HURC/pico/pico-sdk/src/rp2_common/pico_unique_id/unique_id.c.obj
                0x0000000010004fb4                pico_get_unique_board_id_string
 .text.flash_get_unique_id
                0x0000000010005014       0x46 ADS131M02_serial/CMakeFiles/ADS131M02_serial.dir/home/ben/Desktop/HURC/pico/pico-sdk/src/rp2_common/hardware_flash/flash.c.obj
                0x0000000010005014                flash_get_unique_id
 *fill*         0x000000001000505a        0x2 
 .text.hw_endpoint_get_by_addr
                0x000000001000505c       0x18 ADS131M02_serial/CMakeFiles/ADS131M02_serial.dir/home/ben/Desktop/HURC/pico/pico-sdk/lib/tinyusb/src/portable/raspberrypi/rp2040/dcd_rp2040.c.obj
 .text._hw_endpoint_alloc
                0x0000000010005074       0x70 ADS131M02_serial/CMakeFiles/ADS131M02_serial.dir/home/ben/Desktop/HURC/pico/pico-sdk/lib/tinyusb/src/portable/raspberrypi/rp2040/dcd_rp2040.c.obj
 .text.hw_endpoint_init
                0x00000000100050e4       0x88 ADS131M02_serial/CMakeFiles/ADS131M02_serial.dir/home/ben/Desktop/HURC/pico/pico-sdk/lib/tinyusb/src/portable/raspberrypi/rp2040/dcd_rp2040.c.obj
 .text.hw_endpoint_xfer
                0x000000001000516c       0x14 ADS131M02_serial/CMakeFiles/ADS131M02_serial.dir/home/ben/Desktop/HURC/pico/pico-sdk/lib/tinyusb/src/portable/raspberrypi/rp2040/dcd_rp2040.c.obj
 .text.dcd_int_enable
                0x0000000010005180       0x2c ADS131M02_serial/CMakeFiles/ADS131M02_serial.dir/home/ben/Desktop/HURC/pico/pico-sdk/lib/tinyusb/src/portable/raspberrypi/rp2040/dcd_rp2040.c.obj
                0x0000000010005180                dcd_int_enable
 .text.dcd_set_address
                0x00000000100051ac       0x2c ADS131M02_serial/CMakeFiles/ADS131M02_serial.dir/home/ben/Desktop/HURC/pico/pico-sdk/lib/tinyusb/src/portable/raspberrypi/rp2040/dcd_rp2040.c.obj
                0x00000000100051ac                dcd_set_address
 .text.dcd_connect
                0x00000000100051d8       0x10 ADS131M02_serial/CMakeFiles/ADS131M02_serial.dir/home/ben/Desktop/HURC/pico/pico-sdk/lib/tinyusb/src/portable/raspberrypi/rp2040/dcd_rp2040.c.obj
                0x00000000100051d8                dcd_connect
 .text.dcd_init
                0x00000000100051e8       0x80 ADS131M02_serial/CMakeFiles/ADS131M02_serial.dir/home/ben/Desktop/HURC/pico/pico-sdk/lib/tinyusb/src/portable/raspberrypi/rp2040/dcd_rp2040.c.obj
                0x00000000100051e8                dcd_init
 .text.dcd_edpt0_status_complete
                0x0000000010005268       0x1c ADS131M02_serial/CMakeFiles/ADS131M02_serial.dir/home/ben/Desktop/HURC/pico/pico-sdk/lib/tinyusb/src/portable/raspberrypi/rp2040/dcd_rp2040.c.obj
                0x0000000010005268                dcd_edpt0_status_complete
 .text.dcd_edpt_open
                0x0000000010005284       0x40 ADS131M02_serial/CMakeFiles/ADS131M02_serial.dir/home/ben/Desktop/HURC/pico/pico-sdk/lib/tinyusb/src/portable/raspberrypi/rp2040/dcd_rp2040.c.obj
                0x0000000010005284                dcd_edpt_open
 .text.dcd_edpt_close_all
                0x00000000100052c4        0x8 ADS131M02_serial/CMakeFiles/ADS131M02_serial.dir/home/ben/Desktop/HURC/pico/pico-sdk/lib/tinyusb/src/portable/raspberrypi/rp2040/dcd_rp2040.c.obj
                0x00000000100052c4                dcd_edpt_close_all
 .text.dcd_edpt_xfer
                0x00000000100052cc       0x34 ADS131M02_serial/CMakeFiles/ADS131M02_serial.dir/home/ben/Desktop/HURC/pico/pico-sdk/lib/tinyusb/src/portable/raspberrypi/rp2040/dcd_rp2040.c.obj
                0x00000000100052cc                dcd_edpt_xfer
 .text.dcd_edpt_stall
                0x0000000010005300       0x2c ADS131M02_serial/CMakeFiles/ADS131M02_serial.dir/home/ben/Desktop/HURC/pico/pico-sdk/lib/tinyusb/src/portable/raspberrypi/rp2040/dcd_rp2040.c.obj
                0x0000000010005300                dcd_edpt_stall
 .text.dcd_edpt_clear_stall
                0x000000001000532c       0x20 ADS131M02_serial/CMakeFiles/ADS131M02_serial.dir/home/ben/Desktop/HURC/pico/pico-sdk/lib/tinyusb/src/portable/raspberrypi/rp2040/dcd_rp2040.c.obj
                0x000000001000532c                dcd_edpt_clear_stall
 .text.rp2040_usb_init
                0x000000001000534c       0x4c ADS131M02_serial/CMakeFiles/ADS131M02_serial.dir/home/ben/Desktop/HURC/pico/pico-sdk/lib/tinyusb/src/portable/raspberrypi/rp2040/rp2040_usb.c.obj
                0x000000001000534c                rp2040_usb_init
 .text.hw_endpoint_xfer_start
                0x0000000010005398       0x50 ADS131M02_serial/CMakeFiles/ADS131M02_serial.dir/home/ben/Desktop/HURC/pico/pico-sdk/lib/tinyusb/src/portable/raspberrypi/rp2040/rp2040_usb.c.obj
                0x0000000010005398                hw_endpoint_xfer_start
 .text.configuration_reset
                0x00000000100053e8       0x84 ADS131M02_serial/CMakeFiles/ADS131M02_serial.dir/home/ben/Desktop/HURC/pico/pico-sdk/lib/tinyusb/src/device/usbd.c.obj
 .text.usbd_reset
                0x000000001000546c        0xc ADS131M02_serial/CMakeFiles/ADS131M02_serial.dir/home/ben/Desktop/HURC/pico/pico-sdk/lib/tinyusb/src/device/usbd.c.obj
 .text.invoke_class_control
                0x0000000010005478       0x1a ADS131M02_serial/CMakeFiles/ADS131M02_serial.dir/home/ben/Desktop/HURC/pico/pico-sdk/lib/tinyusb/src/device/usbd.c.obj
 *fill*         0x0000000010005492        0x2 
 .text.process_set_config
                0x0000000010005494      0x178 ADS131M02_serial/CMakeFiles/ADS131M02_serial.dir/home/ben/Desktop/HURC/pico/pico-sdk/lib/tinyusb/src/device/usbd.c.obj
 .text.process_get_descriptor
                0x000000001000560c       0xdc ADS131M02_serial/CMakeFiles/ADS131M02_serial.dir/home/ben/Desktop/HURC/pico/pico-sdk/lib/tinyusb/src/device/usbd.c.obj
 .text.tud_mounted
                0x00000000100056e8       0x10 ADS131M02_serial/CMakeFiles/ADS131M02_serial.dir/home/ben/Desktop/HURC/pico/pico-sdk/lib/tinyusb/src/device/usbd.c.obj
                0x00000000100056e8                tud_mounted
 .text.tud_suspended
                0x00000000100056f8       0x10 ADS131M02_serial/CMakeFiles/ADS131M02_serial.dir/home/ben/Desktop/HURC/pico/pico-sdk/lib/tinyusb/src/device/usbd.c.obj
                0x00000000100056f8                tud_suspended
 .text.tud_inited
                0x0000000010005708       0x14 ADS131M02_serial/CMakeFiles/ADS131M02_serial.dir/home/ben/Desktop/HURC/pico/pico-sdk/lib/tinyusb/src/device/usbd.c.obj
                0x0000000010005708                tud_inited
 .text.tud_init
                0x000000001000571c       0xcc ADS131M02_serial/CMakeFiles/ADS131M02_serial.dir/home/ben/Desktop/HURC/pico/pico-sdk/lib/tinyusb/src/device/usbd.c.obj
                0x000000001000571c                tud_init
 .text.usbd_defer_func
                0x00000000100057e8       0x2a ADS131M02_serial/CMakeFiles/ADS131M02_serial.dir/home/ben/Desktop/HURC/pico/pico-sdk/lib/tinyusb/src/device/usbd.c.obj
                0x00000000100057e8                usbd_defer_func
 *fill*         0x0000000010005812        0x2 
 .text.usbd_edpt_open
                0x0000000010005814       0x34 ADS131M02_serial/CMakeFiles/ADS131M02_serial.dir/home/ben/Desktop/HURC/pico/pico-sdk/lib/tinyusb/src/device/usbd.c.obj
                0x0000000010005814                usbd_edpt_open
 .text.usbd_open_edpt_pair
                0x0000000010005848       0x62 ADS131M02_serial/CMakeFiles/ADS131M02_serial.dir/home/ben/Desktop/HURC/pico/pico-sdk/lib/tinyusb/src/device/usbd.c.obj
                0x0000000010005848                usbd_open_edpt_pair
 *fill*         0x00000000100058aa        0x2 
 .text.usbd_edpt_claim
                0x00000000100058ac       0x28 ADS131M02_serial/CMakeFiles/ADS131M02_serial.dir/home/ben/Desktop/HURC/pico/pico-sdk/lib/tinyusb/src/device/usbd.c.obj
                0x00000000100058ac                usbd_edpt_claim
 .text.usbd_edpt_release
                0x00000000100058d4       0x28 ADS131M02_serial/CMakeFiles/ADS131M02_serial.dir/home/ben/Desktop/HURC/pico/pico-sdk/lib/tinyusb/src/device/usbd.c.obj
                0x00000000100058d4                usbd_edpt_release
 .text.usbd_edpt_xfer
                0x00000000100058fc       0x78 ADS131M02_serial/CMakeFiles/ADS131M02_serial.dir/home/ben/Desktop/HURC/pico/pico-sdk/lib/tinyusb/src/device/usbd.c.obj
                0x00000000100058fc                usbd_edpt_xfer
 .text.usbd_edpt_stall
                0x0000000010005974       0x48 ADS131M02_serial/CMakeFiles/ADS131M02_serial.dir/home/ben/Desktop/HURC/pico/pico-sdk/lib/tinyusb/src/device/usbd.c.obj
                0x0000000010005974                usbd_edpt_stall
 .text.usbd_edpt_clear_stall
                0x00000000100059bc       0x48 ADS131M02_serial/CMakeFiles/ADS131M02_serial.dir/home/ben/Desktop/HURC/pico/pico-sdk/lib/tinyusb/src/device/usbd.c.obj
                0x00000000100059bc                usbd_edpt_clear_stall
 .text.usbd_edpt_stalled
                0x0000000010005a04       0x1c ADS131M02_serial/CMakeFiles/ADS131M02_serial.dir/home/ben/Desktop/HURC/pico/pico-sdk/lib/tinyusb/src/device/usbd.c.obj
                0x0000000010005a04                usbd_edpt_stalled
 .text.process_control_request
                0x0000000010005a20      0x37c ADS131M02_serial/CMakeFiles/ADS131M02_serial.dir/home/ben/Desktop/HURC/pico/pico-sdk/lib/tinyusb/src/device/usbd.c.obj
 .text.tud_task_ext
                0x0000000010005d9c      0x1b4 ADS131M02_serial/CMakeFiles/ADS131M02_serial.dir/home/ben/Desktop/HURC/pico/pico-sdk/lib/tinyusb/src/device/usbd.c.obj
                0x0000000010005d9c                tud_task_ext
 .text._data_stage_xact
                0x0000000010005f50       0x58 ADS131M02_serial/CMakeFiles/ADS131M02_serial.dir/home/ben/Desktop/HURC/pico/pico-sdk/lib/tinyusb/src/device/usbd_control.c.obj
 .text.tud_control_status
                0x0000000010005fa8       0x38 ADS131M02_serial/CMakeFiles/ADS131M02_serial.dir/home/ben/Desktop/HURC/pico/pico-sdk/lib/tinyusb/src/device/usbd_control.c.obj
                0x0000000010005fa8                tud_control_status
 .text.tud_control_xfer
                0x0000000010005fe0       0x74 ADS131M02_serial/CMakeFiles/ADS131M02_serial.dir/home/ben/Desktop/HURC/pico/pico-sdk/lib/tinyusb/src/device/usbd_control.c.obj
                0x0000000010005fe0                tud_control_xfer
 .text.usbd_control_reset
                0x0000000010006054       0x14 ADS131M02_serial/CMakeFiles/ADS131M02_serial.dir/home/ben/Desktop/HURC/pico/pico-sdk/lib/tinyusb/src/device/usbd_control.c.obj
                0x0000000010006054                usbd_control_reset
 .text.usbd_control_set_complete_callback
                0x0000000010006068        0xc ADS131M02_serial/CMakeFiles/ADS131M02_serial.dir/home/ben/Desktop/HURC/pico/pico-sdk/lib/tinyusb/src/device/usbd_control.c.obj
                0x0000000010006068                usbd_control_set_complete_callback
 .text.usbd_control_set_request
                0x0000000010006074       0x1c ADS131M02_serial/CMakeFiles/ADS131M02_serial.dir/home/ben/Desktop/HURC/pico/pico-sdk/lib/tinyusb/src/device/usbd_control.c.obj
                0x0000000010006074                usbd_control_set_request
 .text.usbd_control_xfer_cb
                0x0000000010006090       0xcc ADS131M02_serial/CMakeFiles/ADS131M02_serial.dir/home/ben/Desktop/HURC/pico/pico-sdk/lib/tinyusb/src/device/usbd_control.c.obj
                0x0000000010006090                usbd_control_xfer_cb
 .text._prep_out_transaction
                0x000000001000615c       0x4a ADS131M02_serial/CMakeFiles/ADS131M02_serial.dir/home/ben/Desktop/HURC/pico/pico-sdk/lib/tinyusb/src/class/cdc/cdc_device.c.obj
 *fill*         0x00000000100061a6        0x2 
 .text.tud_cdc_n_connected
                0x00000000100061a8       0x44 ADS131M02_serial/CMakeFiles/ADS131M02_serial.dir/home/ben/Desktop/HURC/pico/pico-sdk/lib/tinyusb/src/class/cdc/cdc_device.c.obj
                0x00000000100061a8                tud_cdc_n_connected
 .text.tud_cdc_n_available
                0x00000000100061ec       0x18 ADS131M02_serial/CMakeFiles/ADS131M02_serial.dir/home/ben/Desktop/HURC/pico/pico-sdk/lib/tinyusb/src/class/cdc/cdc_device.c.obj
                0x00000000100061ec                tud_cdc_n_available
 .text.tud_cdc_n_read
                0x0000000010006204       0x28 ADS131M02_serial/CMakeFiles/ADS131M02_serial.dir/home/ben/Desktop/HURC/pico/pico-sdk/lib/tinyusb/src/class/cdc/cdc_device.c.obj
                0x0000000010006204                tud_cdc_n_read
 .text.tud_cdc_n_write_flush
                0x000000001000622c       0xb8 ADS131M02_serial/CMakeFiles/ADS131M02_serial.dir/home/ben/Desktop/HURC/pico/pico-sdk/lib/tinyusb/src/class/cdc/cdc_device.c.obj
                0x000000001000622c                tud_cdc_n_write_flush
 .text.tud_cdc_n_write
                0x00000000100062e4       0x38 ADS131M02_serial/CMakeFiles/ADS131M02_serial.dir/home/ben/Desktop/HURC/pico/pico-sdk/lib/tinyusb/src/class/cdc/cdc_device.c.obj
                0x00000000100062e4                tud_cdc_n_write
 .text.tud_cdc_n_write_available
                0x000000001000631c       0x1c ADS131M02_serial/CMakeFiles/ADS131M02_serial.dir/home/ben/Desktop/HURC/pico/pico-sdk/lib/tinyusb/src/class/cdc/cdc_device.c.obj
                0x000000001000631c                tud_cdc_n_write_available
 .text.cdcd_init
                0x0000000010006338       0xbc ADS131M02_serial/CMakeFiles/ADS131M02_serial.dir/home/ben/Desktop/HURC/pico/pico-sdk/lib/tinyusb/src/class/cdc/cdc_device.c.obj
                0x0000000010006338                cdcd_init
 .text.cdcd_reset
                0x00000000100063f4       0x44 ADS131M02_serial/CMakeFiles/ADS131M02_serial.dir/home/ben/Desktop/HURC/pico/pico-sdk/lib/tinyusb/src/class/cdc/cdc_device.c.obj
                0x00000000100063f4                cdcd_reset
 .text.cdcd_open
                0x0000000010006438       0xcc ADS131M02_serial/CMakeFiles/ADS131M02_serial.dir/home/ben/Desktop/HURC/pico/pico-sdk/lib/tinyusb/src/class/cdc/cdc_device.c.obj
                0x0000000010006438                cdcd_open
 .text.cdcd_control_xfer_cb
                0x0000000010006504      0x134 ADS131M02_serial/CMakeFiles/ADS131M02_serial.dir/home/ben/Desktop/HURC/pico/pico-sdk/lib/tinyusb/src/class/cdc/cdc_device.c.obj
                0x0000000010006504                cdcd_control_xfer_cb
 .text.cdcd_xfer_cb
                0x0000000010006638      0x130 ADS131M02_serial/CMakeFiles/ADS131M02_serial.dir/home/ben/Desktop/HURC/pico/pico-sdk/lib/tinyusb/src/class/cdc/cdc_device.c.obj
                0x0000000010006638                cdcd_xfer_cb
 .text.tusb_init
                0x0000000010006768        0xa ADS131M02_serial/CMakeFiles/ADS131M02_serial.dir/home/ben/Desktop/HURC/pico/pico-sdk/lib/tinyusb/src/tusb.c.obj
                0x0000000010006768                tusb_init
 .text.tusb_inited
                0x0000000010006772        0xe ADS131M02_serial/CMakeFiles/ADS131M02_serial.dir/home/ben/Desktop/HURC/pico/pico-sdk/lib/tinyusb/src/tusb.c.obj
                0x0000000010006772                tusb_inited
 .text.tu_edpt_claim
                0x0000000010006780       0x50 ADS131M02_serial/CMakeFiles/ADS131M02_serial.dir/home/ben/Desktop/HURC/pico/pico-sdk/lib/tinyusb/src/tusb.c.obj
                0x0000000010006780                tu_edpt_claim
 .text.tu_edpt_release
                0x00000000100067d0       0x3c ADS131M02_serial/CMakeFiles/ADS131M02_serial.dir/home/ben/Desktop/HURC/pico/pico-sdk/lib/tinyusb/src/tusb.c.obj
                0x00000000100067d0                tu_edpt_release
 .text.tu_edpt_validate
                0x000000001000680c       0x78 ADS131M02_serial/CMakeFiles/ADS131M02_serial.dir/home/ben/Desktop/HURC/pico/pico-sdk/lib/tinyusb/src/tusb.c.obj
                0x000000001000680c                tu_edpt_validate
 .text.tu_edpt_bind_driver
                0x0000000010006884       0x26 ADS131M02_serial/CMakeFiles/ADS131M02_serial.dir/home/ben/Desktop/HURC/pico/pico-sdk/lib/tinyusb/src/tusb.c.obj
                0x0000000010006884                tu_edpt_bind_driver
 .text.advance_index
                0x00000000100068aa       0x1a ADS131M02_serial/CMakeFiles/ADS131M02_serial.dir/home/ben/Desktop/HURC/pico/pico-sdk/lib/tinyusb/src/common/tusb_fifo.c.obj
 .text._tu_fifo_peek
                0x00000000100068c4       0x56 ADS131M02_serial/CMakeFiles/ADS131M02_serial.dir/home/ben/Desktop/HURC/pico/pico-sdk/lib/tinyusb/src/common/tusb_fifo.c.obj
 .text._ff_pull_const_addr
                0x000000001000691a       0x4c ADS131M02_serial/CMakeFiles/ADS131M02_serial.dir/home/ben/Desktop/HURC/pico/pico-sdk/lib/tinyusb/src/common/tusb_fifo.c.obj
 .text._ff_pull_n
                0x0000000010006966      0x110 ADS131M02_serial/CMakeFiles/ADS131M02_serial.dir/home/ben/Desktop/HURC/pico/pico-sdk/lib/tinyusb/src/common/tusb_fifo.c.obj
 .text._tu_fifo_peek_n
                0x0000000010006a76       0x6a ADS131M02_serial/CMakeFiles/ADS131M02_serial.dir/home/ben/Desktop/HURC/pico/pico-sdk/lib/tinyusb/src/common/tusb_fifo.c.obj
 .text._tu_fifo_read_n
                0x0000000010006ae0       0x4e ADS131M02_serial/CMakeFiles/ADS131M02_serial.dir/home/ben/Desktop/HURC/pico/pico-sdk/lib/tinyusb/src/common/tusb_fifo.c.obj
 .text._ff_push_const_addr
                0x0000000010006b2e       0x40 ADS131M02_serial/CMakeFiles/ADS131M02_serial.dir/home/ben/Desktop/HURC/pico/pico-sdk/lib/tinyusb/src/common/tusb_fifo.c.obj
 .text._ff_push_n
                0x0000000010006b6e      0x10c ADS131M02_serial/CMakeFiles/ADS131M02_serial.dir/home/ben/Desktop/HURC/pico/pico-sdk/lib/tinyusb/src/common/tusb_fifo.c.obj
 .text._tu_fifo_write_n
                0x0000000010006c7a       0xf0 ADS131M02_serial/CMakeFiles/ADS131M02_serial.dir/home/ben/Desktop/HURC/pico/pico-sdk/lib/tinyusb/src/common/tusb_fifo.c.obj
 .text.tu_fifo_config
                0x0000000010006d6a       0x7c ADS131M02_serial/CMakeFiles/ADS131M02_serial.dir/home/ben/Desktop/HURC/pico/pico-sdk/lib/tinyusb/src/common/tusb_fifo.c.obj
                0x0000000010006d6a                tu_fifo_config
 .text.tu_fifo_count
                0x0000000010006de6       0x2a ADS131M02_serial/CMakeFiles/ADS131M02_serial.dir/home/ben/Desktop/HURC/pico/pico-sdk/lib/tinyusb/src/common/tusb_fifo.c.obj
                0x0000000010006de6                tu_fifo_count
 .text.tu_fifo_empty
                0x0000000010006e10       0x10 ADS131M02_serial/CMakeFiles/ADS131M02_serial.dir/home/ben/Desktop/HURC/pico/pico-sdk/lib/tinyusb/src/common/tusb_fifo.c.obj
                0x0000000010006e10                tu_fifo_empty
 .text.tu_fifo_full
                0x0000000010006e20       0x28 ADS131M02_serial/CMakeFiles/ADS131M02_serial.dir/home/ben/Desktop/HURC/pico/pico-sdk/lib/tinyusb/src/common/tusb_fifo.c.obj
                0x0000000010006e20                tu_fifo_full
 .text.tu_fifo_remaining
                0x0000000010006e48       0x2c ADS131M02_serial/CMakeFiles/ADS131M02_serial.dir/home/ben/Desktop/HURC/pico/pico-sdk/lib/tinyusb/src/common/tusb_fifo.c.obj
                0x0000000010006e48                tu_fifo_remaining
 .text.tu_fifo_read
                0x0000000010006e74       0x42 ADS131M02_serial/CMakeFiles/ADS131M02_serial.dir/home/ben/Desktop/HURC/pico/pico-sdk/lib/tinyusb/src/common/tusb_fifo.c.obj
                0x0000000010006e74                tu_fifo_read
 .text.tu_fifo_read_n
                0x0000000010006eb6        0xa ADS131M02_serial/CMakeFiles/ADS131M02_serial.dir/home/ben/Desktop/HURC/pico/pico-sdk/lib/tinyusb/src/common/tusb_fifo.c.obj
                0x0000000010006eb6                tu_fifo_read_n
 .text.tu_fifo_write
                0x0000000010006ec0       0x64 ADS131M02_serial/CMakeFiles/ADS131M02_serial.dir/home/ben/Desktop/HURC/pico/pico-sdk/lib/tinyusb/src/common/tusb_fifo.c.obj
                0x0000000010006ec0                tu_fifo_write
 .text.tu_fifo_write_n
                0x0000000010006f24        0xa ADS131M02_serial/CMakeFiles/ADS131M02_serial.dir/home/ben/Desktop/HURC/pico/pico-sdk/lib/tinyusb/src/common/tusb_fifo.c.obj
                0x0000000010006f24                tu_fifo_write_n
 .text.tu_fifo_clear
                0x0000000010006f2e       0x3e ADS131M02_serial/CMakeFiles/ADS131M02_serial.dir/home/ben/Desktop/HURC/pico/pico-sdk/lib/tinyusb/src/common/tusb_fifo.c.obj
                0x0000000010006f2e                tu_fifo_clear
 .text.tu_fifo_set_overwritable
                0x0000000010006f6c       0x46 ADS131M02_serial/CMakeFiles/ADS131M02_serial.dir/home/ben/Desktop/HURC/pico/pico-sdk/lib/tinyusb/src/common/tusb_fifo.c.obj
                0x0000000010006f6c                tu_fifo_set_overwritable
 .text.spi_set_baudrate
                0x0000000010006fb2       0x92 ADS131M02_serial/CMakeFiles/ADS131M02_serial.dir/home/ben/Desktop/HURC/pico/pico-sdk/src/rp2_common/hardware_spi/spi.c.obj
                0x0000000010006fb2                spi_set_baudrate
 .text.spi_init
                0x0000000010007044       0x68 ADS131M02_serial/CMakeFiles/ADS131M02_serial.dir/home/ben/Desktop/HURC/pico/pico-sdk/src/rp2_common/hardware_spi/spi.c.obj
                0x0000000010007044                spi_init
 .text._pio_can_add_program_at_offset
                0x00000000100070ac       0x3c ADS131M02_serial/CMakeFiles/ADS131M02_serial.dir/home/ben/Desktop/HURC/pico/pico-sdk/src/rp2_common/hardware_pio/pio.c.obj
 .text._pio_find_offset_for_program
                0x00000000100070e8       0x7c ADS131M02_serial/CMakeFiles/ADS131M02_serial.dir/home/ben/Desktop/HURC/pico/pico-sdk/src/rp2_common/hardware_pio/pio.c.obj
 .text._pio_add_program_at_offset
                0x0000000010007164       0x78 ADS131M02_serial/CMakeFiles/ADS131M02_serial.dir/home/ben/Desktop/HURC/pico/pico-sdk/src/rp2_common/hardware_pio/pio.c.obj
 .text.pio_add_program
                0x00000000100071dc       0x38 ADS131M02_serial/CMakeFiles/ADS131M02_serial.dir/home/ben/Desktop/HURC/pico/pico-sdk/src/rp2_common/hardware_pio/pio.c.obj
                0x00000000100071dc                pio_add_program
 .text.pio_sm_set_consecutive_pindirs
                0x0000000010007214       0xa4 ADS131M02_serial/CMakeFiles/ADS131M02_serial.dir/home/ben/Desktop/HURC/pico/pico-sdk/src/rp2_common/hardware_pio/pio.c.obj
                0x0000000010007214                pio_sm_set_consecutive_pindirs
 .text.pio_sm_init
                0x00000000100072b8       0xe4 ADS131M02_serial/CMakeFiles/ADS131M02_serial.dir/home/ben/Desktop/HURC/pico/pico-sdk/src/rp2_common/hardware_pio/pio.c.obj
                0x00000000100072b8                pio_sm_init
 .text          0x000000001000739c       0x5c /usr/lib/gcc/arm-none-eabi/10.3.1/../../../arm-none-eabi/lib/thumb/v6-m/nofp/libg.a(lib_a-strlen-stub.o)
                0x000000001000739c                strlen
 *(.fini)
 .fini          0x00000000100073f8        0x4 /usr/lib/gcc/arm-none-eabi/10.3.1/thumb/v6-m/nofp/crti.o
                0x00000000100073f8                _fini
 *fill*         0x00000000100073fc        0x4 
 .fini.__stub   0x0000000010007400       0xf0 linker stubs
 *crtbegin.o(.ctors)
 *crtbegin?.o(.ctors)
 *(EXCLUDE_FILE(*crtend.o *crtend?.o) .ctors)
 *(SORT_BY_NAME(.ctors.*))
 *(.ctors)
 *crtbegin.o(.dtors)
 *crtbegin?.o(.dtors)
 *(EXCLUDE_FILE(*crtend.o *crtend?.o) .dtors)
 *(SORT_BY_NAME(.dtors.*))
 *(.dtors)
 *(.eh_frame*)
 .eh_frame      0x00000000100074f0        0x0 /usr/lib/gcc/arm-none-eabi/10.3.1/thumb/v6-m/nofp/crtbegin.o
                0x00000000100074f0                . = ALIGN (0x4)

.glue_7         0x00000000100074f0        0x0
 .glue_7        0x00000000100074f0        0x0 linker stubs

.glue_7t        0x00000000100074f0        0x0
 .glue_7t       0x00000000100074f0        0x0 linker stubs

.vfp11_veneer   0x00000000100074f0        0x0
 .vfp11_veneer  0x00000000100074f0        0x0 linker stubs

.v4_bx          0x00000000100074f0        0x0
 .v4_bx         0x00000000100074f0        0x0 linker stubs

.iplt           0x00000000100074f0        0x0
 .iplt          0x00000000100074f0        0x0 /usr/lib/gcc/arm-none-eabi/10.3.1/thumb/v6-m/nofp/crtbegin.o

.rodata         0x00000000100074f0     0x16ec
 *(EXCLUDE_FILE(*libm.a: *libc.a:*lib_a-mem*.o *libgcc.a:) .rodata*)
 .rodata.main.str1.4
                0x00000000100074f0       0x1c ADS131M02_serial/CMakeFiles/ADS131M02_serial.dir/ADS131M02_serial.c.obj
 .rodata.clock_program
                0x000000001000750c        0x6 ADS131M02_serial/CMakeFiles/ADS131M02_serial.dir/ADS131M02_serial.c.obj
 *fill*         0x0000000010007512        0x2 
 .rodata.clock_program_instructions
                0x0000000010007514        0x4 ADS131M02_serial/CMakeFiles/ADS131M02_serial.dir/ADS131M02_serial.c.obj
 .rodata.spin_lock_claim_unused.str1.4
                0x0000000010007518       0x1b ADS131M02_serial/CMakeFiles/ADS131M02_serial.dir/home/ben/Desktop/HURC/pico/pico-sdk/src/rp2_common/hardware_sync/sync.c.obj
 *fill*         0x0000000010007533        0x1 
 .rodata.make_branch.str1.4
                0x0000000010007534       0x77 ADS131M02_serial/CMakeFiles/ADS131M02_serial.dir/home/ben/Desktop/HURC/pico/pico-sdk/src/rp2_common/hardware_irq/irq.c.obj
 *fill*         0x00000000100075ab        0x1 
 .rodata.insert_branch_and_link.str1.4
                0x00000000100075ac       0x10 ADS131M02_serial/CMakeFiles/ADS131M02_serial.dir/home/ben/Desktop/HURC/pico/pico-sdk/src/rp2_common/hardware_irq/irq.c.obj
 .rodata.irq_set_exclusive_handler.str1.4
                0x00000000100075bc       0x36 ADS131M02_serial/CMakeFiles/ADS131M02_serial.dir/home/ben/Desktop/HURC/pico/pico-sdk/src/rp2_common/hardware_irq/irq.c.obj
 *fill*         0x00000000100075f2        0x2 
 .rodata.irq_add_shared_handler.str1.4
                0x00000000100075f4       0xd9 ADS131M02_serial/CMakeFiles/ADS131M02_serial.dir/home/ben/Desktop/HURC/pico/pico-sdk/src/rp2_common/hardware_irq/irq.c.obj
 *fill*         0x00000000100076cd        0x3 
 .rodata.irq_remove_handler.str1.4
                0x00000000100076d0       0x3a ADS131M02_serial/CMakeFiles/ADS131M02_serial.dir/home/ben/Desktop/HURC/pico/pico-sdk/src/rp2_common/hardware_irq/irq.c.obj
 *fill*         0x000000001000770a        0x2 
 .rodata.irq_add_tail_to_free_list.str1.4
                0x000000001000770c       0x3a ADS131M02_serial/CMakeFiles/ADS131M02_serial.dir/home/ben/Desktop/HURC/pico/pico-sdk/src/rp2_common/hardware_irq/irq.c.obj
 *fill*         0x0000000010007746        0x2 
 .rodata.user_irq_claim_unused.str1.4
                0x0000000010007748       0x1b ADS131M02_serial/CMakeFiles/ADS131M02_serial.dir/home/ben/Desktop/HURC/pico/pico-sdk/src/rp2_common/hardware_irq/irq.c.obj
 *fill*         0x0000000010007763        0x1 
 .rodata.__func__.0
                0x0000000010007764       0x1a ADS131M02_serial/CMakeFiles/ADS131M02_serial.dir/home/ben/Desktop/HURC/pico/pico-sdk/src/rp2_common/hardware_irq/irq.c.obj
 *fill*         0x000000001000777e        0x2 
 .rodata.__func__.1
                0x0000000010007780       0x17 ADS131M02_serial/CMakeFiles/ADS131M02_serial.dir/home/ben/Desktop/HURC/pico/pico-sdk/src/rp2_common/hardware_irq/irq.c.obj
 *fill*         0x0000000010007797        0x1 
 .rodata.__func__.2
                0x0000000010007798       0x13 ADS131M02_serial/CMakeFiles/ADS131M02_serial.dir/home/ben/Desktop/HURC/pico/pico-sdk/src/rp2_common/hardware_irq/irq.c.obj
 *fill*         0x00000000100077ab        0x1 
 .rodata.__func__.3
                0x00000000100077ac        0xc ADS131M02_serial/CMakeFiles/ADS131M02_serial.dir/home/ben/Desktop/HURC/pico/pico-sdk/src/rp2_common/hardware_irq/irq.c.obj
 .rodata.__func__.4
                0x00000000100077b8        0xf ADS131M02_serial/CMakeFiles/ADS131M02_serial.dir/home/ben/Desktop/HURC/pico/pico-sdk/src/rp2_common/hardware_irq/irq.c.obj
 *fill*         0x00000000100077c7        0x1 
 .rodata.__func__.5
                0x00000000100077c8       0x17 ADS131M02_serial/CMakeFiles/ADS131M02_serial.dir/home/ben/Desktop/HURC/pico/pico-sdk/src/rp2_common/hardware_irq/irq.c.obj
 *fill*         0x00000000100077df        0x1 
 .rodata.__func__.6
                0x00000000100077e0       0x1a ADS131M02_serial/CMakeFiles/ADS131M02_serial.dir/home/ben/Desktop/HURC/pico/pico-sdk/src/rp2_common/hardware_irq/irq.c.obj
 *fill*         0x00000000100077fa        0x2 
 .rodata.str1.4
                0x00000000100077fc      0x101 ADS131M02_serial/CMakeFiles/ADS131M02_serial.dir/home/ben/Desktop/HURC/pico/pico-sdk/src/common/pico_sync/mutex.c.obj
 *fill*         0x00000000100078fd        0x3 
 .rodata.__func__.1
                0x0000000010007900        0xb ADS131M02_serial/CMakeFiles/ADS131M02_serial.dir/home/ben/Desktop/HURC/pico/pico-sdk/src/common/pico_sync/mutex.c.obj
 *fill*         0x000000001000790b        0x1 
 .rodata.__func__.3
                0x000000001000790c       0x18 ADS131M02_serial/CMakeFiles/ADS131M02_serial.dir/home/ben/Desktop/HURC/pico/pico-sdk/src/common/pico_sync/mutex.c.obj
 .rodata.__func__.4
                0x0000000010007924       0x15 ADS131M02_serial/CMakeFiles/ADS131M02_serial.dir/home/ben/Desktop/HURC/pico/pico-sdk/src/common/pico_sync/mutex.c.obj
 *fill*         0x0000000010007939        0x3 
 .rodata.repeating_timer_callback.str1.4
                0x000000001000793c       0x55 ADS131M02_serial/CMakeFiles/ADS131M02_serial.dir/home/ben/Desktop/HURC/pico/pico-sdk/src/common/pico_time/time.c.obj
 *fill*         0x0000000010007991        0x3 
 .rodata.timer_pool_entry_comparator.str1.4
                0x0000000010007994       0x22 ADS131M02_serial/CMakeFiles/ADS131M02_serial.dir/home/ben/Desktop/HURC/pico/pico-sdk/src/common/pico_time/time.c.obj
 *fill*         0x00000000100079b6        0x2 
 .rodata.ph_add_child_node.str1.4
                0x00000000100079b8       0x9e ADS131M02_serial/CMakeFiles/ADS131M02_serial.dir/home/ben/Desktop/HURC/pico/pico-sdk/src/common/pico_time/time.c.obj
 *fill*         0x0000000010007a56        0x2 
 .rodata.add_alarm_under_lock.str1.4
                0x0000000010007a58       0x28 ADS131M02_serial/CMakeFiles/ADS131M02_serial.dir/home/ben/Desktop/HURC/pico/pico-sdk/src/common/pico_time/time.c.obj
                                         0x2b (size before relaxing)
 .rodata.alarm_pool_alarm_callback.str1.4
                0x0000000010007a80       0x98 ADS131M02_serial/CMakeFiles/ADS131M02_serial.dir/home/ben/Desktop/HURC/pico/pico-sdk/src/common/pico_time/time.c.obj
                                        0x104 (size before relaxing)
 .rodata.alarm_pool_get_default.str1.4
                0x0000000010007b18       0x21 ADS131M02_serial/CMakeFiles/ADS131M02_serial.dir/home/ben/Desktop/HURC/pico/pico-sdk/src/common/pico_time/time.c.obj
 *fill*         0x0000000010007b39        0x3 
 .rodata.alarm_pool_cancel_alarm.str1.4
                0x0000000010007b3c       0x27 ADS131M02_serial/CMakeFiles/ADS131M02_serial.dir/home/ben/Desktop/HURC/pico/pico-sdk/src/common/pico_time/time.c.obj
 *fill*         0x0000000010007b63        0x1 
 .rodata.sleep_until.str1.4
                0x0000000010007b64       0x4d ADS131M02_serial/CMakeFiles/ADS131M02_serial.dir/home/ben/Desktop/HURC/pico/pico-sdk/src/common/pico_time/time.c.obj
 *fill*         0x0000000010007bb1        0x3 
 .rodata.__func__.1
                0x0000000010007bb4       0x18 ADS131M02_serial/CMakeFiles/ADS131M02_serial.dir/home/ben/Desktop/HURC/pico/pico-sdk/src/common/pico_time/time.c.obj
 .rodata.__func__.10
                0x0000000010007bcc       0x15 ADS131M02_serial/CMakeFiles/ADS131M02_serial.dir/home/ben/Desktop/HURC/pico/pico-sdk/src/common/pico_time/time.c.obj
 *fill*         0x0000000010007be1        0x3 
 .rodata.__func__.11
                0x0000000010007be4       0x1a ADS131M02_serial/CMakeFiles/ADS131M02_serial.dir/home/ben/Desktop/HURC/pico/pico-sdk/src/common/pico_time/time.c.obj
 *fill*         0x0000000010007bfe        0x2 
 .rodata.__func__.12
                0x0000000010007c00        0xa ADS131M02_serial/CMakeFiles/ADS131M02_serial.dir/home/ben/Desktop/HURC/pico/pico-sdk/src/common/pico_time/time.c.obj
 *fill*         0x0000000010007c0a        0x2 
 .rodata.__func__.3
                0x0000000010007c0c       0x17 ADS131M02_serial/CMakeFiles/ADS131M02_serial.dir/home/ben/Desktop/HURC/pico/pico-sdk/src/common/pico_time/time.c.obj
 *fill*         0x0000000010007c23        0x1 
 .rodata.__func__.4
                0x0000000010007c24       0x12 ADS131M02_serial/CMakeFiles/ADS131M02_serial.dir/home/ben/Desktop/HURC/pico/pico-sdk/src/common/pico_time/time.c.obj
 *fill*         0x0000000010007c36        0x2 
 .rodata.__func__.5
                0x0000000010007c38        0xd ADS131M02_serial/CMakeFiles/ADS131M02_serial.dir/home/ben/Desktop/HURC/pico/pico-sdk/src/common/pico_time/time.c.obj
 *fill*         0x0000000010007c45        0x3 
 .rodata.__func__.6
                0x0000000010007c48       0x12 ADS131M02_serial/CMakeFiles/ADS131M02_serial.dir/home/ben/Desktop/HURC/pico/pico-sdk/src/common/pico_time/time.c.obj
 *fill*         0x0000000010007c5a        0x2 
 .rodata.__func__.7
                0x0000000010007c5c        0xf ADS131M02_serial/CMakeFiles/ADS131M02_serial.dir/home/ben/Desktop/HURC/pico/pico-sdk/src/common/pico_time/time.c.obj
 *fill*         0x0000000010007c6b        0x1 
 .rodata.__func__.8
                0x0000000010007c6c        0xc ADS131M02_serial/CMakeFiles/ADS131M02_serial.dir/home/ben/Desktop/HURC/pico/pico-sdk/src/common/pico_time/time.c.obj
 .rodata.__func__.9
                0x0000000010007c78       0x15 ADS131M02_serial/CMakeFiles/ADS131M02_serial.dir/home/ben/Desktop/HURC/pico/pico-sdk/src/common/pico_time/time.c.obj
 *fill*         0x0000000010007c8d        0x3 
 .rodata.hardware_alarm_claim.str1.4
                0x0000000010007c90       0x22 ADS131M02_serial/CMakeFiles/ADS131M02_serial.dir/home/ben/Desktop/HURC/pico/pico-sdk/src/rp2_common/hardware_timer/timer.c.obj
 *fill*         0x0000000010007cb2        0x2 
 .rodata.hardware_alarm_set_target.str1.4
                0x0000000010007cb4       0x6f ADS131M02_serial/CMakeFiles/ADS131M02_serial.dir/home/ben/Desktop/HURC/pico/pico-sdk/src/rp2_common/hardware_timer/timer.c.obj
 *fill*         0x0000000010007d23        0x1 
 .rodata.__func__.0
                0x0000000010007d24       0x1a ADS131M02_serial/CMakeFiles/ADS131M02_serial.dir/home/ben/Desktop/HURC/pico/pico-sdk/src/rp2_common/hardware_timer/timer.c.obj
 .rodata.ph_add_child_node.str1.4
                0x0000000010007d3e       0x9e ADS131M02_serial/CMakeFiles/ADS131M02_serial.dir/home/ben/Desktop/HURC/pico/pico-sdk/src/common/pico_util/pheap.c.obj
 *fill*         0x0000000010007d3e        0x2 
 .rodata.ph_remove_any_head.str1.4
                0x0000000010007d40       0x98 ADS131M02_serial/CMakeFiles/ADS131M02_serial.dir/home/ben/Desktop/HURC/pico/pico-sdk/src/common/pico_util/pheap.c.obj
                                         0xac (size before relaxing)
 .rodata.ph_remove_and_free_node.str1.4
                0x0000000010007dd8       0x1e ADS131M02_serial/CMakeFiles/ADS131M02_serial.dir/home/ben/Desktop/HURC/pico/pico-sdk/src/common/pico_util/pheap.c.obj
                                         0x26 (size before relaxing)
 *fill*         0x0000000010007df6        0x2 
 .rodata.__func__.0
                0x0000000010007df8       0x18 ADS131M02_serial/CMakeFiles/ADS131M02_serial.dir/home/ben/Desktop/HURC/pico/pico-sdk/src/common/pico_util/pheap.c.obj
 .rodata.__func__.1
                0x0000000010007e10       0x13 ADS131M02_serial/CMakeFiles/ADS131M02_serial.dir/home/ben/Desktop/HURC/pico/pico-sdk/src/common/pico_util/pheap.c.obj
 *fill*         0x0000000010007e23        0x1 
 .rodata.__func__.2
                0x0000000010007e24       0x12 ADS131M02_serial/CMakeFiles/ADS131M02_serial.dir/home/ben/Desktop/HURC/pico/pico-sdk/src/common/pico_util/pheap.c.obj
 *fill*         0x0000000010007e36        0x2 
 .rodata.__func__.3
                0x0000000010007e38        0xc ADS131M02_serial/CMakeFiles/ADS131M02_serial.dir/home/ben/Desktop/HURC/pico/pico-sdk/src/common/pico_util/pheap.c.obj
 .rodata.clock_configure.str1.4
                0x0000000010007e44       0x61 ADS131M02_serial/CMakeFiles/ADS131M02_serial.dir/home/ben/Desktop/HURC/pico/pico-sdk/src/rp2_common/hardware_clocks/clocks.c.obj
 *fill*         0x0000000010007ea5        0x3 
 .rodata.__func__.1
                0x0000000010007ea8       0x10 ADS131M02_serial/CMakeFiles/ADS131M02_serial.dir/home/ben/Desktop/HURC/pico/pico-sdk/src/rp2_common/hardware_clocks/clocks.c.obj
 .rodata.pll_init.str1.4
                0x0000000010007eb8      0x12b ADS131M02_serial/CMakeFiles/ADS131M02_serial.dir/home/ben/Desktop/HURC/pico/pico-sdk/src/rp2_common/hardware_pll/pll.c.obj
 *fill*         0x0000000010007fe3        0x1 
 .rodata.__func__.0
                0x0000000010007fe4        0x9 ADS131M02_serial/CMakeFiles/ADS131M02_serial.dir/home/ben/Desktop/HURC/pico/pico-sdk/src/rp2_common/hardware_pll/pll.c.obj
 *fill*         0x0000000010007fed        0x3 
 .rodata.__assert_func.str1.4
                0x0000000010007ff0       0x3f ADS131M02_serial/CMakeFiles/ADS131M02_serial.dir/home/ben/Desktop/HURC/pico/pico-sdk/src/rp2_common/pico_runtime/runtime.c.obj
                                         0x43 (size before relaxing)
 *fill*         0x000000001000802f        0x1 
 .rodata.runtime_init.str1.4
                0x0000000010008030       0x6b ADS131M02_serial/CMakeFiles/ADS131M02_serial.dir/home/ben/Desktop/HURC/pico/pico-sdk/src/rp2_common/pico_runtime/runtime.c.obj
 *fill*         0x000000001000809b        0x1 
 .rodata.panic.str1.4
                0x000000001000809c       0x12 ADS131M02_serial/CMakeFiles/ADS131M02_serial.dir/home/ben/Desktop/HURC/pico/pico-sdk/src/rp2_common/pico_runtime/runtime.c.obj
 *fill*         0x00000000100080ae        0x2 
 .rodata.__func__.2
                0x00000000100080b0        0xd ADS131M02_serial/CMakeFiles/ADS131M02_serial.dir/home/ben/Desktop/HURC/pico/pico-sdk/src/rp2_common/pico_runtime/runtime.c.obj
 *fill*         0x00000000100080bd        0x3 
 .rodata._ftoa.str1.4
                0x00000000100080c0       0x15 ADS131M02_serial/CMakeFiles/ADS131M02_serial.dir/home/ben/Desktop/HURC/pico/pico-sdk/src/rp2_common/pico_printf/printf.c.obj
 *fill*         0x00000000100080d5        0x3 
 .rodata._vsnprintf
                0x00000000100080d8      0x1e0 ADS131M02_serial/CMakeFiles/ADS131M02_serial.dir/home/ben/Desktop/HURC/pico/pico-sdk/src/rp2_common/pico_printf/printf.c.obj
 .rodata.pow10.0
                0x00000000100082b8       0x50 ADS131M02_serial/CMakeFiles/ADS131M02_serial.dir/home/ben/Desktop/HURC/pico/pico-sdk/src/rp2_common/pico_printf/printf.c.obj
 .rodata.__aeabi_double_init.str1.4
                0x0000000010008308       0xb2 ADS131M02_serial/CMakeFiles/ADS131M02_serial.dir/home/ben/Desktop/HURC/pico/pico-sdk/src/rp2_common/pico_double/double_init_rom.c.obj
 *fill*         0x00000000100083ba        0x2 
 .rodata.__func__.0
                0x00000000100083bc       0x14 ADS131M02_serial/CMakeFiles/ADS131M02_serial.dir/home/ben/Desktop/HURC/pico/pico-sdk/src/rp2_common/pico_double/double_init_rom.c.obj
 .rodata.__aeabi_float_init.str1.4
                0x00000000100083d0       0x84 ADS131M02_serial/CMakeFiles/ADS131M02_serial.dir/home/ben/Desktop/HURC/pico/pico-sdk/src/rp2_common/pico_float/float_init_rom.c.obj
                                         0x88 (size before relaxing)
 .rodata.__func__.0
                0x0000000010008454       0x13 ADS131M02_serial/CMakeFiles/ADS131M02_serial.dir/home/ben/Desktop/HURC/pico/pico-sdk/src/rp2_common/pico_float/float_init_rom.c.obj
 *fill*         0x0000000010008467        0x1 
 .rodata.str1.4
                0x0000000010008468       0x4c ADS131M02_serial/CMakeFiles/ADS131M02_serial.dir/home/ben/Desktop/HURC/pico/pico-sdk/src/rp2_common/pico_standard_link/binary_info.c.obj
 .rodata.__bi_44
                0x00000000100084b4        0xc ADS131M02_serial/CMakeFiles/ADS131M02_serial.dir/home/ben/Desktop/HURC/pico/pico-sdk/src/rp2_common/pico_standard_link/binary_info.c.obj
 .rodata.__bi_56
                0x00000000100084c0        0xc ADS131M02_serial/CMakeFiles/ADS131M02_serial.dir/home/ben/Desktop/HURC/pico/pico-sdk/src/rp2_common/pico_standard_link/binary_info.c.obj
 .rodata.__bi_75
                0x00000000100084cc        0xc ADS131M02_serial/CMakeFiles/ADS131M02_serial.dir/home/ben/Desktop/HURC/pico/pico-sdk/src/rp2_common/pico_standard_link/binary_info.c.obj
 .rodata.__bi_81
                0x00000000100084d8        0xc ADS131M02_serial/CMakeFiles/ADS131M02_serial.dir/home/ben/Desktop/HURC/pico/pico-sdk/src/rp2_common/pico_standard_link/binary_info.c.obj
 .rodata.stdout_serialize_begin.str1.4
                0x00000000100084e4       0x6b ADS131M02_serial/CMakeFiles/ADS131M02_serial.dir/home/ben/Desktop/HURC/pico/pico-sdk/src/rp2_common/pico_stdio/stdio.c.obj
 .rodata.__func__.3
                0x00000000100084e4       0x15 ADS131M02_serial/CMakeFiles/ADS131M02_serial.dir/home/ben/Desktop/HURC/pico/pico-sdk/src/rp2_common/pico_stdio/stdio.c.obj
 *fill*         0x00000000100084f9        0x3 
 .rodata.crlf_str.2
                0x00000000100084fc        0x2 ADS131M02_serial/CMakeFiles/ADS131M02_serial.dir/home/ben/Desktop/HURC/pico/pico-sdk/src/rp2_common/pico_stdio/stdio.c.obj
 *fill*         0x00000000100084fe        0x2 
 .rodata._resetd_driver
                0x0000000010008500       0x18 ADS131M02_serial/CMakeFiles/ADS131M02_serial.dir/home/ben/Desktop/HURC/pico/pico-sdk/src/rp2_common/pico_stdio_usb/reset_interface.c.obj
 .rodata.low_priority_worker_irq.str1.4
                0x0000000010008518       0x6b ADS131M02_serial/CMakeFiles/ADS131M02_serial.dir/home/ben/Desktop/HURC/pico/pico-sdk/src/rp2_common/pico_stdio_usb/stdio_usb.c.obj
 .rodata.stdio_usb_init.str1.4
                0x0000000010008518       0x4f ADS131M02_serial/CMakeFiles/ADS131M02_serial.dir/home/ben/Desktop/HURC/pico/pico-sdk/src/rp2_common/pico_stdio_usb/stdio_usb.c.obj
                                         0x57 (size before relaxing)
 *fill*         0x0000000010008567        0x1 
 .rodata.str1.4
                0x0000000010008568       0x13 ADS131M02_serial/CMakeFiles/ADS131M02_serial.dir/home/ben/Desktop/HURC/pico/pico-sdk/src/rp2_common/pico_stdio_usb/stdio_usb.c.obj
 *fill*         0x000000001000857b        0x1 
 .rodata.__bi_188.0
                0x000000001000857c        0xc ADS131M02_serial/CMakeFiles/ADS131M02_serial.dir/home/ben/Desktop/HURC/pico/pico-sdk/src/rp2_common/pico_stdio_usb/stdio_usb.c.obj
 .rodata.__func__.1
                0x0000000010008588        0xf ADS131M02_serial/CMakeFiles/ADS131M02_serial.dir/home/ben/Desktop/HURC/pico/pico-sdk/src/rp2_common/pico_stdio_usb/stdio_usb.c.obj
 *fill*         0x0000000010008597        0x1 
 .rodata.__func__.3
                0x0000000010008598       0x15 ADS131M02_serial/CMakeFiles/ADS131M02_serial.dir/home/ben/Desktop/HURC/pico/pico-sdk/src/rp2_common/pico_stdio_usb/stdio_usb.c.obj
 *fill*         0x00000000100085ad        0x3 
 .rodata.str1.4
                0x00000000100085b0       0x2a ADS131M02_serial/CMakeFiles/ADS131M02_serial.dir/home/ben/Desktop/HURC/pico/pico-sdk/src/rp2_common/pico_stdio_usb/stdio_usb_descriptors.c.obj
 *fill*         0x00000000100085da        0x2 
 .rodata.usbd_desc_cfg
                0x00000000100085dc       0x54 ADS131M02_serial/CMakeFiles/ADS131M02_serial.dir/home/ben/Desktop/HURC/pico/pico-sdk/src/rp2_common/pico_stdio_usb/stdio_usb_descriptors.c.obj
 .rodata.usbd_desc_device
                0x0000000010008630       0x12 ADS131M02_serial/CMakeFiles/ADS131M02_serial.dir/home/ben/Desktop/HURC/pico/pico-sdk/src/rp2_common/pico_stdio_usb/stdio_usb_descriptors.c.obj
 *fill*         0x0000000010008642        0x2 
 .rodata.usbd_desc_str
                0x0000000010008644       0x18 ADS131M02_serial/CMakeFiles/ADS131M02_serial.dir/home/ben/Desktop/HURC/pico/pico-sdk/src/rp2_common/pico_stdio_usb/stdio_usb_descriptors.c.obj
 .rodata.pico_get_unique_board_id_string.str1.4
                0x000000001000865c       0x57 ADS131M02_serial/CMakeFiles/ADS131M02_serial.dir/home/ben/Desktop/HURC/pico/pico-sdk/src/rp2_common/pico_unique_id/unique_id.c.obj
 *fill*         0x00000000100086b3        0x1 
 .rodata.__func__.0
                0x00000000100086b4       0x20 ADS131M02_serial/CMakeFiles/ADS131M02_serial.dir/home/ben/Desktop/HURC/pico/pico-sdk/src/rp2_common/pico_unique_id/unique_id.c.obj
 .rodata.str1.4
                0x00000000100086d4      0x162 ADS131M02_serial/CMakeFiles/ADS131M02_serial.dir/home/ben/Desktop/HURC/pico/pico-sdk/src/rp2_common/hardware_flash/flash.c.obj
 *fill*         0x0000000010008836        0x2 
 .rodata.__func__.0
                0x0000000010008838        0xd ADS131M02_serial/CMakeFiles/ADS131M02_serial.dir/home/ben/Desktop/HURC/pico/pico-sdk/src/rp2_common/hardware_flash/flash.c.obj
 *fill*         0x0000000010008845        0x3 
 .rodata._hw_endpoint_alloc.str1.4
                0x0000000010008848       0xc1 ADS131M02_serial/CMakeFiles/ADS131M02_serial.dir/home/ben/Desktop/HURC/pico/pico-sdk/lib/tinyusb/src/portable/raspberrypi/rp2040/dcd_rp2040.c.obj
 *fill*         0x0000000010008909        0x3 
 .rodata.str1.4
                0x000000001000890c       0x14 ADS131M02_serial/CMakeFiles/ADS131M02_serial.dir/home/ben/Desktop/HURC/pico/pico-sdk/lib/tinyusb/src/portable/raspberrypi/rp2040/dcd_rp2040.c.obj
 .rodata.dcd_int_enable.str1.4
                0x0000000010008920        0xc ADS131M02_serial/CMakeFiles/ADS131M02_serial.dir/home/ben/Desktop/HURC/pico/pico-sdk/lib/tinyusb/src/portable/raspberrypi/rp2040/dcd_rp2040.c.obj
 .rodata.__func__.0
                0x000000001000892c        0xe ADS131M02_serial/CMakeFiles/ADS131M02_serial.dir/home/ben/Desktop/HURC/pico/pico-sdk/lib/tinyusb/src/portable/raspberrypi/rp2040/dcd_rp2040.c.obj
 *fill*         0x000000001000893a        0x2 
 .rodata.__func__.1
                0x000000001000893c        0xe ADS131M02_serial/CMakeFiles/ADS131M02_serial.dir/home/ben/Desktop/HURC/pico/pico-sdk/lib/tinyusb/src/portable/raspberrypi/rp2040/dcd_rp2040.c.obj
 *fill*         0x000000001000894a        0x2 
 .rodata.__func__.3
                0x000000001000894c       0x10 ADS131M02_serial/CMakeFiles/ADS131M02_serial.dir/home/ben/Desktop/HURC/pico/pico-sdk/lib/tinyusb/src/portable/raspberrypi/rp2040/dcd_rp2040.c.obj
 .rodata.__func__.5
                0x000000001000895c        0xf ADS131M02_serial/CMakeFiles/ADS131M02_serial.dir/home/ben/Desktop/HURC/pico/pico-sdk/lib/tinyusb/src/portable/raspberrypi/rp2040/dcd_rp2040.c.obj
 *fill*         0x000000001000896b        0x1 
 .rodata.__func__.6
                0x000000001000896c       0x13 ADS131M02_serial/CMakeFiles/ADS131M02_serial.dir/home/ben/Desktop/HURC/pico/pico-sdk/lib/tinyusb/src/portable/raspberrypi/rp2040/dcd_rp2040.c.obj
 *fill*         0x000000001000897f        0x1 
 .rodata.__func__.7