Archive member included to satisfy reference by file (symbol)

/usr/lib/gcc/arm-none-eabi/10.3.1/../../../arm-none-eabi/lib/thumb/v6-m/nofp/libstdc++.a(pure.o)
                              pressure_test_wired/CMakeFiles/pressure_test_wired.dir/Print.cpp.obj (__cxa_pure_virtual)
/usr/lib/gcc/arm-none-eabi/10.3.1/../../../arm-none-eabi/lib/thumb/v6-m/nofp/libstdc++.a(eh_terminate.o)
                              /usr/lib/gcc/arm-none-eabi/10.3.1/../../../arm-none-eabi/lib/thumb/v6-m/nofp/libstdc++.a(pure.o) (std::terminate())
/usr/lib/gcc/arm-none-eabi/10.3.1/../../../arm-none-eabi/lib/thumb/v6-m/nofp/libstdc++.a(eh_unex_handler.o)
                              /usr/lib/gcc/arm-none-eabi/10.3.1/../../../arm-none-eabi/lib/thumb/v6-m/nofp/libstdc++.a(eh_terminate.o) (__cxxabiv1::__unexpected_handler)
/usr/lib/gcc/arm-none-eabi/10.3.1/../../../arm-none-eabi/lib/thumb/v6-m/nofp/libstdc++.a(eh_arm.o)
                              /usr/lib/gcc/arm-none-eabi/10.3.1/../../../arm-none-eabi/lib/thumb/v6-m/nofp/libstdc++.a(eh_terminate.o) (__cxa_end_cleanup)
/usr/lib/gcc/arm-none-eabi/10.3.1/../../../arm-none-eabi/lib/thumb/v6-m/nofp/libstdc++.a(eh_call.o)
                              /usr/lib/gcc/arm-none-eabi/10.3.1/../../../arm-none-eabi/lib/thumb/v6-m/nofp/libstdc++.a(eh_terminate.o) (__cxa_call_unexpected)
/usr/lib/gcc/arm-none-eabi/10.3.1/../../../arm-none-eabi/lib/thumb/v6-m/nofp/libstdc++.a(eh_catch.o)
                              /usr/lib/gcc/arm-none-eabi/10.3.1/../../../arm-none-eabi/lib/thumb/v6-m/nofp/libstdc++.a(eh_terminate.o) (__cxa_begin_catch)
/usr/lib/gcc/arm-none-eabi/10.3.1/../../../arm-none-eabi/lib/thumb/v6-m/nofp/libstdc++.a(eh_exception.o)
                              /usr/lib/gcc/arm-none-eabi/10.3.1/../../../arm-none-eabi/lib/thumb/v6-m/nofp/libstdc++.a(eh_call.o) (std::bad_exception::~bad_exception())
/usr/lib/gcc/arm-none-eabi/10.3.1/../../../arm-none-eabi/lib/thumb/v6-m/nofp/libstdc++.a(eh_globals.o)
                              /usr/lib/gcc/arm-none-eabi/10.3.1/../../../arm-none-eabi/lib/thumb/v6-m/nofp/libstdc++.a(eh_call.o) (__cxa_get_globals_fast)
/usr/lib/gcc/arm-none-eabi/10.3.1/../../../arm-none-eabi/lib/thumb/v6-m/nofp/libstdc++.a(eh_personality.o)
                              /usr/lib/gcc/arm-none-eabi/10.3.1/../../../arm-none-eabi/lib/thumb/v6-m/nofp/libstdc++.a(eh_terminate.o) (__gxx_personality_v0)
/usr/lib/gcc/arm-none-eabi/10.3.1/../../../arm-none-eabi/lib/thumb/v6-m/nofp/libstdc++.a(eh_term_handler.o)
                              /usr/lib/gcc/arm-none-eabi/10.3.1/../../../arm-none-eabi/lib/thumb/v6-m/nofp/libstdc++.a(eh_terminate.o) (__cxxabiv1::__terminate_handler)
/usr/lib/gcc/arm-none-eabi/10.3.1/../../../arm-none-eabi/lib/thumb/v6-m/nofp/libstdc++.a(eh_throw.o)
                              /usr/lib/gcc/arm-none-eabi/10.3.1/../../../arm-none-eabi/lib/thumb/v6-m/nofp/libstdc++.a(eh_call.o) (__cxa_throw)
/usr/lib/gcc/arm-none-eabi/10.3.1/../../../arm-none-eabi/lib/thumb/v6-m/nofp/libstdc++.a(si_class_type_info.o)
                              /usr/lib/gcc/arm-none-eabi/10.3.1/../../../arm-none-eabi/lib/thumb/v6-m/nofp/libstdc++.a(eh_exception.o) (vtable for __cxxabiv1::__si_class_type_info)
/usr/lib/gcc/arm-none-eabi/10.3.1/../../../arm-none-eabi/lib/thumb/v6-m/nofp/libstdc++.a(tinfo.o)
                              /usr/lib/gcc/arm-none-eabi/10.3.1/../../../arm-none-eabi/lib/thumb/v6-m/nofp/libstdc++.a(si_class_type_info.o) (std::type_info::__is_pointer_p() const)
/usr/lib/gcc/arm-none-eabi/10.3.1/../../../arm-none-eabi/lib/thumb/v6-m/nofp/libstdc++.a(class_type_info.o)
                              /usr/lib/gcc/arm-none-eabi/10.3.1/../../../arm-none-eabi/lib/thumb/v6-m/nofp/libstdc++.a(si_class_type_info.o) (__cxxabiv1::__class_type_info::__do_upcast(__cxxabiv1::__class_type_info const*, void**) const)
/usr/lib/gcc/arm-none-eabi/10.3.1/../../../arm-none-eabi/lib/thumb/v6-m/nofp/libstdc++.a(eh_alloc.o)
                              /usr/lib/gcc/arm-none-eabi/10.3.1/../../../arm-none-eabi/lib/thumb/v6-m/nofp/libstdc++.a(eh_call.o) (__cxa_allocate_exception)
/usr/lib/gcc/arm-none-eabi/10.3.1/thumb/v6-m/nofp/libgcc.a(_dvmd_tls.o)
                              pressure_test_wired/CMakeFiles/pressure_test_wired.dir/home/ben/Desktop/HURC/pico/pico-sdk/src/rp2_common/pico_divider/divider.S.obj (__aeabi_idiv0)
/usr/lib/gcc/arm-none-eabi/10.3.1/thumb/v6-m/nofp/libgcc.a(unwind-arm.o)
                              /usr/lib/gcc/arm-none-eabi/10.3.1/../../../arm-none-eabi/lib/thumb/v6-m/nofp/libstdc++.a(eh_arm.o) (__aeabi_unwind_cpp_pr1)
/usr/lib/gcc/arm-none-eabi/10.3.1/thumb/v6-m/nofp/libgcc.a(libunwind.o)
                              /usr/lib/gcc/arm-none-eabi/10.3.1/thumb/v6-m/nofp/libgcc.a(unwind-arm.o) (restore_core_regs)
/usr/lib/gcc/arm-none-eabi/10.3.1/thumb/v6-m/nofp/libgcc.a(pr-support.o)
                              /usr/lib/gcc/arm-none-eabi/10.3.1/thumb/v6-m/nofp/libgcc.a(unwind-arm.o) (__gnu_unwind_execute)
[...]
Memory Configuration

Name             Origin             Length             Attributes
FLASH            0x0000000010000000 0x0000000000200000 xr
RAM              0x0000000020000000 0x0000000000040000 xrw
SCRATCH_X        0x0000000020040000 0x0000000000001000 xrw
SCRATCH_Y        0x0000000020041000 0x0000000000001000 xrw
*default*        0x0000000000000000 0xffffffffffffffff

Linker script and memory map

LOAD /usr/lib/gcc/arm-none-eabi/10.3.1/thumb/v6-m/nofp/crti.o
LOAD /usr/lib/gcc/arm-none-eabi/10.3.1/thumb/v6-m/nofp/crtbegin.o
LOAD /usr/lib/gcc/arm-none-eabi/10.3.1/../../../arm-none-eabi/lib/thumb/v6-m/nofp/crt0.o

.flash_begin    0x0000000010000000        0x0
                0x0000000010000000                __flash_binary_start = .

.boot2          0x0000000010000000      0x100
                0x0000000010000000                __boot2_start__ = .
 *(.boot2)
 .boot2         0x0000000010000000      0x100 /tmp/ccRyfA40.o
                0x0000000010000100                __boot2_end__ = .
                0x0000000000000001                ASSERT (((__boot2_end__ - __boot2_start__) == 0x100), ERROR: Pico second stage bootloader must be 256 bytes in size)

.text           0x0000000010000100     0x96d0
                0x0000000010000100                __logical_binary_start = .
 *(.vectors)
 .vectors       0x0000000010000100       0xd4 pressure_test_wired/CMakeFiles/pressure_test_wired.dir/home/ben/Desktop/HURC/pico/pico-sdk/src/rp2_common/pico_standard_link/crt0.S.obj
                0x0000000010000100                __vectors
                0x0000000010000100                __VECTOR_TABLE
                0x00000000100001c0                isr_invalid
                0x00000000100001c0                __default_isrs_start
                0x00000000100001c2                isr_nmi
                0x00000000100001c4                isr_hardfault
                0x00000000100001c6                isr_svcall
                0x00000000100001c8                isr_pendsv
                0x00000000100001ca                isr_systick
                0x00000000100001cc                isr_irq30
                0x00000000100001cc                __unhandled_user_irq
                0x00000000100001cc                isr_irq13
                0x00000000100001cc                isr_irq27
                0x00000000100001cc                isr_irq31
                0x00000000100001cc                isr_irq5
                0x00000000100001cc                isr_irq11
                0x00000000100001cc                isr_irq23
                0x00000000100001cc                isr_irq18
                0x00000000100001cc                isr_irq28
                0x00000000100001cc                isr_irq19
                0x00000000100001cc                isr_irq0
                0x00000000100001cc                isr_irq6
                0x00000000100001cc                isr_irq22
                0x00000000100001cc                isr_irq17
                0x00000000100001cc                isr_irq14
                0x00000000100001cc                isr_irq2
                0x00000000100001cc                isr_irq10
                0x00000000100001cc                isr_irq8
                0x00000000100001cc                isr_irq24
                0x00000000100001cc                isr_irq1
                0x00000000100001cc                isr_irq7
                0x00000000100001cc                isr_irq21
                0x00000000100001cc                isr_irq20
                0x00000000100001cc                isr_irq15
                0x00000000100001cc                isr_irq25
                0x00000000100001cc                isr_irq4
                0x00000000100001cc                isr_irq16
                0x00000000100001cc                isr_irq29
                0x00000000100001cc                isr_irq26
                0x00000000100001cc                __default_isrs_end
                0x00000000100001cc                isr_irq3
                0x00000000100001cc                isr_irq12
                0x00000000100001cc                isr_irq9
                0x00000000100001d2                unhandled_user_irq_num_in_r0
 *(.binary_info_header)
 .binary_info_header
                0x00000000100001d4       0x14 pressure_test_wired/CMakeFiles/pressure_test_wired.dir/home/ben/Desktop/HURC/pico/pico-sdk/src/rp2_common/pico_standard_link/crt0.S.obj
                0x00000000100001e8                __binary_info_header_end = .
 *(.reset)
 .reset         0x00000000100001e8       0xa0 pressure_test_wired/CMakeFiles/pressure_test_wired.dir/home/ben/Desktop/HURC/pico/pico-sdk/src/rp2_common/pico_standard_link/crt0.S.obj
                0x00000000100001e8                _entry_point
 .reset         0x0000000010000288       0x30 pressure_test_wired/CMakeFiles/pressure_test_wired.dir/home/ben/Desktop/HURC/pico/pico-sdk/src/rp2_common/pico_standard_link/binary_info.c.obj
 *(.init)
 .init          0x00000000100002b8        0x4 /usr/lib/gcc/arm-none-eabi/10.3.1/thumb/v6-m/nofp/crti.o
                0x00000000100002b8                _init
 *(EXCLUDE_FILE(*libm.a: *libc.a:*lib_a-mem*.o *libgcc.a:) .text*)
 .text          0x00000000100002bc       0x98 /usr/lib/gcc/arm-none-eabi/10.3.1/thumb/v6-m/nofp/crtbegin.o
 .text.main     0x0000000010000354      0x200 pressure_test_wired/CMakeFiles/pressure_test_wired.dir/pressure_test_wired.cpp.obj
                0x0000000010000354                main
 .text._Z8mcp0Readj
                0x0000000010000554       0x74 pressure_test_wired/CMakeFiles/pressure_test_wired.dir/mcp_pressure.cpp.obj
                0x0000000010000554                mcp0Read(unsigned int)
 .text._Z13pressure_initv
                0x00000000100005c8       0x50 pressure_test_wired/CMakeFiles/pressure_test_wired.dir/mcp_pressure.cpp.obj
                0x00000000100005c8                pressure_init()
 .text._Z12get_pressureh
                0x0000000010000618       0x4c pressure_test_wired/CMakeFiles/pressure_test_wired.dir/mcp_pressure.cpp.obj
                0x0000000010000618                get_pressure(unsigned char)
 .text._Z13solenoid_initv
                0x0000000010000664       0x3c pressure_test_wired/CMakeFiles/pressure_test_wired.dir/solenoid_control.cpp.obj
                0x0000000010000664                solenoid_init()
 .text._Z12set_solenoid11solenoidPin10valveState
                0x00000000100006a0       0x18 pressure_test_wired/CMakeFiles/pressure_test_wired.dir/solenoid_control.cpp.obj
                0x00000000100006a0                set_solenoid(solenoidPin, valveState)
 .text._Z13ignition_initv
                0x00000000100006b8       0x22 pressure_test_wired/CMakeFiles/pressure_test_wired.dir/ignition_control.cpp.obj
                0x00000000100006b8                ignition_init()
 *fill*         0x00000000100006da        0x2 
 .text._Z12set_ignitionbf
                0x00000000100006dc       0x3c pressure_test_wired/CMakeFiles/pressure_test_wired.dir/ignition_control.cpp.obj
                0x00000000100006dc                set_ignition(bool, float)
 .text._Z12run_ignitionm
                0x0000000010000718       0x38 pressure_test_wired/CMakeFiles/pressure_test_wired.dir/ignition_control.cpp.obj
                0x0000000010000718                run_ignition(unsigned long)
 .text._Z9runAction12sequenceItem
                0x0000000010000750       0x58 pressure_test_wired/CMakeFiles/pressure_test_wired.dir/sequencing.cpp.obj
                0x0000000010000750                runAction(sequenceItem)
 .text._Z11runSequence14actionSequencem
                0x00000000100007a8       0x58 pressure_test_wired/CMakeFiles/pressure_test_wired.dir/sequencing.cpp.obj
                0x00000000100007a8                runSequence(actionSequence, unsigned long)
 .text._ZN5Print17availableForWriteEv
                0x0000000010000800        0x4 pressure_test_wired/CMakeFiles/pressure_test_wired.dir/LoRa-RP2040.cpp.obj
                0x0000000010000800                Print::availableForWrite()
 .text._ZN9LoRaClass5writeEh
                0x0000000010000804       0x18 pressure_test_wired/CMakeFiles/pressure_test_wired.dir/LoRa-RP2040.cpp.obj
                0x0000000010000804                LoRaClass::write(unsigned char)
 .text._ZN9LoRaClass5flushEv
                0x000000001000081c        0x2 pressure_test_wired/CMakeFiles/pressure_test_wired.dir/LoRa-RP2040.cpp.obj
                0x000000001000081c                LoRaClass::flush()
 *fill*         0x000000001000081e        0x2 
 .text._ZN9LoRaClassC2Ev
                0x0000000010000820       0x38 pressure_test_wired/CMakeFiles/pressure_test_wired.dir/LoRa-RP2040.cpp.obj
                0x0000000010000820                LoRaClass::LoRaClass()
                0x0000000010000820                LoRaClass::LoRaClass()
 .text._Z41__static_initialization_and_destruction_0ii
                0x0000000010000858       0x20 pressure_test_wired/CMakeFiles/pressure_test_wired.dir/LoRa-RP2040.cpp.obj
 .text._ZN9LoRaClass14singleTransferEhh
                0x0000000010000878       0x5c pressure_test_wired/CMakeFiles/pressure_test_wired.dir/LoRa-RP2040.cpp.obj
                0x0000000010000878                LoRaClass::singleTransfer(unsigned char, unsigned char)
 .text._ZN9LoRaClass12readRegisterEh
                0x00000000100008d4        0xe pressure_test_wired/CMakeFiles/pressure_test_wired.dir/LoRa-RP2040.cpp.obj
                0x00000000100008d4                LoRaClass::readRegister(unsigned char)
 *fill*         0x00000000100008e2        0x2 
 .text._ZN9LoRaClass10packetRssiEv
                0x00000000100008e4       0x20 pressure_test_wired/CMakeFiles/pressure_test_wired.dir/LoRa-RP2040.cpp.obj
                0x00000000100008e4                LoRaClass::packetRssi()
 .text._ZN9LoRaClass9availableEv
                0x0000000010000904       0x10 pressure_test_wired/CMakeFiles/pressure_test_wired.dir/LoRa-RP2040.cpp.obj
                0x0000000010000904                LoRaClass::available()
 .text._ZN9LoRaClass4readEv
                0x0000000010000914       0x24 pressure_test_wired/CMakeFiles/pressure_test_wired.dir/LoRa-RP2040.cpp.obj
                0x0000000010000914                LoRaClass::read()
 .text._ZN9LoRaClass13writeRegisterEhh
                0x0000000010000938       0x10 pressure_test_wired/CMakeFiles/pressure_test_wired.dir/LoRa-RP2040.cpp.obj
                0x0000000010000938                LoRaClass::writeRegister(unsigned char, unsigned char)
 .text._ZN9LoRaClass5writeEPKhj
                0x0000000010000948       0x48 pressure_test_wired/CMakeFiles/pressure_test_wired.dir/LoRa-RP2040.cpp.obj
                0x0000000010000948                LoRaClass::write(unsigned char const*, unsigned int)
 .text._ZN9LoRaClass4peekEv
                0x0000000010000990       0x36 pressure_test_wired/CMakeFiles/pressure_test_wired.dir/LoRa-RP2040.cpp.obj
                0x0000000010000990                LoRaClass::peek()
 .text._ZN9LoRaClass4idleEv
                0x00000000100009c6        0xc pressure_test_wired/CMakeFiles/pressure_test_wired.dir/LoRa-RP2040.cpp.obj
                0x00000000100009c6                LoRaClass::idle()
 .text._ZN9LoRaClass5sleepEv
                0x00000000100009d2        0xc pressure_test_wired/CMakeFiles/pressure_test_wired.dir/LoRa-RP2040.cpp.obj
                0x00000000100009d2                LoRaClass::sleep()
 *fill*         0x00000000100009de        0x2 
 .text._ZN9LoRaClass12setFrequencyEl
                0x00000000100009e0       0x40 pressure_test_wired/CMakeFiles/pressure_test_wired.dir/LoRa-RP2040.cpp.obj
                0x00000000100009e0                LoRaClass::setFrequency(long)
 .text._ZN9LoRaClass6setOCPEh
                0x0000000010000a20       0x3e pressure_test_wired/CMakeFiles/pressure_test_wired.dir/LoRa-RP2040.cpp.obj
                0x0000000010000a20                LoRaClass::setOCP(unsigned char)
 .text._ZN9LoRaClass10setTxPowerEii
                0x0000000010000a5e       0x78 pressure_test_wired/CMakeFiles/pressure_test_wired.dir/LoRa-RP2040.cpp.obj
                0x0000000010000a5e                LoRaClass::setTxPower(int, int)
 .text._ZN9LoRaClass5beginEl
                0x0000000010000ad6       0xcc pressure_test_wired/CMakeFiles/pressure_test_wired.dir/LoRa-RP2040.cpp.obj
                0x0000000010000ad6                LoRaClass::begin(long)
 .text._ZN9LoRaClass18explicitHeaderModeEv
                0x0000000010000ba2       0x1e pressure_test_wired/CMakeFiles/pressure_test_wired.dir/LoRa-RP2040.cpp.obj
                0x0000000010000ba2                LoRaClass::explicitHeaderMode()
 .text._ZN9LoRaClass18implicitHeaderModeEv
                0x0000000010000bc0       0x1e pressure_test_wired/CMakeFiles/pressure_test_wired.dir/LoRa-RP2040.cpp.obj
                0x0000000010000bc0                LoRaClass::implicitHeaderMode()
 .text._ZN9LoRaClass11parsePacketEi
                0x0000000010000bde       0xaa pressure_test_wired/CMakeFiles/pressure_test_wired.dir/LoRa-RP2040.cpp.obj
                0x0000000010000bde                LoRaClass::parsePacket(int)
 .text._GLOBAL__sub_I__ZN9LoRaClassC2Ev
                0x0000000010000c88       0x10 pressure_test_wired/CMakeFiles/pressure_test_wired.dir/LoRa-RP2040.cpp.obj
 .text._ZN5Print5flushEv
                0x0000000010000c98        0x2 pressure_test_wired/CMakeFiles/pressure_test_wired.dir/Print.cpp.obj
                0x0000000010000c98                Print::flush()
 .text._ZN5Print5writeEPKhj
                0x0000000010000c9a       0x28 pressure_test_wired/CMakeFiles/pressure_test_wired.dir/Print.cpp.obj
                0x0000000010000c9a                Print::write(unsigned char const*, unsigned int)
 *fill*         0x0000000010000cc2        0x2 
 .text.gpio_set_function
                0x0000000010000cc4       0x30 pressure_test_wired/CMakeFiles/pressure_test_wired.dir/home/ben/Desktop/HURC/pico/pico-sdk/src/rp2_common/hardware_gpio/gpio.c.obj
                0x0000000010000cc4                gpio_set_function
 .text.gpio_init
                0x0000000010000cf4       0x16 pressure_test_wired/CMakeFiles/pressure_test_wired.dir/home/ben/Desktop/HURC/pico/pico-sdk/src/rp2_common/hardware_gpio/gpio.c.obj
                0x0000000010000cf4                gpio_init
 *fill*         0x0000000010000d0a        0x2 
 .text.running_on_fpga
                0x0000000010000d0c       0x14 pressure_test_wired/CMakeFiles/pressure_test_wired.dir/home/ben/Desktop/HURC/pico/pico-sdk/src/rp2_common/pico_platform/platform.c.obj
                0x0000000010000d0c                running_on_fpga
 .text.hw_claim_lock
                0x0000000010000d20       0x18 pressure_test_wired/CMakeFiles/pressure_test_wired.dir/home/ben/Desktop/HURC/pico/pico-sdk/src/rp2_common/hardware_claim/claim.c.obj
                0x0000000010000d20                hw_claim_lock
 .text.hw_claim_unlock
                0x0000000010000d38       0x14 pressure_test_wired/CMakeFiles/pressure_test_wired.dir/home/ben/Desktop/HURC/pico/pico-sdk/src/rp2_common/hardware_claim/claim.c.obj
                0x0000000010000d38                hw_claim_unlock
 .text.hw_claim_or_assert
                0x0000000010000d4c       0x32 pressure_test_wired/CMakeFiles/pressure_test_wired.dir/home/ben/Desktop/HURC/pico/pico-sdk/src/rp2_common/hardware_claim/claim.c.obj
                0x0000000010000d4c                hw_claim_or_assert
 .text.hw_claim_unused_from_range
                0x0000000010000d7e       0x50 pressure_test_wired/CMakeFiles/pressure_test_wired.dir/home/ben/Desktop/HURC/pico/pico-sdk/src/rp2_common/hardware_claim/claim.c.obj
                0x0000000010000d7e                hw_claim_unused_from_range
 *fill*         0x0000000010000dce        0x2 
 .text.spin_locks_reset
                0x0000000010000dd0       0x20 pressure_test_wired/CMakeFiles/pressure_test_wired.dir/home/ben/Desktop/HURC/pico/pico-sdk/src/rp2_common/hardware_sync/sync.c.obj
                0x0000000010000dd0                spin_locks_reset
 .text.next_striped_spin_lock_num
                0x0000000010000df0       0x1c pressure_test_wired/CMakeFiles/pressure_test_wired.dir/home/ben/Desktop/HURC/pico/pico-sdk/src/rp2_common/hardware_sync/sync.c.obj
                0x0000000010000df0                next_striped_spin_lock_num
 .text.spin_lock_claim_unused
                0x0000000010000e0c       0x20 pressure_test_wired/CMakeFiles/pressure_test_wired.dir/home/ben/Desktop/HURC/pico/pico-sdk/src/rp2_common/hardware_sync/sync.c.obj
                0x0000000010000e0c                spin_lock_claim_unused
 .text.set_raw_irq_handler_and_unlock
                0x0000000010000e2c       0x28 pressure_test_wired/CMakeFiles/pressure_test_wired.dir/home/ben/Desktop/HURC/pico/pico-sdk/src/rp2_common/hardware_irq/irq.c.obj
 .text.make_branch
                0x0000000010000e54       0x48 pressure_test_wired/CMakeFiles/pressure_test_wired.dir/home/ben/Desktop/HURC/pico/pico-sdk/src/rp2_common/hardware_irq/irq.c.obj
 .text.insert_branch_and_link
                0x0000000010000e9c       0x40 pressure_test_wired/CMakeFiles/pressure_test_wired.dir/home/ben/Desktop/HURC/pico/pico-sdk/src/rp2_common/hardware_irq/irq.c.obj
 .text.irq_is_enabled
                0x0000000010000edc       0x18 pressure_test_wired/CMakeFiles/pressure_test_wired.dir/home/ben/Desktop/HURC/pico/pico-sdk/src/rp2_common/hardware_irq/irq.c.obj
                0x0000000010000edc                irq_is_enabled
 .text.irq_set_mask_enabled
                0x0000000010000ef4       0x20 pressure_test_wired/CMakeFiles/pressure_test_wired.dir/home/ben/Desktop/HURC/pico/pico-sdk/src/rp2_common/hardware_irq/irq.c.obj
                0x0000000010000ef4                irq_set_mask_enabled
 .text.irq_set_enabled
                0x0000000010000f14        0xe pressure_test_wired/CMakeFiles/pressure_test_wired.dir/home/ben/Desktop/HURC/pico/pico-sdk/src/rp2_common/hardware_irq/irq.c.obj
                0x0000000010000f14                irq_set_enabled
 *fill*         0x0000000010000f22        0x2 
 .text.irq_set_pending
                0x0000000010000f24       0x10 pressure_test_wired/CMakeFiles/pressure_test_wired.dir/home/ben/Desktop/HURC/pico/pico-sdk/src/rp2_common/hardware_irq/irq.c.obj
                0x0000000010000f24                irq_set_pending
 .text.irq_get_vtable_handler
                0x0000000010000f34       0x10 pressure_test_wired/CMakeFiles/pressure_test_wired.dir/home/ben/Desktop/HURC/pico/pico-sdk/src/rp2_common/hardware_irq/irq.c.obj
                0x0000000010000f34                irq_get_vtable_handler
 .text.irq_has_shared_handler
                0x0000000010000f44       0x24 pressure_test_wired/CMakeFiles/pressure_test_wired.dir/home/ben/Desktop/HURC/pico/pico-sdk/src/rp2_common/hardware_irq/irq.c.obj
                0x0000000010000f44                irq_has_shared_handler
 .text.irq_set_exclusive_handler
                0x0000000010000f68       0x54 pressure_test_wired/CMakeFiles/pressure_test_wired.dir/home/ben/Desktop/HURC/pico/pico-sdk/src/rp2_common/hardware_irq/irq.c.obj
                0x0000000010000f68                irq_set_exclusive_handler
 .text.irq_add_shared_handler
                0x0000000010000fbc      0x234 pressure_test_wired/CMakeFiles/pressure_test_wired.dir/home/ben/Desktop/HURC/pico/pico-sdk/src/rp2_common/hardware_irq/irq.c.obj
                0x0000000010000fbc                irq_add_shared_handler
 .text.irq_remove_handler
                0x00000000100011f0      0x1ac pressure_test_wired/CMakeFiles/pressure_test_wired.dir/home/ben/Desktop/HURC/pico/pico-sdk/src/rp2_common/hardware_irq/irq.c.obj
                0x00000000100011f0                irq_remove_handler
 .text.irq_add_tail_to_free_list
                0x000000001000139c       0xf0 pressure_test_wired/CMakeFiles/pressure_test_wired.dir/home/ben/Desktop/HURC/pico/pico-sdk/src/rp2_common/hardware_irq/irq.c.obj
                0x000000001000139c                irq_add_tail_to_free_list
 .text.irq_init_priorities
                0x000000001000148c       0x1c pressure_test_wired/CMakeFiles/pressure_test_wired.dir/home/ben/Desktop/HURC/pico/pico-sdk/src/rp2_common/hardware_irq/irq.c.obj
                0x000000001000148c                irq_init_priorities
 .text.user_irq_claim_unused
                0x00000000100014a8       0x28 pressure_test_wired/CMakeFiles/pressure_test_wired.dir/home/ben/Desktop/HURC/pico/pico-sdk/src/rp2_common/hardware_irq/irq.c.obj
                0x00000000100014a8                user_irq_claim_unused
 .text.lock_init
                0x00000000100014d0       0x10 pressure_test_wired/CMakeFiles/pressure_test_wired.dir/home/ben/Desktop/HURC/pico/pico-sdk/src/common/pico_sync/lock_core.c.obj
                0x00000000100014d0                lock_init
 .text.mutex_init
                0x00000000100014e0       0x1a pressure_test_wired/CMakeFiles/pressure_test_wired.dir/home/ben/Desktop/HURC/pico/pico-sdk/src/common/pico_sync/mutex.c.obj
                0x00000000100014e0                mutex_init
 .text.recursive_mutex_init
                0x00000000100014fa       0x1e pressure_test_wired/CMakeFiles/pressure_test_wired.dir/home/ben/Desktop/HURC/pico/pico-sdk/src/common/pico_sync/mutex.c.obj
                0x00000000100014fa                recursive_mutex_init
 .text.critical_section_init_with_lock_num
                0x0000000010001518       0x14 pressure_test_wired/CMakeFiles/pressure_test_wired.dir/home/ben/Desktop/HURC/pico/pico-sdk/src/common/pico_sync/critical_section.c.obj
                0x0000000010001518                critical_section_init_with_lock_num
 .text.critical_section_init
                0x000000001000152c       0x14 pressure_test_wired/CMakeFiles/pressure_test_wired.dir/home/ben/Desktop/HURC/pico/pico-sdk/src/common/pico_sync/critical_section.c.obj
                0x000000001000152c                critical_section_init
 .text.alarm_pool_post_alloc_init
                0x0000000010001540       0x40 pressure_test_wired/CMakeFiles/pressure_test_wired.dir/home/ben/Desktop/HURC/pico/pico-sdk/src/common/pico_time/time.c.obj
 .text.sleep_until_callback
                0x0000000010001580       0x30 pressure_test_wired/CMakeFiles/pressure_test_wired.dir/home/ben/Desktop/HURC/pico/pico-sdk/src/common/pico_time/time.c.obj
 .text.timer_pool_entry_comparator
                0x00000000100015b0       0x7c pressure_test_wired/CMakeFiles/pressure_test_wired.dir/home/ben/Desktop/HURC/pico/pico-sdk/src/common/pico_time/time.c.obj
                0x00000000100015b0                timer_pool_entry_comparator
 .text.ph_add_child_node
                0x000000001000162c       0xa4 pressure_test_wired/CMakeFiles/pressure_test_wired.dir/home/ben/Desktop/HURC/pico/pico-sdk/src/common/pico_time/time.c.obj
 .text.ph_merge_nodes
                0x00000000100016d0       0x3e pressure_test_wired/CMakeFiles/pressure_test_wired.dir/home/ben/Desktop/HURC/pico/pico-sdk/src/common/pico_time/time.c.obj
 *fill*         0x000000001000170e        0x2 
 .text.add_alarm_under_lock
                0x0000000010001710      0x174 pressure_test_wired/CMakeFiles/pressure_test_wired.dir/home/ben/Desktop/HURC/pico/pico-sdk/src/common/pico_time/time.c.obj
 .text.alarm_pool_alarm_callback
                0x0000000010001884      0x33c pressure_test_wired/CMakeFiles/pressure_test_wired.dir/home/ben/Desktop/HURC/pico/pico-sdk/src/common/pico_time/time.c.obj
 .text.alarm_pool_init_default
                0x0000000010001bc0       0x40 pressure_test_wired/CMakeFiles/pressure_test_wired.dir/home/ben/Desktop/HURC/pico/pico-sdk/src/common/pico_time/time.c.obj
                0x0000000010001bc0                alarm_pool_init_default
 .text.alarm_pool_get_default
                0x0000000010001c00       0x2c pressure_test_wired/CMakeFiles/pressure_test_wired.dir/home/ben/Desktop/HURC/pico/pico-sdk/src/common/pico_time/time.c.obj
                0x0000000010001c00                alarm_pool_get_default
 .text.alarm_pool_add_alarm_at
                0x0000000010001c2c      0x168 pressure_test_wired/CMakeFiles/pressure_test_wired.dir/home/ben/Desktop/HURC/pico/pico-sdk/src/common/pico_time/time.c.obj
                0x0000000010001c2c                alarm_pool_add_alarm_at
 .text.alarm_pool_cancel_alarm
                0x0000000010001d94       0xf0 pressure_test_wired/CMakeFiles/pressure_test_wired.dir/home/ben/Desktop/HURC/pico/pico-sdk/src/common/pico_time/time.c.obj
                0x0000000010001d94                alarm_pool_cancel_alarm
 .text.alarm_pool_core_num
                0x0000000010001e84        0x4 pressure_test_wired/CMakeFiles/pressure_test_wired.dir/home/ben/Desktop/HURC/pico/pico-sdk/src/common/pico_time/time.c.obj
                0x0000000010001e84                alarm_pool_core_num
 .text.sleep_until
                0x0000000010001e88       0xfc pressure_test_wired/CMakeFiles/pressure_test_wired.dir/home/ben/Desktop/HURC/pico/pico-sdk/src/common/pico_time/time.c.obj
                0x0000000010001e88                sleep_until
 .text.sleep_us
                0x0000000010001f84       0x58 pressure_test_wired/CMakeFiles/pressure_test_wired.dir/home/ben/Desktop/HURC/pico/pico-sdk/src/common/pico_time/time.c.obj
                0x0000000010001f84                sleep_us
 .text.sleep_ms
                0x0000000010001fdc       0x14 pressure_test_wired/CMakeFiles/pressure_test_wired.dir/home/ben/Desktop/HURC/pico/pico-sdk/src/common/pico_time/time.c.obj
                0x0000000010001fdc                sleep_ms
 .text.best_effort_wfe_or_timeout
                0x0000000010001ff0       0xac pressure_test_wired/CMakeFiles/pressure_test_wired.dir/home/ben/Desktop/HURC/pico/pico-sdk/src/common/pico_time/time.c.obj
                0x0000000010001ff0                best_effort_wfe_or_timeout
 .text.hardware_alarm_irq_handler
                0x000000001000209c       0x90 pressure_test_wired/CMakeFiles/pressure_test_wired.dir/home/ben/Desktop/HURC/pico/pico-sdk/src/rp2_common/hardware_timer/timer.c.obj
 .text.hardware_alarm_claim
                0x000000001000212c       0x18 pressure_test_wired/CMakeFiles/pressure_test_wired.dir/home/ben/Desktop/HURC/pico/pico-sdk/src/rp2_common/hardware_timer/timer.c.obj
                0x000000001000212c                hardware_alarm_claim
 .text.time_us_64
                0x0000000010002144       0x18 pressure_test_wired/CMakeFiles/pressure_test_wired.dir/home/ben/Desktop/HURC/pico/pico-sdk/src/rp2_common/hardware_timer/timer.c.obj
                0x0000000010002144                time_us_64
 .text.busy_wait_until
                0x000000001000215c       0x28 pressure_test_wired/CMakeFiles/pressure_test_wired.dir/home/ben/Desktop/HURC/pico/pico-sdk/src/rp2_common/hardware_timer/timer.c.obj
                0x000000001000215c                busy_wait_until
 .text.busy_wait_us
                0x0000000010002184       0x48 pressure_test_wired/CMakeFiles/pressure_test_wired.dir/home/ben/Desktop/HURC/pico/pico-sdk/src/rp2_common/hardware_timer/timer.c.obj
                0x0000000010002184                busy_wait_us
 .text.hardware_alarm_set_callback
                0x00000000100021cc       0x90 pressure_test_wired/CMakeFiles/pressure_test_wired.dir/home/ben/Desktop/HURC/pico/pico-sdk/src/rp2_common/hardware_timer/timer.c.obj
                0x00000000100021cc                hardware_alarm_set_callback
 .text.hardware_alarm_set_target
                0x000000001000225c       0xe8 pressure_test_wired/CMakeFiles/pressure_test_wired.dir/home/ben/Desktop/HURC/pico/pico-sdk/src/rp2_common/hardware_timer/timer.c.obj
                0x000000001000225c                hardware_alarm_set_target
 .text.hardware_alarm_cancel
                0x0000000010002344       0x40 pressure_test_wired/CMakeFiles/pressure_test_wired.dir/home/ben/Desktop/HURC/pico/pico-sdk/src/rp2_common/hardware_timer/timer.c.obj
                0x0000000010002344                hardware_alarm_cancel
 .text.ph_add_child_node
                0x0000000010002384       0xa4 pressure_test_wired/CMakeFiles/pressure_test_wired.dir/home/ben/Desktop/HURC/pico/pico-sdk/src/common/pico_util/pheap.c.obj
 .text.ph_merge_nodes
                0x0000000010002428       0x3e pressure_test_wired/CMakeFiles/pressure_test_wired.dir/home/ben/Desktop/HURC/pico/pico-sdk/src/common/pico_util/pheap.c.obj
 *fill*         0x0000000010002466        0x2 
 .text.ph_clear
                0x0000000010002468       0x70 pressure_test_wired/CMakeFiles/pressure_test_wired.dir/home/ben/Desktop/HURC/pico/pico-sdk/src/common/pico_util/pheap.c.obj
                0x0000000010002468                ph_clear
 .text.ph_post_alloc_init
                0x00000000100024d8        0xe pressure_test_wired/CMakeFiles/pressure_test_wired.dir/home/ben/Desktop/HURC/pico/pico-sdk/src/common/pico_util/pheap.c.obj
                0x00000000100024d8                ph_post_alloc_init
 *fill*         0x00000000100024e6        0x2 
 .text.ph_merge_two_pass
                0x00000000100024e8       0xa8 pressure_test_wired/CMakeFiles/pressure_test_wired.dir/home/ben/Desktop/HURC/pico/pico-sdk/src/common/pico_util/pheap.c.obj
                0x00000000100024e8                ph_merge_two_pass
 .text.ph_remove_any_head
                0x0000000010002590      0x128 pressure_test_wired/CMakeFiles/pressure_test_wired.dir/home/ben/Desktop/HURC/pico/pico-sdk/src/common/pico_util/pheap.c.obj
 .text.ph_remove_head
                0x00000000100026b8       0x14 pressure_test_wired/CMakeFiles/pressure_test_wired.dir/home/ben/Desktop/HURC/pico/pico-sdk/src/common/pico_util/pheap.c.obj
                0x00000000100026b8                ph_remove_head
 .text.ph_remove_and_free_node
                0x00000000100026cc       0xf8 pressure_test_wired/CMakeFiles/pressure_test_wired.dir/home/ben/Desktop/HURC/pico/pico-sdk/src/common/pico_util/pheap.c.obj
                0x00000000100026cc                ph_remove_and_free_node
 .text.clock_configure
                0x00000000100027c4      0x104 pressure_test_wired/CMakeFiles/pressure_test_wired.dir/home/ben/Desktop/HURC/pico/pico-sdk/src/rp2_common/hardware_clocks/clocks.c.obj
                0x00000000100027c4                clock_configure
 .text.clocks_init
                0x00000000100028c8      0x100 pressure_test_wired/CMakeFiles/pressure_test_wired.dir/home/ben/Desktop/HURC/pico/pico-sdk/src/rp2_common/hardware_clocks/clocks.c.obj
                0x00000000100028c8                clocks_init
 .text.clock_get_hz
                0x00000000100029c8        0xc pressure_test_wired/CMakeFiles/pressure_test_wired.dir/home/ben/Desktop/HURC/pico/pico-sdk/src/rp2_common/hardware_clocks/clocks.c.obj
                0x00000000100029c8                clock_get_hz
 .text.pll_init
                0x00000000100029d4      0x12c pressure_test_wired/CMakeFiles/pressure_test_wired.dir/home/ben/Desktop/HURC/pico/pico-sdk/src/rp2_common/hardware_pll/pll.c.obj
                0x00000000100029d4                pll_init
 .text.watchdog_start_tick
                0x0000000010002b00       0x10 pressure_test_wired/CMakeFiles/pressure_test_wired.dir/home/ben/Desktop/HURC/pico/pico-sdk/src/rp2_common/hardware_watchdog/watchdog.c.obj
                0x0000000010002b00                watchdog_start_tick
 .text.watchdog_update
                0x0000000010002b10       0x14 pressure_test_wired/CMakeFiles/pressure_test_wired.dir/home/ben/Desktop/HURC/pico/pico-sdk/src/rp2_common/hardware_watchdog/watchdog.c.obj
                0x0000000010002b10                watchdog_update
 .text._watchdog_enable
                0x0000000010002b24       0x78 pressure_test_wired/CMakeFiles/pressure_test_wired.dir/home/ben/Desktop/HURC/pico/pico-sdk/src/rp2_common/hardware_watchdog/watchdog.c.obj
                0x0000000010002b24                _watchdog_enable
 .text.watchdog_reboot
                0x0000000010002b9c       0x48 pressure_test_wired/CMakeFiles/pressure_test_wired.dir/home/ben/Desktop/HURC/pico/pico-sdk/src/rp2_common/hardware_watchdog/watchdog.c.obj
                0x0000000010002b9c                watchdog_reboot
 .text.xosc_init
                0x0000000010002be4       0x28 pressure_test_wired/CMakeFiles/pressure_test_wired.dir/home/ben/Desktop/HURC/pico/pico-sdk/src/rp2_common/hardware_xosc/xosc.c.obj
                0x0000000010002be4                xosc_init
 .text._exit    0x0000000010002c0c        0x4 pressure_test_wired/CMakeFiles/pressure_test_wired.dir/home/ben/Desktop/HURC/pico/pico-sdk/src/rp2_common/pico_runtime/runtime.c.obj
                0x0000000010002c0c                _exit
 .text._sbrk    0x0000000010002c10       0x38 pressure_test_wired/CMakeFiles/pressure_test_wired.dir/home/ben/Desktop/HURC/pico/pico-sdk/src/rp2_common/pico_runtime/runtime.c.obj
                0x0000000010002c10                _sbrk
 .text._getpid  0x0000000010002c48        0x4 pressure_test_wired/CMakeFiles/pressure_test_wired.dir/home/ben/Desktop/HURC/pico/pico-sdk/src/rp2_common/pico_runtime/runtime.c.obj
                0x0000000010002c48                _getpid
 .text._kill    0x0000000010002c4c        0x6 pressure_test_wired/CMakeFiles/pressure_test_wired.dir/home/ben/Desktop/HURC/pico/pico-sdk/src/rp2_common/pico_runtime/runtime.c.obj
                0x0000000010002c4c                _kill
 .text.exit     0x0000000010002c52        0x6 pressure_test_wired/CMakeFiles/pressure_test_wired.dir/home/ben/Desktop/HURC/pico/pico-sdk/src/rp2_common/pico_runtime/runtime.c.obj
                0x0000000010002c52                exit
 .text.__assert_func
                0x0000000010002c58       0x3c pressure_test_wired/CMakeFiles/pressure_test_wired.dir/home/ben/Desktop/HURC/pico/pico-sdk/src/rp2_common/pico_runtime/runtime.c.obj
                0x0000000010002c58                __assert_func
 .text.runtime_init
                0x0000000010002c94       0xf8 pressure_test_wired/CMakeFiles/pressure_test_wired.dir/home/ben/Desktop/HURC/pico/pico-sdk/src/rp2_common/pico_runtime/runtime.c.obj
                0x0000000010002c94                runtime_init
 .text.panic    0x0000000010002d8c       0x30 pressure_test_wired/CMakeFiles/pressure_test_wired.dir/home/ben/Desktop/HURC/pico/pico-sdk/src/rp2_common/pico_runtime/runtime.c.obj
                0x0000000010002d8c                panic
 .text._out_null
                0x0000000010002dbc        0x2 pressure_test_wired/CMakeFiles/pressure_test_wired.dir/home/ben/Desktop/HURC/pico/pico-sdk/src/rp2_common/pico_printf/printf.c.obj
 .text._out_fct
                0x0000000010002dbe        0xe pressure_test_wired/CMakeFiles/pressure_test_wired.dir/home/ben/Desktop/HURC/pico/pico-sdk/src/rp2_common/pico_printf/printf.c.obj
 .text._atoi    0x0000000010002dcc       0x24 pressure_test_wired/CMakeFiles/pressure_test_wired.dir/home/ben/Desktop/HURC/pico/pico-sdk/src/rp2_common/pico_printf/printf.c.obj
 .text._out_rev
                0x0000000010002df0       0xae pressure_test_wired/CMakeFiles/pressure_test_wired.dir/home/ben/Desktop/HURC/pico/pico-sdk/src/rp2_common/pico_printf/printf.c.obj
 .text._ntoa_format
                0x0000000010002e9e      0x112 pressure_test_wired/CMakeFiles/pressure_test_wired.dir/home/ben/Desktop/HURC/pico/pico-sdk/src/rp2_common/pico_printf/printf.c.obj
 .text._ntoa_long
                0x0000000010002fb0       0xbc pressure_test_wired/CMakeFiles/pressure_test_wired.dir/home/ben/Desktop/HURC/pico/pico-sdk/src/rp2_common/pico_printf/printf.c.obj
 .text._ntoa_long_long
                0x000000001000306c       0xe2 pressure_test_wired/CMakeFiles/pressure_test_wired.dir/home/ben/Desktop/HURC/pico/pico-sdk/src/rp2_common/pico_printf/printf.c.obj
 *fill*         0x000000001000314e        0x2 
 .text._etoa    0x0000000010003150      0x414 pressure_test_wired/CMakeFiles/pressure_test_wired.dir/home/ben/Desktop/HURC/pico/pico-sdk/src/rp2_common/pico_printf/printf.c.obj
 .text._ftoa    0x0000000010003564      0x354 pressure_test_wired/CMakeFiles/pressure_test_wired.dir/home/ben/Desktop/HURC/pico/pico-sdk/src/rp2_common/pico_printf/printf.c.obj
 .text._vsnprintf
                0x00000000100038b8      0x624 pressure_test_wired/CMakeFiles/pressure_test_wired.dir/home/ben/Desktop/HURC/pico/pico-sdk/src/rp2_common/pico_printf/printf.c.obj
 .text.vfctprintf
                0x0000000010003edc       0x20 pressure_test_wired/CMakeFiles/pressure_test_wired.dir/home/ben/Desktop/HURC/pico/pico-sdk/src/rp2_common/pico_printf/printf.c.obj
                0x0000000010003edc                vfctprintf
 .text          0x0000000010003efc       0x10 pressure_test_wired/CMakeFiles/pressure_test_wired.dir/home/ben/Desktop/HURC/pico/pico-sdk/src/rp2_common/pico_bit_ops/bit_ops_aeabi.S.obj
 .text.rom_func_lookup
                0x0000000010003f0c       0x10 pressure_test_wired/CMakeFiles/pressure_test_wired.dir/home/ben/Desktop/HURC/pico/pico-sdk/src/rp2_common/pico_bootrom/bootrom.c.obj
                0x0000000010003f0c                rom_func_lookup
 .text.rom_data_lookup
                0x0000000010003f1c       0x10 pressure_test_wired/CMakeFiles/pressure_test_wired.dir/home/ben/Desktop/HURC/pico/pico-sdk/src/rp2_common/pico_bootrom/bootrom.c.obj
                0x0000000010003f1c                rom_data_lookup
 .text.rom_funcs_lookup
                0x0000000010003f2c       0x36 pressure_test_wired/CMakeFiles/pressure_test_wired.dir/home/ben/Desktop/HURC/pico/pico-sdk/src/rp2_common/pico_bootrom/bootrom.c.obj
                0x0000000010003f2c                rom_funcs_lookup
 *fill*         0x0000000010003f62        0x2 
 .text.__wrap___aeabi_idiv
                0x0000000010003f64       0x50 pressure_test_wired/CMakeFiles/pressure_test_wired.dir/home/ben/Desktop/HURC/pico/pico-sdk/src/rp2_common/pico_divider/divider.S.obj
                0x0000000010003f64                __wrap___aeabi_idivmod
                0x0000000010003f64                divmod_s32s32
                0x0000000010003f64                div_s32s32
                0x0000000010003f64                __wrap___aeabi_idiv
                0x0000000010003f6c                divmod_s32s32_unsafe
                0x0000000010003f98                divmod_s32s32_savestate
 .text.__wrap___aeabi_uidiv
                0x0000000010003fb4       0x4c pressure_test_wired/CMakeFiles/pressure_test_wired.dir/home/ben/Desktop/HURC/pico/pico-sdk/src/rp2_common/pico_divider/divider.S.obj
                0x0000000010003fb4                __wrap___aeabi_uidiv
                0x0000000010003fb4                __wrap___aeabi_uidivmod
                0x0000000010003fb4                div_u32u32
                0x0000000010003fb4                divmod_u32u32
                0x0000000010003fbc                divmod_u32u32_unsafe
                0x0000000010003fe4                divmod_u32u32_savestate
 .text.__wrap___aeabi_ldiv
                0x0000000010004000      0x424 pressure_test_wired/CMakeFiles/pressure_test_wired.dir/home/ben/Desktop/HURC/pico/pico-sdk/src/rp2_common/pico_divider/divider.S.obj
                0x0000000010004000                div_s64s64
                0x0000000010004000                divmod_s64s64
                0x0000000010004000                __wrap___aeabi_ldivmod
                0x0000000010004030                div_u64u64
                0x0000000010004030                divmod_u64u64
                0x0000000010004030                __wrap___aeabi_uldivmod
                0x0000000010004040                divmod_u64u64_savestate
                0x0000000010004060                divmod_s64s64_unsafe
                0x00000000100040e8                divmod_u64u64_unsafe
 .text.__wrap___aeabi_darithmetic
                0x0000000010004424       0x80 pressure_test_wired/CMakeFiles/pressure_test_wired.dir/home/ben/Desktop/HURC/pico/pico-sdk/src/rp2_common/pico_double/double_aeabi.S.obj
                0x0000000010004424                __wrap___aeabi_drsub
                0x000000001000442a                __wrap___aeabi_dsub
                0x000000001000443c                __wrap___aeabi_dadd
                0x000000001000444e                __wrap___aeabi_ddiv
                0x000000001000448a                __wrap___aeabi_dmul
 .text.__wrap___aeabi_cdcmple
                0x00000000100044a4       0x6c pressure_test_wired/CMakeFiles/pressure_test_wired.dir/home/ben/Desktop/HURC/pico/pico-sdk/src/rp2_common/pico_double/double_aeabi.S.obj
                0x00000000100044a4                __wrap___aeabi_cdrcmple
                0x00000000100044b4                __wrap___aeabi_cdcmple
                0x00000000100044b4                __wrap___aeabi_cdcmpeq
 .text.__wrap___aeabi_dcmplt
                0x0000000010004510        0xc pressure_test_wired/CMakeFiles/pressure_test_wired.dir/home/ben/Desktop/HURC/pico/pico-sdk/src/rp2_common/pico_double/double_aeabi.S.obj
                0x0000000010004510                __wrap___aeabi_dcmplt
 .text.__wrap___aeabi_dcmple
                0x000000001000451c       0x10 pressure_test_wired/CMakeFiles/pressure_test_wired.dir/home/ben/Desktop/HURC/pico/pico-sdk/src/rp2_common/pico_double/double_aeabi.S.obj
                0x000000001000451c                __wrap___aeabi_dcmple
 .text.__wrap___aeabi_dcmpge
                0x000000001000452c       0x10 pressure_test_wired/CMakeFiles/pressure_test_wired.dir/home/ben/Desktop/HURC/pico/pico-sdk/src/rp2_common/pico_double/double_aeabi.S.obj
                0x000000001000452c                __wrap___aeabi_dcmpge
 .text.__wrap___aeabi_dcmpgt
                0x000000001000453c        0xa pressure_test_wired/CMakeFiles/pressure_test_wired.dir/home/ben/Desktop/HURC/pico/pico-sdk/src/rp2_common/pico_double/double_aeabi.S.obj
                0x000000001000453c                __wrap___aeabi_dcmpgt
 .text.__wrap___aeabi_dcmpun
                0x0000000010004546       0x1c pressure_test_wired/CMakeFiles/pressure_test_wired.dir/home/ben/Desktop/HURC/pico/pico-sdk/src/rp2_common/pico_double/double_aeabi.S.obj
                0x0000000010004546                __wrap___aeabi_dcmpun
 *fill*         0x0000000010004562        0x2 
 .text.__wrap___aeabi_i2d
                0x0000000010004564       0x38 pressure_test_wired/CMakeFiles/pressure_test_wired.dir/home/ben/Desktop/HURC/pico/pico-sdk/src/rp2_common/pico_double/double_aeabi.S.obj
                0x0000000010004564                __wrap___aeabi_ui2d
                0x000000001000456c                __wrap___aeabi_i2d
 .text.__wrap___aeabi_d2iz
                0x000000001000459c       0x48 pressure_test_wired/CMakeFiles/pressure_test_wired.dir/home/ben/Desktop/HURC/pico/pico-sdk/src/rp2_common/pico_double/double_aeabi.S.obj
                0x000000001000459c                __wrap___aeabi_d2iz
                0x000000001000459c                double2int_z
 .text.__wrap___aeabi_d2uiz
                0x00000000100045e4       0x18 pressure_test_wired/CMakeFiles/pressure_test_wired.dir/home/ben/Desktop/HURC/pico/pico-sdk/src/rp2_common/pico_double/double_aeabi.S.obj
                0x00000000100045e4                double2uint
                0x00000000100045e4                __wrap___aeabi_d2uiz
 .text.__wrap___aeabi_d2f
                0x00000000100045fc       0x18 pressure_test_wired/CMakeFiles/pressure_test_wired.dir/home/ben/Desktop/HURC/pico/pico-sdk/src/rp2_common/pico_double/double_aeabi.S.obj
                0x00000000100045fc                __wrap___aeabi_d2f
 .text.__aeabi_double_init
                0x0000000010004614       0xc8 pressure_test_wired/CMakeFiles/pressure_test_wired.dir/home/ben/Desktop/HURC/pico/pico-sdk/src/rp2_common/pico_double/double_init_rom.c.obj
                0x0000000010004614                __aeabi_double_init
 .text.double_table_shim_on_use_helper
                0x00000000100046dc       0x34 pressure_test_wired/CMakeFiles/pressure_test_wired.dir/home/ben/Desktop/HURC/pico/pico-sdk/src/rp2_common/pico_double/double_v1_rom_shim.S.obj
                0x00000000100046dc                double_table_shim_on_use_helper
 .text.__wrap___aeabi_dsub
                0x0000000010004710       0x10 pressure_test_wired/CMakeFiles/pressure_test_wired.dir/home/ben/Desktop/HURC/pico/pico-sdk/src/rp2_common/pico_double/double_v1_rom_shim.S.obj
                0x0000000010004710                drsub_shim
                0x0000000010004716                dsub_shim
 .text.dadd_shim
                0x0000000010004720      0x15c pressure_test_wired/CMakeFiles/pressure_test_wired.dir/home/ben/Desktop/HURC/pico/pico-sdk/src/rp2_common/pico_double/double_v1_rom_shim.S.obj
                0x0000000010004720                dadd_shim
 .text.dmul_shim
                0x000000001000487c      0x15c pressure_test_wired/CMakeFiles/pressure_test_wired.dir/home/ben/Desktop/HURC/pico/pico-sdk/src/rp2_common/pico_double/double_v1_rom_shim.S.obj
                0x000000001000487c                dmul_shim
 .text.ddiv_shim
                0x00000000100049d8      0x1b0 pressure_test_wired/CMakeFiles/pressure_test_wired.dir/home/ben/Desktop/HURC/pico/pico-sdk/src/rp2_common/pico_double/double_v1_rom_shim.S.obj
                0x00000000100049d8                ddiv_shim
 .text.double2uint_shim
                0x0000000010004b88        0xe pressure_test_wired/CMakeFiles/pressure_test_wired.dir/home/ben/Desktop/HURC/pico/pico-sdk/src/rp2_common/pico_double/double_v1_rom_shim.S.obj
                0x0000000010004b88                double2uint_shim
                0x0000000010004b8a                double2ufix_shim
 *fill*         0x0000000010004b96        0x2 
 .text.double2uint64_shim
                0x0000000010004b98       0x70 pressure_test_wired/CMakeFiles/pressure_test_wired.dir/home/ben/Desktop/HURC/pico/pico-sdk/src/rp2_common/pico_double/double_v1_rom_shim.S.obj
                0x0000000010004b98                double2uint64_shim
                0x0000000010004b9a                double2ufix64_shim
                0x0000000010004bba                d2fix_a
 .text.double2float_shim
                0x0000000010004c08       0x5c pressure_test_wired/CMakeFiles/pressure_test_wired.dir/home/ben/Desktop/HURC/pico/pico-sdk/src/rp2_common/pico_double/double_v1_rom_shim.S.obj
                0x0000000010004c08                double2float_shim
 .text.dunpacks
                0x0000000010004c64       0x3c pressure_test_wired/CMakeFiles/pressure_test_wired.dir/home/ben/Desktop/HURC/pico/pico-sdk/src/rp2_common/pico_double/double_v1_rom_shim.S.obj
                0x0000000010004c64                dunpacks
 .text.__aeabi_lmul
                0x0000000010004ca0       0x32 pressure_test_wired/CMakeFiles/pressure_test_wired.dir/home/ben/Desktop/HURC/pico/pico-sdk/src/rp2_common/pico_int64_ops/pico_int64_ops_aeabi.S.obj
                0x0000000010004ca0                __wrap___aeabi_lmul
 *fill*         0x0000000010004cd2        0x2 
 .text.__wrap___aeabi_f2d
                0x0000000010004cd4       0x14 pressure_test_wired/CMakeFiles/pressure_test_wired.dir/home/ben/Desktop/HURC/pico/pico-sdk/src/rp2_common/pico_float/float_aeabi.S.obj
                0x0000000010004cd4                __wrap___aeabi_f2d
 .text.__aeabi_float_init
                0x0000000010004ce8       0xfc pressure_test_wired/CMakeFiles/pressure_test_wired.dir/home/ben/Desktop/HURC/pico/pico-sdk/src/rp2_common/pico_float/float_init_rom.c.obj
                0x0000000010004ce8                __aeabi_float_init
 .text.float_table_shim_on_use_helper
                0x0000000010004de4       0x34 pressure_test_wired/CMakeFiles/pressure_test_wired.dir/home/ben/Desktop/HURC/pico/pico-sdk/src/rp2_common/pico_float/float_v1_rom_shim.S.obj
                0x0000000010004de4                float_table_shim_on_use_helper
 .text.float2double_shim
                0x0000000010004e18       0x30 pressure_test_wired/CMakeFiles/pressure_test_wired.dir/home/ben/Desktop/HURC/pico/pico-sdk/src/rp2_common/pico_float/float_v1_rom_shim.S.obj
                0x0000000010004e18                float2double_shim
 .text.__wrap_malloc
                0x0000000010004e48       0x24 pressure_test_wired/CMakeFiles/pressure_test_wired.dir/home/ben/Desktop/HURC/pico/pico-sdk/src/rp2_common/pico_malloc/pico_malloc.c.obj
                0x0000000010004e48                __wrap_malloc
 .text.__wrap_calloc
                0x0000000010004e6c       0x24 pressure_test_wired/CMakeFiles/pressure_test_wired.dir/home/ben/Desktop/HURC/pico/pico-sdk/src/rp2_common/pico_malloc/pico_malloc.c.obj
                0x0000000010004e6c                __wrap_calloc
 .text.__wrap_free
                0x0000000010004e90        0x8 pressure_test_wired/CMakeFiles/pressure_test_wired.dir/home/ben/Desktop/HURC/pico/pico-sdk/src/rp2_common/pico_malloc/pico_malloc.c.obj
                0x0000000010004e90                __wrap_free
 .text          0x0000000010004e98       0x10 pressure_test_wired/CMakeFiles/pressure_test_wired.dir/home/ben/Desktop/HURC/pico/pico-sdk/src/rp2_common/pico_mem_ops/mem_ops_aeabi.S.obj
                0x0000000010004e98                __aeabi_mem_init
 .text.memset   0x0000000010004ea8        0xc pressure_test_wired/CMakeFiles/pressure_test_wired.dir/home/ben/Desktop/HURC/pico/pico-sdk/src/rp2_common/pico_mem_ops/mem_ops_aeabi.S.obj
                0x0000000010004ea8                __wrap_memset
 .text.memcpy   0x0000000010004eb4        0xc pressure_test_wired/CMakeFiles/pressure_test_wired.dir/home/ben/Desktop/HURC/pico/pico-sdk/src/rp2_common/pico_mem_ops/mem_ops_aeabi.S.obj
                0x0000000010004eb4                __wrap___aeabi_memcpy
                0x0000000010004eb4                __wrap_memcpy
 .text._ZdlPvj  0x0000000010004ec0        0x8 pressure_test_wired/CMakeFiles/pressure_test_wired.dir/home/ben/Desktop/HURC/pico/pico-sdk/src/rp2_common/pico_standard_link/new_delete.cpp.obj
                0x0000000010004ec0                operator delete(void*, unsigned int)
 .text.stdio_out_chars_no_crlf
                0x0000000010004ec8        0xe pressure_test_wired/CMakeFiles/pressure_test_wired.dir/home/ben/Desktop/HURC/pico/pico-sdk/src/rp2_common/pico_stdio/stdio.c.obj
 *fill*         0x0000000010004ed6        0x2 
 .text.stdio_out_chars_crlf
                0x0000000010004ed8       0x80 pressure_test_wired/CMakeFiles/pressure_test_wired.dir/home/ben/Desktop/HURC/pico/pico-sdk/src/rp2_common/pico_stdio/stdio.c.obj
 .text.stdio_stack_buffer_flush
                0x0000000010004f58       0x44 pressure_test_wired/CMakeFiles/pressure_test_wired.dir/home/ben/Desktop/HURC/pico/pico-sdk/src/rp2_common/pico_stdio/stdio.c.obj
 .text.stdio_buffered_printer
                0x0000000010004f9c       0x20 pressure_test_wired/CMakeFiles/pressure_test_wired.dir/home/ben/Desktop/HURC/pico/pico-sdk/src/rp2_common/pico_stdio/stdio.c.obj
 .text.stdio_get_until
                0x0000000010004fbc       0x80 pressure_test_wired/CMakeFiles/pressure_test_wired.dir/home/ben/Desktop/HURC/pico/pico-sdk/src/rp2_common/pico_stdio/stdio.c.obj
 .text.stdout_serialize_begin
                0x000000001000503c       0x5c pressure_test_wired/CMakeFiles/pressure_test_wired.dir/home/ben/Desktop/HURC/pico/pico-sdk/src/rp2_common/pico_stdio/stdio.c.obj
                0x000000001000503c                stdout_serialize_begin
 .text.stdout_serialize_end
                0x0000000010005098       0x10 pressure_test_wired/CMakeFiles/pressure_test_wired.dir/home/ben/Desktop/HURC/pico/pico-sdk/src/rp2_common/pico_stdio/stdio.c.obj
                0x0000000010005098                stdout_serialize_end
 .text.stdio_put_string
                0x00000000100050a8       0x98 pressure_test_wired/CMakeFiles/pressure_test_wired.dir/home/ben/Desktop/HURC/pico/pico-sdk/src/rp2_common/pico_stdio/stdio.c.obj
 .text.stdio_set_driver_enabled
                0x0000000010005140       0x2c pressure_test_wired/CMakeFiles/pressure_test_wired.dir/home/ben/Desktop/HURC/pico/pico-sdk/src/rp2_common/pico_stdio/stdio.c.obj
                0x0000000010005140                stdio_set_driver_enabled
 .text.stdio_flush
                0x000000001000516c       0x20 pressure_test_wired/CMakeFiles/pressure_test_wired.dir/home/ben/Desktop/HURC/pico/pico-sdk/src/rp2_common/pico_stdio/stdio.c.obj
                0x000000001000516c                stdio_flush
 .text.__wrap_puts
                0x000000001000518c       0x1e pressure_test_wired/CMakeFiles/pressure_test_wired.dir/home/ben/Desktop/HURC/pico/pico-sdk/src/rp2_common/pico_stdio/stdio.c.obj
                0x000000001000518c                __wrap_puts
 *fill*         0x00000000100051aa        0x2 
 .text.__wrap_vprintf
                0x00000000100051ac       0x40 pressure_test_wired/CMakeFiles/pressure_test_wired.dir/home/ben/Desktop/HURC/pico/pico-sdk/src/rp2_common/pico_stdio/stdio.c.obj
                0x00000000100051ac                __wrap_vprintf
 .text.__wrap_printf
                0x00000000100051ec       0x18 pressure_test_wired/CMakeFiles/pressure_test_wired.dir/home/ben/Desktop/HURC/pico/pico-sdk/src/rp2_common/pico_stdio/stdio.c.obj
                0x00000000100051ec                __wrap_printf
 .text.stdio_init_all
                0x0000000010005204        0x8 pressure_test_wired/CMakeFiles/pressure_test_wired.dir/home/ben/Desktop/HURC/pico/pico-sdk/src/rp2_common/pico_stdio/stdio.c.obj
                0x0000000010005204                stdio_init_all
 .text.getchar_timeout_us
                0x000000001000520c       0x80 pressure_test_wired/CMakeFiles/pressure_test_wired.dir/home/ben/Desktop/HURC/pico/pico-sdk/src/rp2_common/pico_stdio/stdio.c.obj
                0x000000001000520c                getchar_timeout_us
 .text.resetd_init
                0x000000001000528c        0x2 pressure_test_wired/CMakeFiles/pressure_test_wired.dir/home/ben/Desktop/HURC/pico/pico-sdk/src/rp2_common/pico_stdio_usb/reset_interface.c.obj
 *fill*         0x000000001000528e        0x2 
 .text.resetd_reset
                0x0000000010005290        0xc pressure_test_wired/CMakeFiles/pressure_test_wired.dir/home/ben/Desktop/HURC/pico/pico-sdk/src/rp2_common/pico_stdio_usb/reset_interface.c.obj
 .text.resetd_open
                0x000000001000529c       0x34 pressure_test_wired/CMakeFiles/pressure_test_wired.dir/home/ben/Desktop/HURC/pico/pico-sdk/src/rp2_common/pico_stdio_usb/reset_interface.c.obj
 .text.resetd_xfer_cb
                0x00000000100052d0        0x4 pressure_test_wired/CMakeFiles/pressure_test_wired.dir/home/ben/Desktop/HURC/pico/pico-sdk/src/rp2_common/pico_stdio_usb/reset_interface.c.obj
 .text.reset_usb_boot
                0x00000000100052d4       0x18 pressure_test_wired/CMakeFiles/pressure_test_wired.dir/home/ben/Desktop/HURC/pico/pico-sdk/src/rp2_common/pico_stdio_usb/reset_interface.c.obj
 .text.resetd_control_xfer_cb
                0x00000000100052ec       0x5c pressure_test_wired/CMakeFiles/pressure_test_wired.dir/home/ben/Desktop/HURC/pico/pico-sdk/src/rp2_common/pico_stdio_usb/reset_interface.c.obj
 .text.usbd_app_driver_get_cb
                0x0000000010005348        0xc pressure_test_wired/CMakeFiles/pressure_test_wired.dir/home/ben/Desktop/HURC/pico/pico-sdk/src/rp2_common/pico_stdio_usb/reset_interface.c.obj
                0x0000000010005348                usbd_app_driver_get_cb
 .text.tud_cdc_line_coding_cb
                0x0000000010005354       0x28 pressure_test_wired/CMakeFiles/pressure_test_wired.dir/home/ben/Desktop/HURC/pico/pico-sdk/src/rp2_common/pico_stdio_usb/reset_interface.c.obj
                0x0000000010005354                tud_cdc_line_coding_cb
 .text.stdio_usb_set_chars_available_callback
                0x000000001000537c       0x14 pressure_test_wired/CMakeFiles/pressure_test_wired.dir/home/ben/Desktop/HURC/pico/pico-sdk/src/rp2_common/pico_stdio_usb/stdio_usb.c.obj
                0x000000001000537c                stdio_usb_set_chars_available_callback
 .text.usb_irq  0x0000000010005390       0x10 pressure_test_wired/CMakeFiles/pressure_test_wired.dir/home/ben/Desktop/HURC/pico/pico-sdk/src/rp2_common/pico_stdio_usb/stdio_usb.c.obj
 .text.timer_task
                0x00000000100053a0       0x58 pressure_test_wired/CMakeFiles/pressure_test_wired.dir/home/ben/Desktop/HURC/pico/pico-sdk/src/rp2_common/pico_stdio_usb/stdio_usb.c.obj
 .text.low_priority_worker_irq
                0x00000000100053f8       0xd8 pressure_test_wired/CMakeFiles/pressure_test_wired.dir/home/ben/Desktop/HURC/pico/pico-sdk/src/rp2_common/pico_stdio_usb/stdio_usb.c.obj
 .text.tud_cdc_rx_cb
                0x00000000100054d0       0x20 pressure_test_wired/CMakeFiles/pressure_test_wired.dir/home/ben/Desktop/HURC/pico/pico-sdk/src/rp2_common/pico_stdio_usb/stdio_usb.c.obj
                0x00000000100054d0                tud_cdc_rx_cb
 .text.stdio_usb_init
                0x00000000100054f0      0x12c pressure_test_wired/CMakeFiles/pressure_test_wired.dir/home/ben/Desktop/HURC/pico/pico-sdk/src/rp2_common/pico_stdio_usb/stdio_usb.c.obj
                0x00000000100054f0                stdio_usb_init
 .text.stdio_usb_connected
                0x000000001000561c        0xa pressure_test_wired/CMakeFiles/pressure_test_wired.dir/home/ben/Desktop/HURC/pico/pico-sdk/src/rp2_common/pico_stdio_usb/stdio_usb.c.obj
                0x000000001000561c                stdio_usb_connected
 *fill*         0x0000000010005626        0x2 
 .text.stdio_usb_in_chars
                0x0000000010005628       0xc4 pressure_test_wired/CMakeFiles/pressure_test_wired.dir/home/ben/Desktop/HURC/pico/pico-sdk/src/rp2_common/pico_stdio_usb/stdio_usb.c.obj
                0x0000000010005628                stdio_usb_in_chars
 .text.stdio_usb_out_chars
                0x00000000100056ec      0x114 pressure_test_wired/CMakeFiles/pressure_test_wired.dir/home/ben/Desktop/HURC/pico/pico-sdk/src/rp2_common/pico_stdio_usb/stdio_usb.c.obj
 .text.tud_descriptor_device_cb
                0x0000000010005800        0x8 pressure_test_wired/CMakeFiles/pressure_test_wired.dir/home/ben/Desktop/HURC/pico/pico-sdk/src/rp2_common/pico_stdio_usb/stdio_usb_descriptors.c.obj
                0x0000000010005800                tud_descriptor_device_cb
 .text.tud_descriptor_configuration_cb
                0x0000000010005808        0x8 pressure_test_wired/CMakeFiles/pressure_test_wired.dir/home/ben/Desktop/HURC/pico/pico-sdk/src/rp2_common/pico_stdio_usb/stdio_usb_descriptors.c.obj
                0x0000000010005808                tud_descriptor_configuration_cb
 .text.tud_descriptor_string_cb
                0x0000000010005810       0x6c pressure_test_wired/CMakeFiles/pressure_test_wired.dir/home/ben/Desktop/HURC/pico/pico-sdk/src/rp2_common/pico_stdio_usb/stdio_usb_descriptors.c.obj
                0x0000000010005810                tud_descriptor_string_cb
 .text._retrieve_unique_id_on_boot
                0x000000001000587c       0x10 pressure_test_wired/CMakeFiles/pressure_test_wired.dir/home/ben/Desktop/HURC/pico/pico-sdk/src/rp2_common/pico_unique_id/unique_id.c.obj
 .text.pico_get_unique_board_id_string
                0x000000001000588c       0x60 pressure_test_wired/CMakeFiles/pressure_test_wired.dir/home/ben/Desktop/HURC/pico/pico-sdk/src/rp2_common/pico_unique_id/unique_id.c.obj
                0x000000001000588c                pico_get_unique_board_id_string
 .text.flash_get_unique_id
                0x00000000100058ec       0x46 pressure_test_wired/CMakeFiles/pressure_test_wired.dir/home/ben/Desktop/HURC/pico/pico-sdk/src/rp2_common/hardware_flash/flash.c.obj
                0x00000000100058ec                flash_get_unique_id
 *fill*         0x0000000010005932        0x2 
 .text.hw_endpoint_get_by_addr
                0x0000000010005934       0x18 pressure_test_wired/CMakeFiles/pressure_test_wired.dir/home/ben/Desktop/HURC/pico/pico-sdk/lib/tinyusb/src/portable/raspberrypi/rp2040/dcd_rp2040.c.obj
 .text._hw_endpoint_alloc
                0x000000001000594c       0x70 pressure_test_wired/CMakeFiles/pressure_test_wired.dir/home/ben/Desktop/HURC/pico/pico-sdk/lib/tinyusb/src/portable/raspberrypi/rp2040/dcd_rp2040.c.obj
 .text.hw_endpoint_init
                0x00000000100059bc       0x88 pressure_test_wired/CMakeFiles/pressure_test_wired.dir/home/ben/Desktop/HURC/pico/pico-sdk/lib/tinyusb/src/portable/raspberrypi/rp2040/dcd_rp2040.c.obj
 .text.hw_endpoint_xfer
                0x0000000010005a44       0x14 pressure_test_wired/CMakeFiles/pressure_test_wired.dir/home/ben/Desktop/HURC/pico/pico-sdk/lib/tinyusb/src/portable/raspberrypi/rp2040/dcd_rp2040.c.obj
 .text.dcd_int_enable
                0x0000000010005a58       0x2c pressure_test_wired/CMakeFiles/pressure_test_wired.dir/home/ben/Desktop/HURC/pico/pico-sdk/lib/tinyusb/src/portable/raspberrypi/rp2040/dcd_rp2040.c.obj
                0x0000000010005a58                dcd_int_enable
 .text.dcd_set_address
                0x0000000010005a84       0x2c pressure_test_wired/CMakeFiles/pressure_test_wired.dir/home/ben/Desktop/HURC/pico/pico-sdk/lib/tinyusb/src/portable/raspberrypi/rp2040/dcd_rp2040.c.obj
                0x0000000010005a84                dcd_set_address
 .text.dcd_connect
                0x0000000010005ab0       0x10 pressure_test_wired/CMakeFiles/pressure_test_wired.dir/home/ben/Desktop/HURC/pico/pico-sdk/lib/tinyusb/src/portable/raspberrypi/rp2040/dcd_rp2040.c.obj
                0x0000000010005ab0                dcd_connect
 .text.dcd_init
                0x0000000010005ac0       0x80 pressure_test_wired/CMakeFiles/pressure_test_wired.dir/home/ben/Desktop/HURC/pico/pico-sdk/lib/tinyusb/src/portable/raspberrypi/rp2040/dcd_rp2040.c.obj
                0x0000000010005ac0                dcd_init
 .text.dcd_edpt0_status_complete
                0x0000000010005b40       0x1c pressure_test_wired/CMakeFiles/pressure_test_wired.dir/home/ben/Desktop/HURC/pico/pico-sdk/lib/tinyusb/src/portable/raspberrypi/rp2040/dcd_rp2040.c.obj
                0x0000000010005b40                dcd_edpt0_status_complete
 .text.dcd_edpt_open
                0x0000000010005b5c       0x40 pressure_test_wired/CMakeFiles/pressure_test_wired.dir/home/ben/Desktop/HURC/pico/pico-sdk/lib/tinyusb/src/portable/raspberrypi/rp2040/dcd_rp2040.c.obj
                0x0000000010005b5c                dcd_edpt_open
 .text.dcd_edpt_close_all
                0x0000000010005b9c        0x8 pressure_test_wired/CMakeFiles/pressure_test_wired.dir/home/ben/Desktop/HURC/pico/pico-sdk/lib/tinyusb/src/portable/raspberrypi/rp2040/dcd_rp2040.c.obj
                0x0000000010005b9c                dcd_edpt_close_all
 .text.dcd_edpt_xfer
                0x0000000010005ba4       0x34 pressure_test_wired/CMakeFiles/pressure_test_wired.dir/home/ben/Desktop/HURC/pico/pico-sdk/lib/tinyusb/src/portable/raspberrypi/rp2040/dcd_rp2040.c.obj
                0x0000000010005ba4                dcd_edpt_xfer
 .text.dcd_edpt_stall
                0x0000000010005bd8       0x2c pressure_test_wired/CMakeFiles/pressure_test_wired.dir/home/ben/Desktop/HURC/pico/pico-sdk/lib/tinyusb/src/portable/raspberrypi/rp2040/dcd_rp2040.c.obj
                0x0000000010005bd8                dcd_edpt_stall
 .text.dcd_edpt_clear_stall
                0x0000000010005c04       0x20 pressure_test_wired/CMakeFiles/pressure_test_wired.dir/home/ben/Desktop/HURC/pico/pico-sdk/lib/tinyusb/src/portable/raspberrypi/rp2040/dcd_rp2040.c.obj
                0x0000000010005c04                dcd_edpt_clear_stall
 .text.rp2040_usb_init
                0x0000000010005c24       0x4c pressure_test_wired/CMakeFiles/pressure_test_wired.dir/home/ben/Desktop/HURC/pico/pico-sdk/lib/tinyusb/src/portable/raspberrypi/rp2040/rp2040_usb.c.obj
                0x0000000010005c24                rp2040_usb_init
 .text.hw_endpoint_xfer_start
                0x0000000010005c70       0x50 pressure_test_wired/CMakeFiles/pressure_test_wired.dir/home/ben/Desktop/HURC/pico/pico-sdk/lib/tinyusb/src/portable/raspberrypi/rp2040/rp2040_usb.c.obj
                0x0000000010005c70                hw_endpoint_xfer_start
 .text.configuration_reset
                0x0000000010005cc0       0x84 pressure_test_wired/CMakeFiles/pressure_test_wired.dir/home/ben/Desktop/HURC/pico/pico-sdk/lib/tinyusb/src/device/usbd.c.obj
 .text.usbd_reset
                0x0000000010005d44        0xc pressure_test_wired/CMakeFiles/pressure_test_wired.dir/home/ben/Desktop/HURC/pico/pico-sdk/lib/tinyusb/src/device/usbd.c.obj
 .text.invoke_class_control
                0x0000000010005d50       0x1a pressure_test_wired/CMakeFiles/pressure_test_wired.dir/home/ben/Desktop/HURC/pico/pico-sdk/lib/tinyusb/src/device/usbd.c.obj
 *fill*         0x0000000010005d6a        0x2 
 .text.process_set_config
                0x0000000010005d6c      0x178 pressure_test_wired/CMakeFiles/pressure_test_wired.dir/home/ben/Desktop/HURC/pico/pico-sdk/lib/tinyusb/src/device/usbd.c.obj
 .text.process_get_descriptor
                0x0000000010005ee4       0xdc pressure_test_wired/CMakeFiles/pressure_test_wired.dir/home/ben/Desktop/HURC/pico/pico-sdk/lib/tinyusb/src/device/usbd.c.obj
 .text.tud_mounted
                0x0000000010005fc0       0x10 pressure_test_wired/CMakeFiles/pressure_test_wired.dir/home/ben/Desktop/HURC/pico/pico-sdk/lib/tinyusb/src/device/usbd.c.obj
                0x0000000010005fc0                tud_mounted
 .text.tud_suspended
                0x0000000010005fd0       0x10 pressure_test_wired/CMakeFiles/pressure_test_wired.dir/home/ben/Desktop/HURC/pico/pico-sdk/lib/tinyusb/src/device/usbd.c.obj
                0x0000000010005fd0                tud_suspended
 .text.tud_inited
                0x0000000010005fe0       0x14 pressure_test_wired/CMakeFiles/pressure_test_wired.dir/home/ben/Desktop/HURC/pico/pico-sdk/lib/tinyusb/src/device/usbd.c.obj
                0x0000000010005fe0                tud_inited
 .text.tud_init
                0x0000000010005ff4       0xcc pressure_test_wired/CMakeFiles/pressure_test_wired.dir/home/ben/Desktop/HURC/pico/pico-sdk/lib/tinyusb/src/device/usbd.c.obj
                0x0000000010005ff4                tud_init
 .text.usbd_defer_func
                0x00000000100060c0       0x2a pressure_test_wired/CMakeFiles/pressure_test_wired.dir/home/ben/Desktop/HURC/pico/pico-sdk/lib/tinyusb/src/device/usbd.c.obj
                0x00000000100060c0                usbd_defer_func
 *fill*         0x00000000100060ea        0x2 
 .text.usbd_edpt_open
                0x00000000100060ec       0x34 pressure_test_wired/CMakeFiles/pressure_test_wired.dir/home/ben/Desktop/HURC/pico/pico-sdk/lib/tinyusb/src/device/usbd.c.obj
                0x00000000100060ec                usbd_edpt_open
 .text.usbd_open_edpt_pair
                0x0000000010006120       0x62 pressure_test_wired/CMakeFiles/pressure_test_wired.dir/home/ben/Desktop/HURC/pico/pico-sdk/lib/tinyusb/src/device/usbd.c.obj
                0x0000000010006120                usbd_open_edpt_pair
 *fill*         0x0000000010006182        0x2 
 .text.usbd_edpt_claim
                0x0000000010006184       0x28 pressure_test_wired/CMakeFiles/pressure_test_wired.dir/home/ben/Desktop/HURC/pico/pico-sdk/lib/tinyusb/src/device/usbd.c.obj
                0x0000000010006184                usbd_edpt_claim
 .text.usbd_edpt_release
                0x00000000100061ac       0x28 pressure_test_wired/CMakeFiles/pressure_test_wired.dir/home/ben/Desktop/HURC/pico/pico-sdk/lib/tinyusb/src/device/usbd.c.obj
                0x00000000100061ac                usbd_edpt_release
 .text.usbd_edpt_xfer
                0x00000000100061d4       0x78 pressure_test_wired/CMakeFiles/pressure_test_wired.dir/home/ben/Desktop/HURC/pico/pico-sdk/lib/tinyusb/src/device/usbd.c.obj
                0x00000000100061d4                usbd_edpt_xfer
 .text.usbd_edpt_stall
                0x000000001000624c       0x48 pressure_test_wired/CMakeFiles/pressure_test_wired.dir/home/ben/Desktop/HURC/pico/pico-sdk/lib/tinyusb/src/device/usbd.c.obj
                0x000000001000624c                usbd_edpt_stall
 .text.usbd_edpt_clear_stall
                0x0000000010006294       0x48 pressure_test_wired/CMakeFiles/pressure_test_wired.dir/home/ben/Desktop/HURC/pico/pico-sdk/lib/tinyusb/src/device/usbd.c.obj
                0x0000000010006294                usbd_edpt_clear_stall
 .text.usbd_edpt_stalled
                0x00000000100062dc       0x1c pressure_test_wired/CMakeFiles/pressure_test_wired.dir/home/ben/Desktop/HURC/pico/pico-sdk/lib/tinyusb/src/device/usbd.c.obj
                0x00000000100062dc                usbd_edpt_stalled
 .text.process_control_request
                0x00000000100062f8      0x37c pressure_test_wired/CMakeFiles/pressure_test_wired.dir/home/ben/Desktop/HURC/pico/pico-sdk/lib/tinyusb/src/device/usbd.c.obj
 .text.tud_task_ext
                0x0000000010006674      0x1b4 pressure_test_wired/CMakeFiles/pressure_test_wired.dir/home/ben/Desktop/HURC/pico/pico-sdk/lib/tinyusb/src/device/usbd.c.obj
                0x0000000010006674                tud_task_ext
 .text._data_stage_xact
                0x0000000010006828       0x58 pressure_test_wired/CMakeFiles/pressure_test_wired.dir/home/ben/Desktop/HURC/pico/pico-sdk/lib/tinyusb/src/device/usbd_control.c.obj
 .text.tud_control_status
                0x0000000010006880       0x38 pressure_test_wired/CMakeFiles/pressure_test_wired.dir/home/ben/Desktop/HURC/pico/pico-sdk/lib/tinyusb/src/device/usbd_control.c.obj
                0x0000000010006880                tud_control_status
 .text.tud_control_xfer
                0x00000000100068b8       0x74 pressure_test_wired/CMakeFiles/pressure_test_wired.dir/home/ben/Desktop/HURC/pico/pico-sdk/lib/tinyusb/src/device/usbd_control.c.obj
                0x00000000100068b8                tud_control_xfer
 .text.usbd_control_reset
                0x000000001000692c       0x14 pressure_test_wired/CMakeFiles/pressure_test_wired.dir/home/ben/Desktop/HURC/pico/pico-sdk/lib/tinyusb/src/device/usbd_control.c.obj
                0x000000001000692c                usbd_control_reset
 .text.usbd_control_set_complete_callback
                0x0000000010006940        0xc pressure_test_wired/CMakeFiles/pressure_test_wired.dir/home/ben/Desktop/HURC/pico/pico-sdk/lib/tinyusb/src/device/usbd_control.c.obj
                0x0000000010006940                usbd_control_set_complete_callback
 .text.usbd_control_set_request
                0x000000001000694c       0x1c pressure_test_wired/CMakeFiles/pressure_test_wired.dir/home/ben/Desktop/HURC/pico/pico-sdk/lib/tinyusb/src/device/usbd_control.c.obj
                0x000000001000694c                usbd_control_set_request
 .text.usbd_control_xfer_cb
                0x0000000010006968       0xcc pressure_test_wired/CMakeFiles/pressure_test_wired.dir/home/ben/Desktop/HURC/pico/pico-sdk/lib/tinyusb/src/device/usbd_control.c.obj
                0x0000000010006968                usbd_control_xfer_cb
 .text._prep_out_transaction
                0x0000000010006a34       0x4a pressure_test_wired/CMakeFiles/pressure_test_wired.dir/home/ben/Desktop/HURC/pico/pico-sdk/lib/tinyusb/src/class/cdc/cdc_device.c.obj
 *fill*         0x0000000010006a7e        0x2 
 .text.tud_cdc_n_connected
                0x0000000010006a80       0x44 pressure_test_wired/CMakeFiles/pressure_test_wired.dir/home/ben/Desktop/HURC/pico/pico-sdk/lib/tinyusb/src/class/cdc/cdc_device.c.obj
                0x0000000010006a80                tud_cdc_n_connected
 .text.tud_cdc_n_available
                0x0000000010006ac4       0x18 pressure_test_wired/CMakeFiles/pressure_test_wired.dir/home/ben/Desktop/HURC/pico/pico-sdk/lib/tinyusb/src/class/cdc/cdc_device.c.obj
                0x0000000010006ac4                tud_cdc_n_available
 .text.tud_cdc_n_read
                0x0000000010006adc       0x28 pressure_test_wired/CMakeFiles/pressure_test_wired.dir/home/ben/Desktop/HURC/pico/pico-sdk/lib/tinyusb/src/class/cdc/cdc_device.c.obj
                0x0000000010006adc                tud_cdc_n_read
 .text.tud_cdc_n_write_flush
                0x0000000010006b04       0xb8 pressure_test_wired/CMakeFiles/pressure_test_wired.dir/home/ben/Desktop/HURC/pico/pico-sdk/lib/tinyusb/src/class/cdc/cdc_device.c.obj
                0x0000000010006b04                tud_cdc_n_write_flush
 .text.tud_cdc_n_write
                0x0000000010006bbc       0x38 pressure_test_wired/CMakeFiles/pressure_test_wired.dir/home/ben/Desktop/HURC/pico/pico-sdk/lib/tinyusb/src/class/cdc/cdc_device.c.obj
                0x0000000010006bbc                tud_cdc_n_write
 .text.tud_cdc_n_write_available
                0x0000000010006bf4       0x1c pressure_test_wired/CMakeFiles/pressure_test_wired.dir/home/ben/Desktop/HURC/pico/pico-sdk/lib/tinyusb/src/class/cdc/cdc_device.c.obj
                0x0000000010006bf4                tud_cdc_n_write_available
 .text.cdcd_init
                0x0000000010006c10       0xbc pressure_test_wired/CMakeFiles/pressure_test_wired.dir/home/ben/Desktop/HURC/pico/pico-sdk/lib/tinyusb/src/class/cdc/cdc_device.c.obj
                0x0000000010006c10                cdcd_init
 .text.cdcd_reset
                0x0000000010006ccc       0x44 pressure_test_wired/CMakeFiles/pressure_test_wired.dir/home/ben/Desktop/HURC/pico/pico-sdk/lib/tinyusb/src/class/cdc/cdc_device.c.obj
                0x0000000010006ccc                cdcd_reset
 .text.cdcd_open
                0x0000000010006d10       0xcc pressure_test_wired/CMakeFiles/pressure_test_wired.dir/home/ben/Desktop/HURC/pico/pico-sdk/lib/tinyusb/src/class/cdc/cdc_device.c.obj
                0x0000000010006d10                cdcd_open
 .text.cdcd_control_xfer_cb
                0x0000000010006ddc      0x134 pressure_test_wired/CMakeFiles/pressure_test_wired.dir/home/ben/Desktop/HURC/pico/pico-sdk/lib/tinyusb/src/class/cdc/cdc_device.c.obj
                0x0000000010006ddc                cdcd_control_xfer_cb
 .text.cdcd_xfer_cb
                0x0000000010006f10      0x130 pressure_test_wired/CMakeFiles/pressure_test_wired.dir/home/ben/Desktop/HURC/pico/pico-sdk/lib/tinyusb/src/class/cdc/cdc_device.c.obj
                0x0000000010006f10                cdcd_xfer_cb
 .text.tusb_init
                0x0000000010007040        0xa pressure_test_wired/CMakeFiles/pressure_test_wired.dir/home/ben/Desktop/HURC/pico/pico-sdk/lib/tinyusb/src/tusb.c.obj
                0x0000000010007040                tusb_init
 .text.tusb_inited
                0x000000001000704a        0xe pressure_test_wired/CMakeFiles/pressure_test_wired.dir/home/ben/Desktop/HURC/pico/pico-sdk/lib/tinyusb/src/tusb.c.obj
                0x000000001000704a                tusb_inited
 .text.tu_edpt_claim
                0x0000000010007058       0x50 pressure_test_wired/CMakeFiles/pressure_test_wired.dir/home/ben/Desktop/HURC/pico/pico-sdk/lib/tinyusb/src/tusb.c.obj
                0x0000000010007058                tu_edpt_claim
 .text.tu_edpt_release
                0x00000000100070a8       0x3c pressure_test_wired/CMakeFiles/pressure_test_wired.dir/home/ben/Desktop/HURC/pico/pico-sdk/lib/tinyusb/src/tusb.c.obj
                0x00000000100070a8                tu_edpt_release
 .text.tu_edpt_validate
                0x00000000100070e4       0x78 pressure_test_wired/CMakeFiles/pressure_test_wired.dir/home/ben/Desktop/HURC/pico/pico-sdk/lib/tinyusb/src/tusb.c.obj
                0x00000000100070e4                tu_edpt_validate
 .text.tu_edpt_bind_driver
                0x000000001000715c       0x26 pressure_test_wired/CMakeFiles/pressure_test_wired.dir/home/ben/Desktop/HURC/pico/pico-sdk/lib/tinyusb/src/tusb.c.obj
                0x000000001000715c                tu_edpt_bind_driver
 .text.advance_index
                0x0000000010007182       0x1a pressure_test_wired/CMakeFiles/pressure_test_wired.dir/home/ben/Desktop/HURC/pico/pico-sdk/lib/tinyusb/src/common/tusb_fifo.c.obj
 .text._tu_fifo_peek
                0x000000001000719c       0x56 pressure_test_wired/CMakeFiles/pressure_test_wired.dir/home/ben/Desktop/HURC/pico/pico-sdk/lib/tinyusb/src/common/tusb_fifo.c.obj
 .text._ff_pull_const_addr
                0x00000000100071f2       0x4c pressure_test_wired/CMakeFiles/pressure_test_wired.dir/home/ben/Desktop/HURC/pico/pico-sdk/lib/tinyusb/src/common/tusb_fifo.c.obj
 .text._ff_pull_n
                0x000000001000723e      0x110 pressure_test_wired/CMakeFiles/pressure_test_wired.dir/home/ben/Desktop/HURC/pico/pico-sdk/lib/tinyusb/src/common/tusb_fifo.c.obj
 .text._tu_fifo_peek_n
                0x000000001000734e       0x6a pressure_test_wired/CMakeFiles/pressure_test_wired.dir/home/ben/Desktop/HURC/pico/pico-sdk/lib/tinyusb/src/common/tusb_fifo.c.obj
 .text._tu_fifo_read_n
                0x00000000100073b8       0x4e pressure_test_wired/CMakeFiles/pressure_test_wired.dir/home/ben/Desktop/HURC/pico/pico-sdk/lib/tinyusb/src/common/tusb_fifo.c.obj
 .text._ff_push_const_addr
                0x0000000010007406       0x40 pressure_test_wired/CMakeFiles/pressure_test_wired.dir/home/ben/Desktop/HURC/pico/pico-sdk/lib/tinyusb/src/common/tusb_fifo.c.obj
 .text._ff_push_n
                0x0000000010007446      0x10c pressure_test_wired/CMakeFiles/pressure_test_wired.dir/home/ben/Desktop/HURC/pico/pico-sdk/lib/tinyusb/src/common/tusb_fifo.c.obj
 .text._tu_fifo_write_n
                0x0000000010007552       0xf0 pressure_test_wired/CMakeFiles/pressure_test_wired.dir/home/ben/Desktop/HURC/pico/pico-sdk/lib/tinyusb/src/common/tusb_fifo.c.obj
 .text.tu_fifo_config
                0x0000000010007642       0x7c pressure_test_wired/CMakeFiles/pressure_test_wired.dir/home/ben/Desktop/HURC/pico/pico-sdk/lib/tinyusb/src/common/tusb_fifo.c.obj
                0x0000000010007642                tu_fifo_config
 .text.tu_fifo_count
                0x00000000100076be       0x2a pressure_test_wired/CMakeFiles/pressure_test_wired.dir/home/ben/Desktop/HURC/pico/pico-sdk/lib/tinyusb/src/common/tusb_fifo.c.obj
                0x00000000100076be                tu_fifo_count
 .text.tu_fifo_empty
                0x00000000100076e8       0x10 pressure_test_wired/CMakeFiles/pressure_test_wired.dir/home/ben/Desktop/HURC/pico/pico-sdk/lib/tinyusb/src/common/tusb_fifo.c.obj
                0x00000000100076e8                tu_fifo_empty
 .text.tu_fifo_full
                0x00000000100076f8       0x28 pressure_test_wired/CMakeFiles/pressure_test_wired.dir/home/ben/Desktop/HURC/pico/pico-sdk/lib/tinyusb/src/common/tusb_fifo.c.obj
                0x00000000100076f8                tu_fifo_full
 .text.tu_fifo_remaining
                0x0000000010007720       0x2c pressure_test_wired/CMakeFiles/pressure_test_wired.dir/home/ben/Desktop/HURC/pico/pico-sdk/lib/tinyusb/src/common/tusb_fifo.c.obj
                0x0000000010007720                tu_fifo_remaining
 .text.tu_fifo_read
                0x000000001000774c       0x42 pressure_test_wired/CMakeFiles/pressure_test_wired.dir/home/ben/Desktop/HURC/pico/pico-sdk/lib/tinyusb/src/common/tusb_fifo.c.obj
                0x000000001000774c                tu_fifo_read
 .text.tu_fifo_read_n
                0x000000001000778e        0xa pressure_test_wired/CMakeFiles/pressure_test_wired.dir/home/ben/Desktop/HURC/pico/pico-sdk/lib/tinyusb/src/common/tusb_fifo.c.obj
                0x000000001000778e                tu_fifo_read_n
 .text.tu_fifo_write
                0x0000000010007798       0x64 pressure_test_wired/CMakeFiles/pressure_test_wired.dir/home/ben/Desktop/HURC/pico/pico-sdk/lib/tinyusb/src/common/tusb_fifo.c.obj
                0x0000000010007798                tu_fifo_write
 .text.tu_fifo_write_n
                0x00000000100077fc        0xa pressure_test_wired/CMakeFiles/pressure_test_wired.dir/home/ben/Desktop/HURC/pico/pico-sdk/lib/tinyusb/src/common/tusb_fifo.c.obj
                0x00000000100077fc                tu_fifo_write_n
 .text.tu_fifo_clear
                0x0000000010007806       0x3e pressure_test_wired/CMakeFiles/pressure_test_wired.dir/home/ben/Desktop/HURC/pico/pico-sdk/lib/tinyusb/src/common/tusb_fifo.c.obj
                0x0000000010007806                tu_fifo_clear
 .text.tu_fifo_set_overwritable
                0x0000000010007844       0x46 pressure_test_wired/CMakeFiles/pressure_test_wired.dir/home/ben/Desktop/HURC/pico/pico-sdk/lib/tinyusb/src/common/tusb_fifo.c.obj
                0x0000000010007844                tu_fifo_set_overwritable
 .text.spi_set_baudrate
                0x000000001000788a       0x92 pressure_test_wired/CMakeFiles/pressure_test_wired.dir/home/ben/Desktop/HURC/pico/pico-sdk/src/rp2_common/hardware_spi/spi.c.obj
                0x000000001000788a                spi_set_baudrate
 .text.spi_init
                0x000000001000791c       0x68 pressure_test_wired/CMakeFiles/pressure_test_wired.dir/home/ben/Desktop/HURC/pico/pico-sdk/src/rp2_common/hardware_spi/spi.c.obj
                0x000000001000791c                spi_init
 .text.__cxa_pure_virtual
                0x0000000010007984        0x8 /usr/lib/gcc/arm-none-eabi/10.3.1/../../../arm-none-eabi/lib/thumb/v6-m/nofp/libstdc++.a(pure.o)
                0x0000000010007984                __cxa_pure_virtual
 .text._ZN10__cxxabiv111__terminateEPFvvE
                0x000000001000798c       0x28 /usr/lib/gcc/arm-none-eabi/10.3.1/../../../arm-none-eabi/lib/thumb/v6-m/nofp/libstdc++.a(eh_terminate.o)
                0x000000001000798c                __cxxabiv1::__terminate(void (*)())
 .text._ZSt9terminatev
                0x00000000100079b4       0x10 /usr/lib/gcc/arm-none-eabi/10.3.1/../../../arm-none-eabi/lib/thumb/v6-m/nofp/libstdc++.a(eh_terminate.o)
                0x00000000100079b4                std::terminate()
 .text._ZN10__cxxabiv112__unexpectedEPFvvE
                0x00000000100079c4        0x8 /usr/lib/gcc/arm-none-eabi/10.3.1/../../../arm-none-eabi/lib/thumb/v6-m/nofp/libstdc++.a(eh_terminate.o)
                0x00000000100079c4                __cxxabiv1::__unexpected(void (*)())
 .text._ZSt10unexpectedv
                0x00000000100079cc       0x10 /usr/lib/gcc/arm-none-eabi/10.3.1/../../../arm-none-eabi/lib/thumb/v6-m/nofp/libstdc++.a(eh_terminate.o)
                0x00000000100079cc                std::unexpected()
 .text._ZSt13get_terminatev
                0x00000000100079dc        0xc /usr/lib/gcc/arm-none-eabi/10.3.1/../../../arm-none-eabi/lib/thumb/v6-m/nofp/libstdc++.a(eh_terminate.o)
                0x00000000100079dc                std::get_terminate()
 .text._ZSt14get_unexpectedv
                0x00000000100079e8        0xc /usr/lib/gcc/arm-none-eabi/10.3.1/../../../arm-none-eabi/lib/thumb/v6-m/nofp/libstdc++.a(eh_terminate.o)
                0x00000000100079e8                std::get_unexpected()
 .text.__cxa_end_cleanup
                0x00000000100079f4        0xc /usr/lib/gcc/arm-none-eabi/10.3.1/../../../arm-none-eabi/lib/thumb/v6-m/nofp/libstdc++.a(eh_arm.o)
                0x00000000100079f4                __cxa_end_cleanup
 .text.__cxa_type_match
                0x0000000010007a00       0xc0 /usr/lib/gcc/arm-none-eabi/10.3.1/../../../arm-none-eabi/lib/thumb/v6-m/nofp/libstdc++.a(eh_arm.o)
                0x0000000010007a00                __cxa_type_match
 .text.__cxa_begin_cleanup
                0x0000000010007ac0       0x60 /usr/lib/gcc/arm-none-eabi/10.3.1/../../../arm-none-eabi/lib/thumb/v6-m/nofp/libstdc++.a(eh_arm.o)
                0x0000000010007ac0                __cxa_begin_cleanup
 .text.__gnu_end_cleanup
                0x0000000010007b20       0x70 /usr/lib/gcc/arm-none-eabi/10.3.1/../../../arm-none-eabi/lib/thumb/v6-m/nofp/libstdc++.a(eh_arm.o)
                0x0000000010007b20                __gnu_end_cleanup
 .text._ZN10__cxxabiv1L24__is_gxx_exception_classEPc
                0x0000000010007b90       0x3c /usr/lib/gcc/arm-none-eabi/10.3.1/../../../arm-none-eabi/lib/thumb/v6-m/nofp/libstdc++.a(eh_call.o)
 .text.__cxa_call_terminate
                0x0000000010007bcc       0x20 /usr/lib/gcc/arm-none-eabi/10.3.1/../../../arm-none-eabi/lib/thumb/v6-m/nofp/libstdc++.a(eh_call.o)
                0x0000000010007bcc                __cxa_call_terminate
 .text.unlikely.__cxa_call_unexpected
                0x0000000010007bec      0x100 /usr/lib/gcc/arm-none-eabi/10.3.1/../../../arm-none-eabi/lib/thumb/v6-m/nofp/libstdc++.a(eh_call.o)
                0x0000000010007bec                __cxa_call_unexpected
 .text.__cxa_begin_catch
                0x0000000010007cec       0x74 /usr/lib/gcc/arm-none-eabi/10.3.1/../../../arm-none-eabi/lib/thumb/v6-m/nofp/libstdc++.a(eh_catch.o)
                0x0000000010007cec                __cxa_begin_catch
 .text.__cxa_end_catch
                0x0000000010007d60       0x90 /usr/lib/gcc/arm-none-eabi/10.3.1/../../../arm-none-eabi/lib/thumb/v6-m/nofp/libstdc++.a(eh_catch.o)
                0x0000000010007d60                __cxa_end_catch
 .text._ZNSt13bad_exceptionD2Ev
                0x0000000010007df0        0x4 /usr/lib/gcc/arm-none-eabi/10.3.1/../../../arm-none-eabi/lib/thumb/v6-m/nofp/libstdc++.a(eh_exception.o)
                0x0000000010007df0                std::bad_exception::~bad_exception()
                0x0000000010007df0                std::bad_exception::~bad_exception()
 .text._ZNKSt13bad_exception4whatEv
                0x0000000010007df4        0x8 /usr/lib/gcc/arm-none-eabi/10.3.1/../../../arm-none-eabi/lib/thumb/v6-m/nofp/libstdc++.a(eh_exception.o)
                0x0000000010007df4                transaction clone for std::bad_exception::what() const
                0x0000000010007df4                std::bad_exception::what() const
 .text._ZNSt13bad_exceptionD0Ev
                0x0000000010007dfc       0x10 /usr/lib/gcc/arm-none-eabi/10.3.1/../../../arm-none-eabi/lib/thumb/v6-m/nofp/libstdc++.a(eh_exception.o)
                0x0000000010007dfc                std::bad_exception::~bad_exception()
 .text.__cxa_get_globals_fast
                0x0000000010007e0c        0x8 /usr/lib/gcc/arm-none-eabi/10.3.1/../../../arm-none-eabi/lib/thumb/v6-m/nofp/libstdc++.a(eh_globals.o)
                0x0000000010007e0c                __cxa_get_globals_fast
 .text.__cxa_get_globals
                0x0000000010007e14        0x8 /usr/lib/gcc/arm-none-eabi/10.3.1/../../../arm-none-eabi/lib/thumb/v6-m/nofp/libstdc++.a(eh_globals.o)
                0x0000000010007e14                __cxa_get_globals
 .text._ZL28read_encoded_value_with_basehjPKhPj
                0x0000000010007e1c      0x114 /usr/lib/gcc/arm-none-eabi/10.3.1/../../../arm-none-eabi/lib/thumb/v6-m/nofp/libstdc++.a(eh_personality.o)
 .text._ZL21base_of_encoded_valuehP15_Unwind_Context
                0x0000000010007f30       0x48 /usr/lib/gcc/arm-none-eabi/10.3.1/../../../arm-none-eabi/lib/thumb/v6-m/nofp/libstdc++.a(eh_personality.o)
 .text._ZL17parse_lsda_headerP15_Unwind_ContextPKhP16lsda_header_info
                0x0000000010007f78       0x98 /usr/lib/gcc/arm-none-eabi/10.3.1/../../../arm-none-eabi/lib/thumb/v6-m/nofp/libstdc++.a(eh_personality.o)
 .text.__gxx_personality_v0
                0x0000000010008010      0x4c8 /usr/lib/gcc/arm-none-eabi/10.3.1/../../../arm-none-eabi/lib/thumb/v6-m/nofp/libstdc++.a(eh_personality.o)
                0x0000000010008010                __gxx_personality_v0
 .text._ZL23__gxx_exception_cleanup19_Unwind_Reason_CodeP21_Unwind_Control_Block
                0x00000000100084d8       0x34 /usr/lib/gcc/arm-none-eabi/10.3.1/../../../arm-none-eabi/lib/thumb/v6-m/nofp/libstdc++.a(eh_throw.o)
 .text.__cxa_init_primary_exception
                0x000000001000850c       0x4c /usr/lib/gcc/arm-none-eabi/10.3.1/../../../arm-none-eabi/lib/thumb/v6-m/nofp/libstdc++.a(eh_throw.o)
                0x000000001000850c                __cxa_init_primary_exception
 .text.__cxa_throw
                0x0000000010008558       0x34 /usr/lib/gcc/arm-none-eabi/10.3.1/../../../arm-none-eabi/lib/thumb/v6-m/nofp/libstdc++.a(eh_throw.o)
                0x0000000010008558                __cxa_throw
 .text.__cxa_rethrow
                0x000000001000858c       0x70 /usr/lib/gcc/arm-none-eabi/10.3.1/../../../arm-none-eabi/lib/thumb/v6-m/nofp/libstdc++.a(eh_throw.o)
                0x000000001000858c                __cxa_rethrow
 .text._ZN10__cxxabiv120__si_class_type_infoD2Ev
                0x00000000100085fc       0x18 /usr/lib/gcc/arm-none-eabi/10.3.1/../../../arm-none-eabi/lib/thumb/v6-m/nofp/libstdc++.a(si_class_type_info.o)
                0x00000000100085fc                __cxxabiv1::__si_class_type_info::~__si_class_type_info()
                0x00000000100085fc                __cxxabiv1::__si_class_type_info::~__si_class_type_info()
 .text._ZN10__cxxabiv120__si_class_type_infoD0Ev
                0x0000000010008614       0x20 /usr/lib/gcc/arm-none-eabi/10.3.1/../../../arm-none-eabi/lib/thumb/v6-m/nofp/libstdc++.a(si_class_type_info.o)
                0x0000000010008614                __cxxabiv1::__si_class_type_info::~__si_class_type_info()
 .text._ZNK10__cxxabiv120__si_class_type_info20__do_find_public_srcEiPKvPKNS_17__class_type_infoES2_
                0x0000000010008634       0x38 /usr/lib/gcc/arm-none-eabi/10.3.1/../../../arm-none-eabi/lib/thumb/v6-m/nofp/libstdc++.a(si_class_type_info.o)
                0x0000000010008634                __cxxabiv1::__si_class_type_info::__do_find_public_src(int, void const*, __cxxabiv1::__class_type_info const*, void const*) const
 .text._ZNK10__cxxabiv120__si_class_type_info12__do_dyncastEiNS_17__class_type_info10__sub_kindEPKS1_PKvS4_S6_RNS1_16__dyncast_resultE
                0x000000001000866c       0x9c /usr/lib/gcc/arm-none-eabi/10.3.1/../../../arm-none-eabi/lib/thumb/v6-m/nofp/libstdc++.a(si_class_type_info.o)
                0x000000001000866c                __cxxabiv1::__si_class_type_info::__do_dyncast(int, __cxxabiv1::__class_type_info::__sub_kind, __cxxabiv1::__class_type_info const*, void const*, __cxxabiv1::__class_type_info const*, void const*, __cxxabiv1::__class_type_info::__dyncast_result&) const
 .text._ZNK10__cxxabiv120__si_class_type_info11__do_upcastEPKNS_17__class_type_infoEPKvRNS1_15__upcast_resultE
                0x0000000010008708       0x24 /usr/lib/gcc/arm-none-eabi/10.3.1/../../../arm-none-eabi/lib/thumb/v6-m/nofp/libstdc++.a(si_class_type_info.o)
                0x0000000010008708                __cxxabiv1::__si_class_type_info::__do_upcast(__cxxabiv1::__class_type_info const*, void const*, __cxxabiv1::__class_type_info::__upcast_result&) const
 .text._ZNSt9type_infoD2Ev
                0x000000001000872c        0x4 /usr/lib/gcc/arm-none-eabi/10.3.1/../../../arm-none-eabi/lib/thumb/v6-m/nofp/libstdc++.a(tinfo.o)
                0x000000001000872c                std::type_info::~type_info()
                0x000000001000872c                std::type_info::~type_info()
 .text._ZNKSt9type_info14__is_pointer_pEv
                0x0000000010008730        0x4 /usr/lib/gcc/arm-none-eabi/10.3.1/../../../arm-none-eabi/lib/thumb/v6-m/nofp/libstdc++.a(tinfo.o)
                0x0000000010008730                std::type_info::__is_function_p() const
                0x0000000010008730                std::type_info::__is_pointer_p() const
 .text._ZNKSt9type_infoeqERKS_
                0x0000000010008734       0x30 /usr/lib/gcc/arm-none-eabi/10.3.1/../../../arm-none-eabi/lib/thumb/v6-m/nofp/libstdc++.a(tinfo.o)
                0x0000000010008734                std::type_info::operator==(std::type_info const&) const
 .text._ZNK10__cxxabiv117__class_type_info11__do_upcastEPKS0_PPv
                0x0000000010008764       0x34 /usr/lib/gcc/arm-none-eabi/10.3.1/../../../arm-none-eabi/lib/thumb/v6-m/nofp/libstdc++.a(class_type_info.o)
                0x0000000010008764                __cxxabiv1::__class_type_info::__do_upcast(__cxxabiv1::__class_type_info const*, void**) const
 .text._ZNK10__cxxabiv117__class_type_info20__do_find_public_srcEiPKvPKS0_S2_
                0x0000000010008798       0x14 /usr/lib/gcc/arm-none-eabi/10.3.1/../../../arm-none-eabi/lib/thumb/v6-m/nofp/libstdc++.a(class_type_info.o)
                0x0000000010008798                __cxxabiv1::__class_type_info::__do_find_public_src(int, void const*, __cxxabiv1::__class_type_info const*, void const*) const
 .text._ZN10__cxxabiv117__class_type_infoD2Ev
                0x00000000100087ac       0x18 /usr/lib/gcc/arm-none-eabi/10.3.1/../../../arm-none-eabi/lib/thumb/v6-m/nofp/libstdc++.a(class_type_info.o)
                0x00000000100087ac                __cxxabiv1::__class_type_info::~__class_type_info()
                0x00000000100087ac                __cxxabiv1::__class_type_info::~__class_type_info()
 .text._ZN10__cxxabiv117__class_type_infoD0Ev
                0x00000000100087c4       0x20 /usr/lib/gcc/arm-none-eabi/10.3.1/../../../arm-none-eabi/lib/thumb/v6-m/nofp/libstdc++.a(class_type_info.o)
                0x00000000100087c4                __cxxabiv1::__class_type_info::~__class_type_info()
 .text._ZNK10__cxxabiv117__class_type_info12__do_dyncastEiNS0_10__sub_kindEPKS0_PKvS3_S5_RNS0_16__dyncast_resultE
                0x00000000100087e4       0x40 /usr/lib/gcc/arm-none-eabi/10.3.1/../../../arm-none-eabi/lib/thumb/v6-m/nofp/libstdc++.a(class_type_info.o)
                0x00000000100087e4                __cxxabiv1::__class_type_info::__do_dyncast(int, __cxxabiv1::__class_type_info::__sub_kind, __cxxabiv1::__class_type_info const*, void const*, __cxxabiv1::__class_type_info const*, void const*, __cxxabiv1::__class_type_info::__dyncast_result&) const
 .text._ZNK10__cxxabiv117__class_type_info11__do_upcastEPKS0_PKvRNS0_15__upcast_resultE
                0x0000000010008824       0x1c /usr/lib/gcc/arm-none-eabi/10.3.1/../../../arm-none-eabi/lib/thumb/v6-m/nofp/libstdc++.a(class_type_info.o)
                0x0000000010008824                __cxxabiv1::__class_type_info::__do_upcast(__cxxabiv1::__class_type_info const*, void const*, __cxxabiv1::__class_type_info::__upcast_result&) const
 .text._ZNK10__cxxabiv117__class_type_info10__do_catchEPKSt9type_infoPPvj
                0x0000000010008840       0x24 /usr/lib/gcc/arm-none-eabi/10.3.1/../../../arm-none-eabi/lib/thumb/v6-m/nofp/libstdc++.a(class_type_info.o)
                0x0000000010008840                __cxxabiv1::__class_type_info::__do_catch(std::type_info const*, void**, unsigned int) const
 .text._ZN12_GLOBAL__N_14pool4freeEPv.constprop.0
                0x0000000010008864       0x78 /usr/lib/gcc/arm-none-eabi/10.3.1/../../../arm-none-eabi/lib/thumb/v6-m/nofp/libstdc++.a(eh_alloc.o)
 .text._ZN12_GLOBAL__N_14pool8allocateEj.constprop.0
                0x00000000100088dc       0x54 /usr/lib/gcc/arm-none-eabi/10.3.1/../../../arm-none-eabi/lib/thumb/v6-m/nofp/libstdc++.a(eh_alloc.o)
 .text.__cxa_allocate_exception
                0x0000000010008930       0x2c /usr/lib/gcc/arm-none-eabi/10.3.1/../../../arm-none-eabi/lib/thumb/v6-m/nofp/libstdc++.a(eh_alloc.o)
                0x0000000010008930                __cxa_allocate_exception
 .text.__cxa_free_exception
                0x000000001000895c       0x24 /usr/lib/gcc/arm-none-eabi/10.3.1/../../../arm-none-eabi/lib/thumb/v6-m/nofp/libstdc++.a(eh_alloc.o)
                0x000000001000895c                __cxa_free_exception
 .text.startup._GLOBAL__sub_I__ZN9__gnu_cxx9__freeresEv
                0x0000000010008980       0x2c /usr/lib/gcc/arm-none-eabi/10.3.1/../../../arm-none-eabi/lib/thumb/v6-m/nofp/libstdc++.a(eh_alloc.o)