Archive member included to satisfy reference by file (symbol)

/usr/lib/gcc/arm-none-eabi/10.3.1/thumb/v6-m/nofp/libgcc.a(_dvmd_tls.o)
                              relay_test/CMakeFiles/relay_test.dir/home/ben/Desktop/HURC/pico/pico-sdk/src/rp2_common/pico_divider/divider.S.obj (__aeabi_idiv0)
/usr/lib/gcc/arm-none-eabi/10.3.1/../../../arm-none-eabi/lib/thumb/v6-m/nofp/libg.a(lib_a-atexit.o)
                              /usr/lib/gcc/arm-none-eabi/10.3.1/../../../arm-none-eabi/lib/thumb/v6-m/nofp/crt0.o (atexit)
/usr/lib/gcc/arm-none-eabi/10.3.1/../../../arm-none-eabi/lib/thumb/v6-m/nofp/libg.a(lib_a-calloc.o)
                              relay_test/CMakeFiles/relay_test.dir/home/ben/Desktop/HURC/pico/pico-sdk/src/rp2_common/pico_malloc/pico_malloc.c.obj (calloc)
/usr/lib/gcc/arm-none-eabi/10.3.1/../../../arm-none-eabi/lib/thumb/v6-m/nofp/libg.a(lib_a-callocr.o)
                              /usr/lib/gcc/arm-none-eabi/10.3.1/../../../arm-none-eabi/lib/thumb/v6-m/nofp/libg.a(lib_a-calloc.o) (_calloc_r)
/usr/lib/gcc/arm-none-eabi/10.3.1/../../../arm-none-eabi/lib/thumb/v6-m/nofp/libg.a(lib_a-fini.o)
                              /usr/lib/gcc/arm-none-eabi/10.3.1/../../../arm-none-eabi/lib/thumb/v6-m/nofp/crt0.o (__libc_fini_array)
/usr/lib/gcc/arm-none-eabi/10.3.1/../../../arm-none-eabi/lib/thumb/v6-m/nofp/libg.a(lib_a-impure.o)
                              /usr/lib/gcc/arm-none-eabi/10.3.1/../../../arm-none-eabi/lib/thumb/v6-m/nofp/libg.a(lib_a-calloc.o) (_impure_ptr)
/usr/lib/gcc/arm-none-eabi/10.3.1/../../../arm-none-eabi/lib/thumb/v6-m/nofp/libg.a(lib_a-init.o)
                              /usr/lib/gcc/arm-none-eabi/10.3.1/../../../arm-none-eabi/lib/thumb/v6-m/nofp/crt0.o (__libc_init_array)
/usr/lib/gcc/arm-none-eabi/10.3.1/../../../arm-none-eabi/lib/thumb/v6-m/nofp/libg.a(lib_a-malloc.o)
                              relay_test/CMakeFiles/relay_test.dir/home/ben/Desktop/HURC/pico/pico-sdk/src/rp2_common/pico_malloc/pico_malloc.c.obj (malloc)
/usr/lib/gcc/arm-none-eabi/10.3.1/../../../arm-none-eabi/lib/thumb/v6-m/nofp/libg.a(lib_a-mallocr.o)
                              /usr/lib/gcc/arm-none-eabi/10.3.1/../../../arm-none-eabi/lib/thumb/v6-m/nofp/libg.a(lib_a-callocr.o) (_malloc_r)
/usr/lib/gcc/arm-none-eabi/10.3.1/../../../arm-none-eabi/lib/thumb/v6-m/nofp/libg.a(lib_a-mlock.o)
                              /usr/lib/gcc/arm-none-eabi/10.3.1/../../../arm-none-eabi/lib/thumb/v6-m/nofp/libg.a(lib_a-mallocr.o) (__malloc_lock)
/usr/lib/gcc/arm-none-eabi/10.3.1/../../../arm-none-eabi/lib/thumb/v6-m/nofp/libg.a(lib_a-realloc.o)
                              relay_test/CMakeFiles/relay_test.dir/home/ben/Desktop/HURC/pico/pico-sdk/src/rp2_common/pico_malloc/pico_malloc.c.obj (realloc)
/usr/lib/gcc/arm-none-eabi/10.3.1/../../../arm-none-eabi/lib/thumb/v6-m/nofp/libg.a(lib_a-reallocr.o)
                              /usr/lib/gcc/arm-none-eabi/10.3.1/../../../arm-none-eabi/lib/thumb/v6-m/nofp/libg.a(lib_a-realloc.o) (_realloc_r)
/usr/lib/gcc/arm-none-eabi/10.3.1/../../../arm-none-eabi/lib/thumb/v6-m/nofp/libg.a(lib_a-sbrkr.o)
                              /usr/lib/gcc/arm-none-eabi/10.3.1/../../../arm-none-eabi/lib/thumb/v6-m/nofp/libg.a(lib_a-mallocr.o) (_sbrk_r)
/usr/lib/gcc/arm-none-eabi/10.3.1/../../../arm-none-eabi/lib/thumb/v6-m/nofp/libg.a(lib_a-strlen-stub.o)
                              relay_test/CMakeFiles/relay_test.dir/home/ben/Desktop/HURC/pico/pico-sdk/src/rp2_common/pico_stdio/stdio.c.obj (strlen)
/usr/lib/gcc/arm-none-eabi/10.3.1/../../../arm-none-eabi/lib/thumb/v6-m/nofp/libg.a(lib_a-__atexit.o)
                              /usr/lib/gcc/arm-none-eabi/10.3.1/../../../arm-none-eabi/lib/thumb/v6-m/nofp/libg.a(lib_a-atexit.o) (__register_exitproc)
/usr/lib/gcc/arm-none-eabi/10.3.1/../../../arm-none-eabi/lib/thumb/v6-m/nofp/libg.a(lib_a-freer.o)
                              /usr/lib/gcc/arm-none-eabi/10.3.1/../../../arm-none-eabi/lib/thumb/v6-m/nofp/libg.a(lib_a-malloc.o) (_free_r)
/usr/lib/gcc/arm-none-eabi/10.3.1/../../../arm-none-eabi/lib/thumb/v6-m/nofp/libg.a(lib_a-memmove.o)
                              /usr/lib/gcc/arm-none-eabi/10.3.1/../../../arm-none-eabi/lib/thumb/v6-m/nofp/libg.a(lib_a-reallocr.o) (memmove)
/usr/lib/gcc/arm-none-eabi/10.3.1/../../../arm-none-eabi/lib/thumb/v6-m/nofp/libg.a(lib_a-reent.o)
                              /usr/lib/gcc/arm-none-eabi/10.3.1/../../../arm-none-eabi/lib/thumb/v6-m/nofp/libg.a(lib_a-sbrkr.o) (errno)

Discarded input sections

 .text          0x0000000000000000        0x0 /usr/lib/gcc/arm-none-eabi/10.3.1/thumb/v6-m/nofp/crti.o
 .data          0x0000000000000000        0x0 /usr/lib/gcc/arm-none-eabi/10.3.1/thumb/v6-m/nofp/crti.o
 .bss           0x0000000000000000        0x0 /usr/lib/gcc/arm-none-eabi/10.3.1/thumb/v6-m/nofp/crti.o
 .data          0x0000000000000000        0x4 /usr/lib/gcc/arm-none-eabi/10.3.1/thumb/v6-m/nofp/crtbegin.o
 .rodata        0x0000000000000000       0x24 /usr/lib/gcc/arm-none-eabi/10.3.1/thumb/v6-m/nofp/crtbegin.o
[...]
Memory Configuration

Name             Origin             Length             Attributes
FLASH            0x0000000010000000 0x0000000000200000 xr
RAM              0x0000000020000000 0x0000000000040000 xrw
SCRATCH_X        0x0000000020040000 0x0000000000001000 xrw
SCRATCH_Y        0x0000000020041000 0x0000000000001000 xrw
*default*        0x0000000000000000 0xffffffffffffffff

Linker script and memory map

LOAD /usr/lib/gcc/arm-none-eabi/10.3.1/thumb/v6-m/nofp/crti.o
LOAD /usr/lib/gcc/arm-none-eabi/10.3.1/thumb/v6-m/nofp/crtbegin.o
LOAD /usr/lib/gcc/arm-none-eabi/10.3.1/../../../arm-none-eabi/lib/thumb/v6-m/nofp/crt0.o

.flash_begin    0x0000000010000000        0x0
                0x0000000010000000                __flash_binary_start = .

.boot2          0x0000000010000000      0x100
                0x0000000010000000                __boot2_start__ = .
 *(.boot2)
 .boot2         0x0000000010000000      0x100 /tmp/ccRy7oHE.o
                0x0000000010000100                __boot2_end__ = .
                0x0000000000000001                ASSERT (((__boot2_end__ - __boot2_start__) == 0x100), ERROR: Pico second stage bootloader must be 256 bytes in size)

.text           0x0000000010000100     0x6cf0
                0x0000000010000100                __logical_binary_start = .
 *(.vectors)
 .vectors       0x0000000010000100       0xd4 relay_test/CMakeFiles/relay_test.dir/home/ben/Desktop/HURC/pico/pico-sdk/src/rp2_common/pico_standard_link/crt0.S.obj
                0x0000000010000100                __vectors
                0x0000000010000100                __VECTOR_TABLE
                0x00000000100001c0                isr_invalid
                0x00000000100001c0                __default_isrs_start
                0x00000000100001c2                isr_nmi
                0x00000000100001c4                isr_hardfault
                0x00000000100001c6                isr_svcall
                0x00000000100001c8                isr_pendsv
                0x00000000100001ca                isr_systick
                0x00000000100001cc                isr_irq30
                0x00000000100001cc                __unhandled_user_irq
                0x00000000100001cc                isr_irq13
                0x00000000100001cc                isr_irq27
                0x00000000100001cc                isr_irq31
                0x00000000100001cc                isr_irq5
                0x00000000100001cc                isr_irq11
                0x00000000100001cc                isr_irq23
                0x00000000100001cc                isr_irq18
                0x00000000100001cc                isr_irq28
                0x00000000100001cc                isr_irq19
                0x00000000100001cc                isr_irq0
                0x00000000100001cc                isr_irq6
                0x00000000100001cc                isr_irq22
                0x00000000100001cc                isr_irq17
                0x00000000100001cc                isr_irq14
                0x00000000100001cc                isr_irq2
                0x00000000100001cc                isr_irq10
                0x00000000100001cc                isr_irq8
                0x00000000100001cc                isr_irq24
                0x00000000100001cc                isr_irq1
                0x00000000100001cc                isr_irq7
                0x00000000100001cc                isr_irq21
                0x00000000100001cc                isr_irq20
                0x00000000100001cc                isr_irq15
                0x00000000100001cc                isr_irq25
                0x00000000100001cc                isr_irq4
                0x00000000100001cc                isr_irq16
                0x00000000100001cc                isr_irq29
                0x00000000100001cc                isr_irq26
                0x00000000100001cc                __default_isrs_end
                0x00000000100001cc                isr_irq3
                0x00000000100001cc                isr_irq12
                0x00000000100001cc                isr_irq9
                0x00000000100001d2                unhandled_user_irq_num_in_r0
 *(.binary_info_header)
 .binary_info_header
                0x00000000100001d4       0x14 relay_test/CMakeFiles/relay_test.dir/home/ben/Desktop/HURC/pico/pico-sdk/src/rp2_common/pico_standard_link/crt0.S.obj
                0x00000000100001e8                __binary_info_header_end = .
 *(.reset)
 .reset         0x00000000100001e8       0xa0 relay_test/CMakeFiles/relay_test.dir/home/ben/Desktop/HURC/pico/pico-sdk/src/rp2_common/pico_standard_link/crt0.S.obj
                0x00000000100001e8                _entry_point
 .reset         0x0000000010000288       0x30 relay_test/CMakeFiles/relay_test.dir/home/ben/Desktop/HURC/pico/pico-sdk/src/rp2_common/pico_standard_link/binary_info.c.obj
 *(.init)
 .init          0x00000000100002b8        0x4 /usr/lib/gcc/arm-none-eabi/10.3.1/thumb/v6-m/nofp/crti.o
                0x00000000100002b8                _init
 *(EXCLUDE_FILE(*libm.a: *libc.a:*lib_a-mem*.o *libgcc.a:) .text*)
 .text          0x00000000100002bc       0x98 /usr/lib/gcc/arm-none-eabi/10.3.1/thumb/v6-m/nofp/crtbegin.o
 .text.main     0x0000000010000354       0x36 relay_test/CMakeFiles/relay_test.dir/relay_test.c.obj
                0x0000000010000354                main
 *fill*         0x000000001000038a        0x2 
 .text.gpio_set_function
                0x000000001000038c       0x30 relay_test/CMakeFiles/relay_test.dir/home/ben/Desktop/HURC/pico/pico-sdk/src/rp2_common/hardware_gpio/gpio.c.obj
                0x000000001000038c                gpio_set_function
 .text.gpio_init
                0x00000000100003bc       0x16 relay_test/CMakeFiles/relay_test.dir/home/ben/Desktop/HURC/pico/pico-sdk/src/rp2_common/hardware_gpio/gpio.c.obj
                0x00000000100003bc                gpio_init
 *fill*         0x00000000100003d2        0x2 
 .text.running_on_fpga
                0x00000000100003d4       0x14 relay_test/CMakeFiles/relay_test.dir/home/ben/Desktop/HURC/pico/pico-sdk/src/rp2_common/pico_platform/platform.c.obj
                0x00000000100003d4                running_on_fpga
 .text.hw_claim_lock
                0x00000000100003e8       0x18 relay_test/CMakeFiles/relay_test.dir/home/ben/Desktop/HURC/pico/pico-sdk/src/rp2_common/hardware_claim/claim.c.obj
                0x00000000100003e8                hw_claim_lock
 .text.hw_claim_unlock
                0x0000000010000400       0x14 relay_test/CMakeFiles/relay_test.dir/home/ben/Desktop/HURC/pico/pico-sdk/src/rp2_common/hardware_claim/claim.c.obj
                0x0000000010000400                hw_claim_unlock
 .text.hw_claim_or_assert
                0x0000000010000414       0x32 relay_test/CMakeFiles/relay_test.dir/home/ben/Desktop/HURC/pico/pico-sdk/src/rp2_common/hardware_claim/claim.c.obj
                0x0000000010000414                hw_claim_or_assert
 .text.hw_claim_unused_from_range
                0x0000000010000446       0x50 relay_test/CMakeFiles/relay_test.dir/home/ben/Desktop/HURC/pico/pico-sdk/src/rp2_common/hardware_claim/claim.c.obj
                0x0000000010000446                hw_claim_unused_from_range
 *fill*         0x0000000010000496        0x2 
 .text.spin_locks_reset
                0x0000000010000498       0x20 relay_test/CMakeFiles/relay_test.dir/home/ben/Desktop/HURC/pico/pico-sdk/src/rp2_common/hardware_sync/sync.c.obj
                0x0000000010000498                spin_locks_reset
 .text.next_striped_spin_lock_num
                0x00000000100004b8       0x1c relay_test/CMakeFiles/relay_test.dir/home/ben/Desktop/HURC/pico/pico-sdk/src/rp2_common/hardware_sync/sync.c.obj
                0x00000000100004b8                next_striped_spin_lock_num
 .text.spin_lock_claim_unused
                0x00000000100004d4       0x20 relay_test/CMakeFiles/relay_test.dir/home/ben/Desktop/HURC/pico/pico-sdk/src/rp2_common/hardware_sync/sync.c.obj
                0x00000000100004d4                spin_lock_claim_unused
 .text.set_raw_irq_handler_and_unlock
                0x00000000100004f4       0x28 relay_test/CMakeFiles/relay_test.dir/home/ben/Desktop/HURC/pico/pico-sdk/src/rp2_common/hardware_irq/irq.c.obj
 .text.make_branch
                0x000000001000051c       0x48 relay_test/CMakeFiles/relay_test.dir/home/ben/Desktop/HURC/pico/pico-sdk/src/rp2_common/hardware_irq/irq.c.obj
 .text.insert_branch_and_link
                0x0000000010000564       0x40 relay_test/CMakeFiles/relay_test.dir/home/ben/Desktop/HURC/pico/pico-sdk/src/rp2_common/hardware_irq/irq.c.obj
 .text.irq_is_enabled
                0x00000000100005a4       0x18 relay_test/CMakeFiles/relay_test.dir/home/ben/Desktop/HURC/pico/pico-sdk/src/rp2_common/hardware_irq/irq.c.obj
                0x00000000100005a4                irq_is_enabled
 .text.irq_set_mask_enabled
                0x00000000100005bc       0x20 relay_test/CMakeFiles/relay_test.dir/home/ben/Desktop/HURC/pico/pico-sdk/src/rp2_common/hardware_irq/irq.c.obj
                0x00000000100005bc                irq_set_mask_enabled
 .text.irq_set_enabled
                0x00000000100005dc        0xe relay_test/CMakeFiles/relay_test.dir/home/ben/Desktop/HURC/pico/pico-sdk/src/rp2_common/hardware_irq/irq.c.obj
                0x00000000100005dc                irq_set_enabled
 *fill*         0x00000000100005ea        0x2 
 .text.irq_set_pending
                0x00000000100005ec       0x10 relay_test/CMakeFiles/relay_test.dir/home/ben/Desktop/HURC/pico/pico-sdk/src/rp2_common/hardware_irq/irq.c.obj
                0x00000000100005ec                irq_set_pending
 .text.irq_get_vtable_handler
                0x00000000100005fc       0x10 relay_test/CMakeFiles/relay_test.dir/home/ben/Desktop/HURC/pico/pico-sdk/src/rp2_common/hardware_irq/irq.c.obj
                0x00000000100005fc                irq_get_vtable_handler
 .text.irq_has_shared_handler
                0x000000001000060c       0x24 relay_test/CMakeFiles/relay_test.dir/home/ben/Desktop/HURC/pico/pico-sdk/src/rp2_common/hardware_irq/irq.c.obj
                0x000000001000060c                irq_has_shared_handler
 .text.irq_set_exclusive_handler
                0x0000000010000630       0x54 relay_test/CMakeFiles/relay_test.dir/home/ben/Desktop/HURC/pico/pico-sdk/src/rp2_common/hardware_irq/irq.c.obj
                0x0000000010000630                irq_set_exclusive_handler
 .text.irq_add_shared_handler
                0x0000000010000684      0x234 relay_test/CMakeFiles/relay_test.dir/home/ben/Desktop/HURC/pico/pico-sdk/src/rp2_common/hardware_irq/irq.c.obj
                0x0000000010000684                irq_add_shared_handler
 .text.irq_remove_handler
                0x00000000100008b8      0x1ac relay_test/CMakeFiles/relay_test.dir/home/ben/Desktop/HURC/pico/pico-sdk/src/rp2_common/hardware_irq/irq.c.obj
                0x00000000100008b8                irq_remove_handler
 .text.irq_add_tail_to_free_list
                0x0000000010000a64       0xf0 relay_test/CMakeFiles/relay_test.dir/home/ben/Desktop/HURC/pico/pico-sdk/src/rp2_common/hardware_irq/irq.c.obj
                0x0000000010000a64                irq_add_tail_to_free_list
 .text.irq_init_priorities
                0x0000000010000b54       0x1c relay_test/CMakeFiles/relay_test.dir/home/ben/Desktop/HURC/pico/pico-sdk/src/rp2_common/hardware_irq/irq.c.obj
                0x0000000010000b54                irq_init_priorities
 .text.user_irq_claim_unused
                0x0000000010000b70       0x28 relay_test/CMakeFiles/relay_test.dir/home/ben/Desktop/HURC/pico/pico-sdk/src/rp2_common/hardware_irq/irq.c.obj
                0x0000000010000b70                user_irq_claim_unused
 .text.lock_init
                0x0000000010000b98       0x10 relay_test/CMakeFiles/relay_test.dir/home/ben/Desktop/HURC/pico/pico-sdk/src/common/pico_sync/lock_core.c.obj
                0x0000000010000b98                lock_init
 .text.mutex_init
                0x0000000010000ba8       0x1a relay_test/CMakeFiles/relay_test.dir/home/ben/Desktop/HURC/pico/pico-sdk/src/common/pico_sync/mutex.c.obj
                0x0000000010000ba8                mutex_init
 .text.recursive_mutex_init
                0x0000000010000bc2       0x1e relay_test/CMakeFiles/relay_test.dir/home/ben/Desktop/HURC/pico/pico-sdk/src/common/pico_sync/mutex.c.obj
                0x0000000010000bc2                recursive_mutex_init
 .text.critical_section_init_with_lock_num
                0x0000000010000be0       0x14 relay_test/CMakeFiles/relay_test.dir/home/ben/Desktop/HURC/pico/pico-sdk/src/common/pico_sync/critical_section.c.obj
                0x0000000010000be0                critical_section_init_with_lock_num
 .text.critical_section_init
                0x0000000010000bf4       0x14 relay_test/CMakeFiles/relay_test.dir/home/ben/Desktop/HURC/pico/pico-sdk/src/common/pico_sync/critical_section.c.obj
                0x0000000010000bf4                critical_section_init
 .text.alarm_pool_post_alloc_init
                0x0000000010000c08       0x40 relay_test/CMakeFiles/relay_test.dir/home/ben/Desktop/HURC/pico/pico-sdk/src/common/pico_time/time.c.obj
 .text.sleep_until_callback
                0x0000000010000c48       0x30 relay_test/CMakeFiles/relay_test.dir/home/ben/Desktop/HURC/pico/pico-sdk/src/common/pico_time/time.c.obj
 .text.timer_pool_entry_comparator
                0x0000000010000c78       0x7c relay_test/CMakeFiles/relay_test.dir/home/ben/Desktop/HURC/pico/pico-sdk/src/common/pico_time/time.c.obj
                0x0000000010000c78                timer_pool_entry_comparator
 .text.ph_add_child_node
                0x0000000010000cf4       0xa4 relay_test/CMakeFiles/relay_test.dir/home/ben/Desktop/HURC/pico/pico-sdk/src/common/pico_time/time.c.obj
 .text.ph_merge_nodes
                0x0000000010000d98       0x3e relay_test/CMakeFiles/relay_test.dir/home/ben/Desktop/HURC/pico/pico-sdk/src/common/pico_time/time.c.obj
 *fill*         0x0000000010000dd6        0x2 
 .text.add_alarm_under_lock
                0x0000000010000dd8      0x174 relay_test/CMakeFiles/relay_test.dir/home/ben/Desktop/HURC/pico/pico-sdk/src/common/pico_time/time.c.obj
 .text.alarm_pool_alarm_callback
                0x0000000010000f4c      0x33c relay_test/CMakeFiles/relay_test.dir/home/ben/Desktop/HURC/pico/pico-sdk/src/common/pico_time/time.c.obj
 .text.alarm_pool_init_default
                0x0000000010001288       0x40 relay_test/CMakeFiles/relay_test.dir/home/ben/Desktop/HURC/pico/pico-sdk/src/common/pico_time/time.c.obj
                0x0000000010001288                alarm_pool_init_default
 .text.alarm_pool_get_default
                0x00000000100012c8       0x2c relay_test/CMakeFiles/relay_test.dir/home/ben/Desktop/HURC/pico/pico-sdk/src/common/pico_time/time.c.obj
                0x00000000100012c8                alarm_pool_get_default
 .text.alarm_pool_add_alarm_at
                0x00000000100012f4      0x168 relay_test/CMakeFiles/relay_test.dir/home/ben/Desktop/HURC/pico/pico-sdk/src/common/pico_time/time.c.obj
                0x00000000100012f4                alarm_pool_add_alarm_at
 .text.alarm_pool_cancel_alarm
                0x000000001000145c       0xf0 relay_test/CMakeFiles/relay_test.dir/home/ben/Desktop/HURC/pico/pico-sdk/src/common/pico_time/time.c.obj
                0x000000001000145c                alarm_pool_cancel_alarm
 .text.alarm_pool_core_num
                0x000000001000154c        0x4 relay_test/CMakeFiles/relay_test.dir/home/ben/Desktop/HURC/pico/pico-sdk/src/common/pico_time/time.c.obj
                0x000000001000154c                alarm_pool_core_num
 .text.sleep_until
                0x0000000010001550       0xfc relay_test/CMakeFiles/relay_test.dir/home/ben/Desktop/HURC/pico/pico-sdk/src/common/pico_time/time.c.obj
                0x0000000010001550                sleep_until
 .text.sleep_us
                0x000000001000164c       0x58 relay_test/CMakeFiles/relay_test.dir/home/ben/Desktop/HURC/pico/pico-sdk/src/common/pico_time/time.c.obj
                0x000000001000164c                sleep_us
 .text.sleep_ms
                0x00000000100016a4       0x14 relay_test/CMakeFiles/relay_test.dir/home/ben/Desktop/HURC/pico/pico-sdk/src/common/pico_time/time.c.obj
                0x00000000100016a4                sleep_ms
 .text.best_effort_wfe_or_timeout
                0x00000000100016b8       0xac relay_test/CMakeFiles/relay_test.dir/home/ben/Desktop/HURC/pico/pico-sdk/src/common/pico_time/time.c.obj
                0x00000000100016b8                best_effort_wfe_or_timeout
 .text.hardware_alarm_irq_handler
                0x0000000010001764       0x90 relay_test/CMakeFiles/relay_test.dir/home/ben/Desktop/HURC/pico/pico-sdk/src/rp2_common/hardware_timer/timer.c.obj
 .text.hardware_alarm_claim
                0x00000000100017f4       0x18 relay_test/CMakeFiles/relay_test.dir/home/ben/Desktop/HURC/pico/pico-sdk/src/rp2_common/hardware_timer/timer.c.obj
                0x00000000100017f4                hardware_alarm_claim
 .text.time_us_64
                0x000000001000180c       0x18 relay_test/CMakeFiles/relay_test.dir/home/ben/Desktop/HURC/pico/pico-sdk/src/rp2_common/hardware_timer/timer.c.obj
                0x000000001000180c                time_us_64
 .text.busy_wait_until
                0x0000000010001824       0x28 relay_test/CMakeFiles/relay_test.dir/home/ben/Desktop/HURC/pico/pico-sdk/src/rp2_common/hardware_timer/timer.c.obj
                0x0000000010001824                busy_wait_until
 .text.hardware_alarm_set_callback
                0x000000001000184c       0x90 relay_test/CMakeFiles/relay_test.dir/home/ben/Desktop/HURC/pico/pico-sdk/src/rp2_common/hardware_timer/timer.c.obj
                0x000000001000184c                hardware_alarm_set_callback
 .text.hardware_alarm_set_target
                0x00000000100018dc       0xe8 relay_test/CMakeFiles/relay_test.dir/home/ben/Desktop/HURC/pico/pico-sdk/src/rp2_common/hardware_timer/timer.c.obj
                0x00000000100018dc                hardware_alarm_set_target
 .text.hardware_alarm_cancel
                0x00000000100019c4       0x40 relay_test/CMakeFiles/relay_test.dir/home/ben/Desktop/HURC/pico/pico-sdk/src/rp2_common/hardware_timer/timer.c.obj
                0x00000000100019c4                hardware_alarm_cancel
 .text.ph_add_child_node
                0x0000000010001a04       0xa4 relay_test/CMakeFiles/relay_test.dir/home/ben/Desktop/HURC/pico/pico-sdk/src/common/pico_util/pheap.c.obj
 .text.ph_merge_nodes
                0x0000000010001aa8       0x3e relay_test/CMakeFiles/relay_test.dir/home/ben/Desktop/HURC/pico/pico-sdk/src/common/pico_util/pheap.c.obj
 *fill*         0x0000000010001ae6        0x2 
 .text.ph_clear
                0x0000000010001ae8       0x70 relay_test/CMakeFiles/relay_test.dir/home/ben/Desktop/HURC/pico/pico-sdk/src/common/pico_util/pheap.c.obj
                0x0000000010001ae8                ph_clear
 .text.ph_post_alloc_init
                0x0000000010001b58        0xe relay_test/CMakeFiles/relay_test.dir/home/ben/Desktop/HURC/pico/pico-sdk/src/common/pico_util/pheap.c.obj
                0x0000000010001b58                ph_post_alloc_init
 *fill*         0x0000000010001b66        0x2 
 .text.ph_merge_two_pass
                0x0000000010001b68       0xa8 relay_test/CMakeFiles/relay_test.dir/home/ben/Desktop/HURC/pico/pico-sdk/src/common/pico_util/pheap.c.obj
                0x0000000010001b68                ph_merge_two_pass
 .text.ph_remove_any_head
                0x0000000010001c10      0x128 relay_test/CMakeFiles/relay_test.dir/home/ben/Desktop/HURC/pico/pico-sdk/src/common/pico_util/pheap.c.obj
 .text.ph_remove_head
                0x0000000010001d38       0x14 relay_test/CMakeFiles/relay_test.dir/home/ben/Desktop/HURC/pico/pico-sdk/src/common/pico_util/pheap.c.obj
                0x0000000010001d38                ph_remove_head
 .text.ph_remove_and_free_node
                0x0000000010001d4c       0xf8 relay_test/CMakeFiles/relay_test.dir/home/ben/Desktop/HURC/pico/pico-sdk/src/common/pico_util/pheap.c.obj
                0x0000000010001d4c                ph_remove_and_free_node
 .text.clock_configure
                0x0000000010001e44      0x104 relay_test/CMakeFiles/relay_test.dir/home/ben/Desktop/HURC/pico/pico-sdk/src/rp2_common/hardware_clocks/clocks.c.obj
                0x0000000010001e44                clock_configure
 .text.clocks_init
                0x0000000010001f48      0x100 relay_test/CMakeFiles/relay_test.dir/home/ben/Desktop/HURC/pico/pico-sdk/src/rp2_common/hardware_clocks/clocks.c.obj
                0x0000000010001f48                clocks_init
 .text.pll_init
                0x0000000010002048      0x12c relay_test/CMakeFiles/relay_test.dir/home/ben/Desktop/HURC/pico/pico-sdk/src/rp2_common/hardware_pll/pll.c.obj
                0x0000000010002048                pll_init
 .text.watchdog_start_tick
                0x0000000010002174       0x10 relay_test/CMakeFiles/relay_test.dir/home/ben/Desktop/HURC/pico/pico-sdk/src/rp2_common/hardware_watchdog/watchdog.c.obj
                0x0000000010002174                watchdog_start_tick
 .text.watchdog_update
                0x0000000010002184       0x14 relay_test/CMakeFiles/relay_test.dir/home/ben/Desktop/HURC/pico/pico-sdk/src/rp2_common/hardware_watchdog/watchdog.c.obj
                0x0000000010002184                watchdog_update
 .text._watchdog_enable
                0x0000000010002198       0x78 relay_test/CMakeFiles/relay_test.dir/home/ben/Desktop/HURC/pico/pico-sdk/src/rp2_common/hardware_watchdog/watchdog.c.obj
                0x0000000010002198                _watchdog_enable
 .text.watchdog_reboot
                0x0000000010002210       0x48 relay_test/CMakeFiles/relay_test.dir/home/ben/Desktop/HURC/pico/pico-sdk/src/rp2_common/hardware_watchdog/watchdog.c.obj
                0x0000000010002210                watchdog_reboot
 .text.xosc_init
                0x0000000010002258       0x28 relay_test/CMakeFiles/relay_test.dir/home/ben/Desktop/HURC/pico/pico-sdk/src/rp2_common/hardware_xosc/xosc.c.obj
                0x0000000010002258                xosc_init
 .text._exit    0x0000000010002280        0x4 relay_test/CMakeFiles/relay_test.dir/home/ben/Desktop/HURC/pico/pico-sdk/src/rp2_common/pico_runtime/runtime.c.obj
                0x0000000010002280                _exit
 .text.exit     0x0000000010002284        0x6 relay_test/CMakeFiles/relay_test.dir/home/ben/Desktop/HURC/pico/pico-sdk/src/rp2_common/pico_runtime/runtime.c.obj
                0x0000000010002284                exit
 *fill*         0x000000001000228a        0x2 
 .text.__assert_func
                0x000000001000228c       0x3c relay_test/CMakeFiles/relay_test.dir/home/ben/Desktop/HURC/pico/pico-sdk/src/rp2_common/pico_runtime/runtime.c.obj
                0x000000001000228c                __assert_func
 .text.runtime_init
                0x00000000100022c8       0xf8 relay_test/CMakeFiles/relay_test.dir/home/ben/Desktop/HURC/pico/pico-sdk/src/rp2_common/pico_runtime/runtime.c.obj
                0x00000000100022c8                runtime_init
 .text.panic    0x00000000100023c0       0x30 relay_test/CMakeFiles/relay_test.dir/home/ben/Desktop/HURC/pico/pico-sdk/src/rp2_common/pico_runtime/runtime.c.obj
                0x00000000100023c0                panic
 .text._out_null
                0x00000000100023f0        0x2 relay_test/CMakeFiles/relay_test.dir/home/ben/Desktop/HURC/pico/pico-sdk/src/rp2_common/pico_printf/printf.c.obj
 .text._out_fct
                0x00000000100023f2        0xe relay_test/CMakeFiles/relay_test.dir/home/ben/Desktop/HURC/pico/pico-sdk/src/rp2_common/pico_printf/printf.c.obj
 .text._atoi    0x0000000010002400       0x24 relay_test/CMakeFiles/relay_test.dir/home/ben/Desktop/HURC/pico/pico-sdk/src/rp2_common/pico_printf/printf.c.obj
 .text._out_rev
                0x0000000010002424       0xae relay_test/CMakeFiles/relay_test.dir/home/ben/Desktop/HURC/pico/pico-sdk/src/rp2_common/pico_printf/printf.c.obj
 .text._ntoa_format
                0x00000000100024d2      0x112 relay_test/CMakeFiles/relay_test.dir/home/ben/Desktop/HURC/pico/pico-sdk/src/rp2_common/pico_printf/printf.c.obj
 .text._ntoa_long
                0x00000000100025e4       0xbc relay_test/CMakeFiles/relay_test.dir/home/ben/Desktop/HURC/pico/pico-sdk/src/rp2_common/pico_printf/printf.c.obj
 .text._ntoa_long_long
                0x00000000100026a0       0xe2 relay_test/CMakeFiles/relay_test.dir/home/ben/Desktop/HURC/pico/pico-sdk/src/rp2_common/pico_printf/printf.c.obj
 *fill*         0x0000000010002782        0x2 
 .text._etoa    0x0000000010002784      0x414 relay_test/CMakeFiles/relay_test.dir/home/ben/Desktop/HURC/pico/pico-sdk/src/rp2_common/pico_printf/printf.c.obj
 .text._ftoa    0x0000000010002b98      0x354 relay_test/CMakeFiles/relay_test.dir/home/ben/Desktop/HURC/pico/pico-sdk/src/rp2_common/pico_printf/printf.c.obj
 .text._vsnprintf
                0x0000000010002eec      0x624 relay_test/CMakeFiles/relay_test.dir/home/ben/Desktop/HURC/pico/pico-sdk/src/rp2_common/pico_printf/printf.c.obj
 .text.vfctprintf
                0x0000000010003510       0x20 relay_test/CMakeFiles/relay_test.dir/home/ben/Desktop/HURC/pico/pico-sdk/src/rp2_common/pico_printf/printf.c.obj
                0x0000000010003510                vfctprintf
 .text          0x0000000010003530       0x10 relay_test/CMakeFiles/relay_test.dir/home/ben/Desktop/HURC/pico/pico-sdk/src/rp2_common/pico_bit_ops/bit_ops_aeabi.S.obj
 .text.rom_func_lookup
                0x0000000010003540       0x10 relay_test/CMakeFiles/relay_test.dir/home/ben/Desktop/HURC/pico/pico-sdk/src/rp2_common/pico_bootrom/bootrom.c.obj
                0x0000000010003540                rom_func_lookup
 .text.rom_data_lookup
                0x0000000010003550       0x10 relay_test/CMakeFiles/relay_test.dir/home/ben/Desktop/HURC/pico/pico-sdk/src/rp2_common/pico_bootrom/bootrom.c.obj
                0x0000000010003550                rom_data_lookup
 .text.rom_funcs_lookup
                0x0000000010003560       0x36 relay_test/CMakeFiles/relay_test.dir/home/ben/Desktop/HURC/pico/pico-sdk/src/rp2_common/pico_bootrom/bootrom.c.obj
                0x0000000010003560                rom_funcs_lookup
 *fill*         0x0000000010003596        0x2 
 .text.__wrap___aeabi_idiv
                0x0000000010003598       0x50 relay_test/CMakeFiles/relay_test.dir/home/ben/Desktop/HURC/pico/pico-sdk/src/rp2_common/pico_divider/divider.S.obj
                0x0000000010003598                __wrap___aeabi_idivmod
                0x0000000010003598                divmod_s32s32
                0x0000000010003598                div_s32s32
                0x0000000010003598                __wrap___aeabi_idiv
                0x00000000100035a0                divmod_s32s32_unsafe
                0x00000000100035cc                divmod_s32s32_savestate
 .text.__wrap___aeabi_uidiv
                0x00000000100035e8       0x4c relay_test/CMakeFiles/relay_test.dir/home/ben/Desktop/HURC/pico/pico-sdk/src/rp2_common/pico_divider/divider.S.obj
                0x00000000100035e8                __wrap___aeabi_uidiv
                0x00000000100035e8                __wrap___aeabi_uidivmod
                0x00000000100035e8                div_u32u32
                0x00000000100035e8                divmod_u32u32
                0x00000000100035f0                divmod_u32u32_unsafe
                0x0000000010003618                divmod_u32u32_savestate
 .text.__wrap___aeabi_ldiv
                0x0000000010003634      0x424 relay_test/CMakeFiles/relay_test.dir/home/ben/Desktop/HURC/pico/pico-sdk/src/rp2_common/pico_divider/divider.S.obj
                0x0000000010003634                div_s64s64
                0x0000000010003634                divmod_s64s64
                0x0000000010003634                __wrap___aeabi_ldivmod
                0x0000000010003664                div_u64u64
                0x0000000010003664                divmod_u64u64
                0x0000000010003664                __wrap___aeabi_uldivmod
                0x0000000010003674                divmod_u64u64_savestate
                0x0000000010003694                divmod_s64s64_unsafe
                0x000000001000371c                divmod_u64u64_unsafe
 .text.__wrap___aeabi_darithmetic
                0x0000000010003a58       0x80 relay_test/CMakeFiles/relay_test.dir/home/ben/Desktop/HURC/pico/pico-sdk/src/rp2_common/pico_double/double_aeabi.S.obj
                0x0000000010003a58                __wrap___aeabi_drsub
                0x0000000010003a5e                __wrap___aeabi_dsub
                0x0000000010003a70                __wrap___aeabi_dadd
                0x0000000010003a82                __wrap___aeabi_ddiv
                0x0000000010003abe                __wrap___aeabi_dmul
 .text.__wrap___aeabi_cdcmple
                0x0000000010003ad8       0x6c relay_test/CMakeFiles/relay_test.dir/home/ben/Desktop/HURC/pico/pico-sdk/src/rp2_common/pico_double/double_aeabi.S.obj
                0x0000000010003ad8                __wrap___aeabi_cdrcmple
                0x0000000010003ae8                __wrap___aeabi_cdcmple
                0x0000000010003ae8                __wrap___aeabi_cdcmpeq
 .text.__wrap___aeabi_dcmplt
                0x0000000010003b44        0xc relay_test/CMakeFiles/relay_test.dir/home/ben/Desktop/HURC/pico/pico-sdk/src/rp2_common/pico_double/double_aeabi.S.obj
                0x0000000010003b44                __wrap___aeabi_dcmplt
 .text.__wrap___aeabi_dcmple
                0x0000000010003b50       0x10 relay_test/CMakeFiles/relay_test.dir/home/ben/Desktop/HURC/pico/pico-sdk/src/rp2_common/pico_double/double_aeabi.S.obj
                0x0000000010003b50                __wrap___aeabi_dcmple
 .text.__wrap___aeabi_dcmpge
                0x0000000010003b60       0x10 relay_test/CMakeFiles/relay_test.dir/home/ben/Desktop/HURC/pico/pico-sdk/src/rp2_common/pico_double/double_aeabi.S.obj
                0x0000000010003b60                __wrap___aeabi_dcmpge
 .text.__wrap___aeabi_dcmpgt
                0x0000000010003b70        0xa relay_test/CMakeFiles/relay_test.dir/home/ben/Desktop/HURC/pico/pico-sdk/src/rp2_common/pico_double/double_aeabi.S.obj
                0x0000000010003b70                __wrap___aeabi_dcmpgt
 .text.__wrap___aeabi_dcmpun
                0x0000000010003b7a       0x1c relay_test/CMakeFiles/relay_test.dir/home/ben/Desktop/HURC/pico/pico-sdk/src/rp2_common/pico_double/double_aeabi.S.obj
                0x0000000010003b7a                __wrap___aeabi_dcmpun
 *fill*         0x0000000010003b96        0x2 
 .text.__wrap___aeabi_i2d
                0x0000000010003b98       0x38 relay_test/CMakeFiles/relay_test.dir/home/ben/Desktop/HURC/pico/pico-sdk/src/rp2_common/pico_double/double_aeabi.S.obj
                0x0000000010003b98                __wrap___aeabi_ui2d
                0x0000000010003ba0                __wrap___aeabi_i2d
 .text.__wrap___aeabi_d2iz
                0x0000000010003bd0       0x48 relay_test/CMakeFiles/relay_test.dir/home/ben/Desktop/HURC/pico/pico-sdk/src/rp2_common/pico_double/double_aeabi.S.obj
                0x0000000010003bd0                __wrap___aeabi_d2iz
                0x0000000010003bd0                double2int_z
 .text.__wrap___aeabi_d2uiz
                0x0000000010003c18       0x18 relay_test/CMakeFiles/relay_test.dir/home/ben/Desktop/HURC/pico/pico-sdk/src/rp2_common/pico_double/double_aeabi.S.obj
                0x0000000010003c18                double2uint
                0x0000000010003c18                __wrap___aeabi_d2uiz
 .text.__aeabi_double_init
                0x0000000010003c30       0xc8 relay_test/CMakeFiles/relay_test.dir/home/ben/Desktop/HURC/pico/pico-sdk/src/rp2_common/pico_double/double_init_rom.c.obj
                0x0000000010003c30                __aeabi_double_init
 .text.double_table_shim_on_use_helper
                0x0000000010003cf8       0x34 relay_test/CMakeFiles/relay_test.dir/home/ben/Desktop/HURC/pico/pico-sdk/src/rp2_common/pico_double/double_v1_rom_shim.S.obj
                0x0000000010003cf8                double_table_shim_on_use_helper
 .text.__wrap___aeabi_dsub
                0x0000000010003d2c       0x10 relay_test/CMakeFiles/relay_test.dir/home/ben/Desktop/HURC/pico/pico-sdk/src/rp2_common/pico_double/double_v1_rom_shim.S.obj
                0x0000000010003d2c                drsub_shim
                0x0000000010003d32                dsub_shim
 .text.dadd_shim
                0x0000000010003d3c      0x15c relay_test/CMakeFiles/relay_test.dir/home/ben/Desktop/HURC/pico/pico-sdk/src/rp2_common/pico_double/double_v1_rom_shim.S.obj
                0x0000000010003d3c                dadd_shim
 .text.dmul_shim
                0x0000000010003e98      0x15c relay_test/CMakeFiles/relay_test.dir/home/ben/Desktop/HURC/pico/pico-sdk/src/rp2_common/pico_double/double_v1_rom_shim.S.obj
                0x0000000010003e98                dmul_shim
 .text.ddiv_shim
                0x0000000010003ff4      0x1b0 relay_test/CMakeFiles/relay_test.dir/home/ben/Desktop/HURC/pico/pico-sdk/src/rp2_common/pico_double/double_v1_rom_shim.S.obj
                0x0000000010003ff4                ddiv_shim
 .text.double2uint_shim
                0x00000000100041a4        0xe relay_test/CMakeFiles/relay_test.dir/home/ben/Desktop/HURC/pico/pico-sdk/src/rp2_common/pico_double/double_v1_rom_shim.S.obj
                0x00000000100041a4                double2uint_shim
                0x00000000100041a6                double2ufix_shim
 *fill*         0x00000000100041b2        0x2 
 .text.double2uint64_shim
                0x00000000100041b4       0x70 relay_test/CMakeFiles/relay_test.dir/home/ben/Desktop/HURC/pico/pico-sdk/src/rp2_common/pico_double/double_v1_rom_shim.S.obj
                0x00000000100041b4                double2uint64_shim
                0x00000000100041b6                double2ufix64_shim
                0x00000000100041d6                d2fix_a
 .text.dunpacks
                0x0000000010004224       0x3c relay_test/CMakeFiles/relay_test.dir/home/ben/Desktop/HURC/pico/pico-sdk/src/rp2_common/pico_double/double_v1_rom_shim.S.obj
                0x0000000010004224                dunpacks
 .text.__aeabi_lmul
                0x0000000010004260       0x32 relay_test/CMakeFiles/relay_test.dir/home/ben/Desktop/HURC/pico/pico-sdk/src/rp2_common/pico_int64_ops/pico_int64_ops_aeabi.S.obj
                0x0000000010004260                __wrap___aeabi_lmul
 *fill*         0x0000000010004292        0x2 
 .text.__aeabi_float_init
                0x0000000010004294       0xfc relay_test/CMakeFiles/relay_test.dir/home/ben/Desktop/HURC/pico/pico-sdk/src/rp2_common/pico_float/float_init_rom.c.obj
                0x0000000010004294                __aeabi_float_init
 .text.float_table_shim_on_use_helper
                0x0000000010004390       0x34 relay_test/CMakeFiles/relay_test.dir/home/ben/Desktop/HURC/pico/pico-sdk/src/rp2_common/pico_float/float_v1_rom_shim.S.obj
                0x0000000010004390                float_table_shim_on_use_helper
 .text          0x00000000100043c4       0x10 relay_test/CMakeFiles/relay_test.dir/home/ben/Desktop/HURC/pico/pico-sdk/src/rp2_common/pico_mem_ops/mem_ops_aeabi.S.obj
                0x00000000100043c4                __aeabi_mem_init
 .text.memset   0x00000000100043d4        0xc relay_test/CMakeFiles/relay_test.dir/home/ben/Desktop/HURC/pico/pico-sdk/src/rp2_common/pico_mem_ops/mem_ops_aeabi.S.obj
                0x00000000100043d4                __wrap_memset
 .text.memcpy   0x00000000100043e0        0xc relay_test/CMakeFiles/relay_test.dir/home/ben/Desktop/HURC/pico/pico-sdk/src/rp2_common/pico_mem_ops/mem_ops_aeabi.S.obj
                0x00000000100043e0                __wrap___aeabi_memcpy
                0x00000000100043e0                __wrap_memcpy
 .text.stdio_out_chars_no_crlf
                0x00000000100043ec        0xe relay_test/CMakeFiles/relay_test.dir/home/ben/Desktop/HURC/pico/pico-sdk/src/rp2_common/pico_stdio/stdio.c.obj
 *fill*         0x00000000100043fa        0x2 
 .text.stdio_out_chars_crlf
                0x00000000100043fc       0x80 relay_test/CMakeFiles/relay_test.dir/home/ben/Desktop/HURC/pico/pico-sdk/src/rp2_common/pico_stdio/stdio.c.obj
 .text.stdio_stack_buffer_flush
                0x000000001000447c       0x44 relay_test/CMakeFiles/relay_test.dir/home/ben/Desktop/HURC/pico/pico-sdk/src/rp2_common/pico_stdio/stdio.c.obj
 .text.stdio_buffered_printer
                0x00000000100044c0       0x20 relay_test/CMakeFiles/relay_test.dir/home/ben/Desktop/HURC/pico/pico-sdk/src/rp2_common/pico_stdio/stdio.c.obj
 .text.stdout_serialize_begin
                0x00000000100044e0       0x5c relay_test/CMakeFiles/relay_test.dir/home/ben/Desktop/HURC/pico/pico-sdk/src/rp2_common/pico_stdio/stdio.c.obj
                0x00000000100044e0                stdout_serialize_begin
 .text.stdout_serialize_end
                0x000000001000453c       0x10 relay_test/CMakeFiles/relay_test.dir/home/ben/Desktop/HURC/pico/pico-sdk/src/rp2_common/pico_stdio/stdio.c.obj
                0x000000001000453c                stdout_serialize_end
 .text.stdio_put_string
                0x000000001000454c       0x98 relay_test/CMakeFiles/relay_test.dir/home/ben/Desktop/HURC/pico/pico-sdk/src/rp2_common/pico_stdio/stdio.c.obj
 .text.stdio_set_driver_enabled
                0x00000000100045e4       0x2c relay_test/CMakeFiles/relay_test.dir/home/ben/Desktop/HURC/pico/pico-sdk/src/rp2_common/pico_stdio/stdio.c.obj
                0x00000000100045e4                stdio_set_driver_enabled
 .text.stdio_flush
                0x0000000010004610       0x20 relay_test/CMakeFiles/relay_test.dir/home/ben/Desktop/HURC/pico/pico-sdk/src/rp2_common/pico_stdio/stdio.c.obj
                0x0000000010004610                stdio_flush
 .text.__wrap_puts
                0x0000000010004630       0x1e relay_test/CMakeFiles/relay_test.dir/home/ben/Desktop/HURC/pico/pico-sdk/src/rp2_common/pico_stdio/stdio.c.obj
                0x0000000010004630                __wrap_puts
 *fill*         0x000000001000464e        0x2 
 .text.__wrap_vprintf
                0x0000000010004650       0x40 relay_test/CMakeFiles/relay_test.dir/home/ben/Desktop/HURC/pico/pico-sdk/src/rp2_common/pico_stdio/stdio.c.obj
                0x0000000010004650                __wrap_vprintf
 .text.__wrap_printf
                0x0000000010004690       0x18 relay_test/CMakeFiles/relay_test.dir/home/ben/Desktop/HURC/pico/pico-sdk/src/rp2_common/pico_stdio/stdio.c.obj
                0x0000000010004690                __wrap_printf
 .text.stdio_init_all
                0x00000000100046a8        0x8 relay_test/CMakeFiles/relay_test.dir/home/ben/Desktop/HURC/pico/pico-sdk/src/rp2_common/pico_stdio/stdio.c.obj
                0x00000000100046a8                stdio_init_all
 .text.resetd_init
                0x00000000100046b0        0x2 relay_test/CMakeFiles/relay_test.dir/home/ben/Desktop/HURC/pico/pico-sdk/src/rp2_common/pico_stdio_usb/reset_interface.c.obj
 *fill*         0x00000000100046b2        0x2 
 .text.resetd_reset
                0x00000000100046b4        0xc relay_test/CMakeFiles/relay_test.dir/home/ben/Desktop/HURC/pico/pico-sdk/src/rp2_common/pico_stdio_usb/reset_interface.c.obj
 .text.resetd_open
                0x00000000100046c0       0x34 relay_test/CMakeFiles/relay_test.dir/home/ben/Desktop/HURC/pico/pico-sdk/src/rp2_common/pico_stdio_usb/reset_interface.c.obj
 .text.resetd_xfer_cb
                0x00000000100046f4        0x4 relay_test/CMakeFiles/relay_test.dir/home/ben/Desktop/HURC/pico/pico-sdk/src/rp2_common/pico_stdio_usb/reset_interface.c.obj
 .text.reset_usb_boot
                0x00000000100046f8       0x18 relay_test/CMakeFiles/relay_test.dir/home/ben/Desktop/HURC/pico/pico-sdk/src/rp2_common/pico_stdio_usb/reset_interface.c.obj
 .text.resetd_control_xfer_cb
                0x0000000010004710       0x5c relay_test/CMakeFiles/relay_test.dir/home/ben/Desktop/HURC/pico/pico-sdk/src/rp2_common/pico_stdio_usb/reset_interface.c.obj
 .text.usbd_app_driver_get_cb
                0x000000001000476c        0xc relay_test/CMakeFiles/relay_test.dir/home/ben/Desktop/HURC/pico/pico-sdk/src/rp2_common/pico_stdio_usb/reset_interface.c.obj
                0x000000001000476c                usbd_app_driver_get_cb
 .text.tud_cdc_line_coding_cb
                0x0000000010004778       0x28 relay_test/CMakeFiles/relay_test.dir/home/ben/Desktop/HURC/pico/pico-sdk/src/rp2_common/pico_stdio_usb/reset_interface.c.obj
                0x0000000010004778                tud_cdc_line_coding_cb
 .text.stdio_usb_set_chars_available_callback
                0x00000000100047a0       0x14 relay_test/CMakeFiles/relay_test.dir/home/ben/Desktop/HURC/pico/pico-sdk/src/rp2_common/pico_stdio_usb/stdio_usb.c.obj
                0x00000000100047a0                stdio_usb_set_chars_available_callback
 .text.usb_irq  0x00000000100047b4       0x10 relay_test/CMakeFiles/relay_test.dir/home/ben/Desktop/HURC/pico/pico-sdk/src/rp2_common/pico_stdio_usb/stdio_usb.c.obj
 .text.timer_task
                0x00000000100047c4       0x58 relay_test/CMakeFiles/relay_test.dir/home/ben/Desktop/HURC/pico/pico-sdk/src/rp2_common/pico_stdio_usb/stdio_usb.c.obj
 .text.low_priority_worker_irq
                0x000000001000481c       0xd8 relay_test/CMakeFiles/relay_test.dir/home/ben/Desktop/HURC/pico/pico-sdk/src/rp2_common/pico_stdio_usb/stdio_usb.c.obj
 .text.tud_cdc_rx_cb
                0x00000000100048f4       0x20 relay_test/CMakeFiles/relay_test.dir/home/ben/Desktop/HURC/pico/pico-sdk/src/rp2_common/pico_stdio_usb/stdio_usb.c.obj
                0x00000000100048f4                tud_cdc_rx_cb
 .text.stdio_usb_init
                0x0000000010004914      0x12c relay_test/CMakeFiles/relay_test.dir/home/ben/Desktop/HURC/pico/pico-sdk/src/rp2_common/pico_stdio_usb/stdio_usb.c.obj
                0x0000000010004914                stdio_usb_init
 .text.stdio_usb_connected
                0x0000000010004a40        0xa relay_test/CMakeFiles/relay_test.dir/home/ben/Desktop/HURC/pico/pico-sdk/src/rp2_common/pico_stdio_usb/stdio_usb.c.obj
                0x0000000010004a40                stdio_usb_connected
 *fill*         0x0000000010004a4a        0x2 
 .text.stdio_usb_in_chars
                0x0000000010004a4c       0xc4 relay_test/CMakeFiles/relay_test.dir/home/ben/Desktop/HURC/pico/pico-sdk/src/rp2_common/pico_stdio_usb/stdio_usb.c.obj
                0x0000000010004a4c                stdio_usb_in_chars
 .text.stdio_usb_out_chars
                0x0000000010004b10      0x114 relay_test/CMakeFiles/relay_test.dir/home/ben/Desktop/HURC/pico/pico-sdk/src/rp2_common/pico_stdio_usb/stdio_usb.c.obj
 .text.tud_descriptor_device_cb
                0x0000000010004c24        0x8 relay_test/CMakeFiles/relay_test.dir/home/ben/Desktop/HURC/pico/pico-sdk/src/rp2_common/pico_stdio_usb/stdio_usb_descriptors.c.obj
                0x0000000010004c24                tud_descriptor_device_cb
 .text.tud_descriptor_configuration_cb
                0x0000000010004c2c        0x8 relay_test/CMakeFiles/relay_test.dir/home/ben/Desktop/HURC/pico/pico-sdk/src/rp2_common/pico_stdio_usb/stdio_usb_descriptors.c.obj
                0x0000000010004c2c                tud_descriptor_configuration_cb
 .text.tud_descriptor_string_cb
                0x0000000010004c34       0x6c relay_test/CMakeFiles/relay_test.dir/home/ben/Desktop/HURC/pico/pico-sdk/src/rp2_common/pico_stdio_usb/stdio_usb_descriptors.c.obj
                0x0000000010004c34                tud_descriptor_string_cb
 .text._retrieve_unique_id_on_boot
                0x0000000010004ca0       0x10 relay_test/CMakeFiles/relay_test.dir/home/ben/Desktop/HURC/pico/pico-sdk/src/rp2_common/pico_unique_id/unique_id.c.obj
 .text.pico_get_unique_board_id_string
                0x0000000010004cb0       0x60 relay_test/CMakeFiles/relay_test.dir/home/ben/Desktop/HURC/pico/pico-sdk/src/rp2_common/pico_unique_id/unique_id.c.obj
                0x0000000010004cb0                pico_get_unique_board_id_string
 .text.flash_get_unique_id
                0x0000000010004d10       0x46 relay_test/CMakeFiles/relay_test.dir/home/ben/Desktop/HURC/pico/pico-sdk/src/rp2_common/hardware_flash/flash.c.obj
                0x0000000010004d10                flash_get_unique_id
 *fill*         0x0000000010004d56        0x2 
 .text.hw_endpoint_get_by_addr
                0x0000000010004d58       0x18 relay_test/CMakeFiles/relay_test.dir/home/ben/Desktop/HURC/pico/pico-sdk/lib/tinyusb/src/portable/raspberrypi/rp2040/dcd_rp2040.c.obj
 .text._hw_endpoint_alloc
                0x0000000010004d70       0x70 relay_test/CMakeFiles/relay_test.dir/home/ben/Desktop/HURC/pico/pico-sdk/lib/tinyusb/src/portable/raspberrypi/rp2040/dcd_rp2040.c.obj
 .text.hw_endpoint_init
                0x0000000010004de0       0x88 relay_test/CMakeFiles/relay_test.dir/home/ben/Desktop/HURC/pico/pico-sdk/lib/tinyusb/src/portable/raspberrypi/rp2040/dcd_rp2040.c.obj
 .text.hw_endpoint_xfer
                0x0000000010004e68       0x14 relay_test/CMakeFiles/relay_test.dir/home/ben/Desktop/HURC/pico/pico-sdk/lib/tinyusb/src/portable/raspberrypi/rp2040/dcd_rp2040.c.obj
 .text.dcd_int_enable
                0x0000000010004e7c       0x2c relay_test/CMakeFiles/relay_test.dir/home/ben/Desktop/HURC/pico/pico-sdk/lib/tinyusb/src/portable/raspberrypi/rp2040/dcd_rp2040.c.obj
                0x0000000010004e7c                dcd_int_enable
 .text.dcd_set_address
                0x0000000010004ea8       0x2c relay_test/CMakeFiles/relay_test.dir/home/ben/Desktop/HURC/pico/pico-sdk/lib/tinyusb/src/portable/raspberrypi/rp2040/dcd_rp2040.c.obj
                0x0000000010004ea8                dcd_set_address
 .text.dcd_connect
                0x0000000010004ed4       0x10 relay_test/CMakeFiles/relay_test.dir/home/ben/Desktop/HURC/pico/pico-sdk/lib/tinyusb/src/portable/raspberrypi/rp2040/dcd_rp2040.c.obj
                0x0000000010004ed4                dcd_connect
 .text.dcd_init
                0x0000000010004ee4       0x80 relay_test/CMakeFiles/relay_test.dir/home/ben/Desktop/HURC/pico/pico-sdk/lib/tinyusb/src/portable/raspberrypi/rp2040/dcd_rp2040.c.obj
                0x0000000010004ee4                dcd_init
 .text.dcd_edpt0_status_complete
                0x0000000010004f64       0x1c relay_test/CMakeFiles/relay_test.dir/home/ben/Desktop/HURC/pico/pico-sdk/lib/tinyusb/src/portable/raspberrypi/rp2040/dcd_rp2040.c.obj
                0x0000000010004f64                dcd_edpt0_status_complete
 .text.dcd_edpt_open
                0x0000000010004f80       0x40 relay_test/CMakeFiles/relay_test.dir/home/ben/Desktop/HURC/pico/pico-sdk/lib/tinyusb/src/portable/raspberrypi/rp2040/dcd_rp2040.c.obj
                0x0000000010004f80                dcd_edpt_open
 .text.dcd_edpt_close_all
                0x0000000010004fc0        0x8 relay_test/CMakeFiles/relay_test.dir/home/ben/Desktop/HURC/pico/pico-sdk/lib/tinyusb/src/portable/raspberrypi/rp2040/dcd_rp2040.c.obj
                0x0000000010004fc0                dcd_edpt_close_all
 .text.dcd_edpt_xfer
                0x0000000010004fc8       0x34 relay_test/CMakeFiles/relay_test.dir/home/ben/Desktop/HURC/pico/pico-sdk/lib/tinyusb/src/portable/raspberrypi/rp2040/dcd_rp2040.c.obj
                0x0000000010004fc8                dcd_edpt_xfer
 .text.dcd_edpt_stall
                0x0000000010004ffc       0x2c relay_test/CMakeFiles/relay_test.dir/home/ben/Desktop/HURC/pico/pico-sdk/lib/tinyusb/src/portable/raspberrypi/rp2040/dcd_rp2040.c.obj
                0x0000000010004ffc                dcd_edpt_stall
 .text.dcd_edpt_clear_stall
                0x0000000010005028       0x20 relay_test/CMakeFiles/relay_test.dir/home/ben/Desktop/HURC/pico/pico-sdk/lib/tinyusb/src/portable/raspberrypi/rp2040/dcd_rp2040.c.obj
                0x0000000010005028                dcd_edpt_clear_stall
 .text.rp2040_usb_init
                0x0000000010005048       0x4c relay_test/CMakeFiles/relay_test.dir/home/ben/Desktop/HURC/pico/pico-sdk/lib/tinyusb/src/portable/raspberrypi/rp2040/rp2040_usb.c.obj
                0x0000000010005048                rp2040_usb_init
 .text.hw_endpoint_xfer_start
                0x0000000010005094       0x50 relay_test/CMakeFiles/relay_test.dir/home/ben/Desktop/HURC/pico/pico-sdk/lib/tinyusb/src/portable/raspberrypi/rp2040/rp2040_usb.c.obj
                0x0000000010005094                hw_endpoint_xfer_start
 .text.configuration_reset
                0x00000000100050e4       0x84 relay_test/CMakeFiles/relay_test.dir/home/ben/Desktop/HURC/pico/pico-sdk/lib/tinyusb/src/device/usbd.c.obj
 .text.usbd_reset
                0x0000000010005168        0xc relay_test/CMakeFiles/relay_test.dir/home/ben/Desktop/HURC/pico/pico-sdk/lib/tinyusb/src/device/usbd.c.obj
 .text.invoke_class_control
                0x0000000010005174       0x1a relay_test/CMakeFiles/relay_test.dir/home/ben/Desktop/HURC/pico/pico-sdk/lib/tinyusb/src/device/usbd.c.obj
 *fill*         0x000000001000518e        0x2 
 .text.process_set_config
                0x0000000010005190      0x178 relay_test/CMakeFiles/relay_test.dir/home/ben/Desktop/HURC/pico/pico-sdk/lib/tinyusb/src/device/usbd.c.obj
 .text.process_get_descriptor
                0x0000000010005308       0xdc relay_test/CMakeFiles/relay_test.dir/home/ben/Desktop/HURC/pico/pico-sdk/lib/tinyusb/src/device/usbd.c.obj
 .text.tud_mounted
                0x00000000100053e4       0x10 relay_test/CMakeFiles/relay_test.dir/home/ben/Desktop/HURC/pico/pico-sdk/lib/tinyusb/src/device/usbd.c.obj
                0x00000000100053e4                tud_mounted
 .text.tud_suspended
                0x00000000100053f4       0x10 relay_test/CMakeFiles/relay_test.dir/home/ben/Desktop/HURC/pico/pico-sdk/lib/tinyusb/src/device/usbd.c.obj
                0x00000000100053f4                tud_suspended
 .text.tud_inited
                0x0000000010005404       0x14 relay_test/CMakeFiles/relay_test.dir/home/ben/Desktop/HURC/pico/pico-sdk/lib/tinyusb/src/device/usbd.c.obj
                0x0000000010005404                tud_inited
 .text.tud_init
                0x0000000010005418       0xcc relay_test/CMakeFiles/relay_test.dir/home/ben/Desktop/HURC/pico/pico-sdk/lib/tinyusb/src/device/usbd.c.obj
                0x0000000010005418                tud_init
 .text.usbd_defer_func
                0x00000000100054e4       0x2a relay_test/CMakeFiles/relay_test.dir/home/ben/Desktop/HURC/pico/pico-sdk/lib/tinyusb/src/device/usbd.c.obj
                0x00000000100054e4                usbd_defer_func
 *fill*         0x000000001000550e        0x2 
 .text.usbd_edpt_open
                0x0000000010005510       0x34 relay_test/CMakeFiles/relay_test.dir/home/ben/Desktop/HURC/pico/pico-sdk/lib/tinyusb/src/device/usbd.c.obj
                0x0000000010005510                usbd_edpt_open
 .text.usbd_open_edpt_pair
                0x0000000010005544       0x62 relay_test/CMakeFiles/relay_test.dir/home/ben/Desktop/HURC/pico/pico-sdk/lib/tinyusb/src/device/usbd.c.obj
                0x0000000010005544                usbd_open_edpt_pair
 *fill*         0x00000000100055a6        0x2 
 .text.usbd_edpt_claim
                0x00000000100055a8       0x28 relay_test/CMakeFiles/relay_test.dir/home/ben/Desktop/HURC/pico/pico-sdk/lib/tinyusb/src/device/usbd.c.obj
                0x00000000100055a8                usbd_edpt_claim
 .text.usbd_edpt_release
                0x00000000100055d0       0x28 relay_test/CMakeFiles/relay_test.dir/home/ben/Desktop/HURC/pico/pico-sdk/lib/tinyusb/src/device/usbd.c.obj
                0x00000000100055d0                usbd_edpt_release
 .text.usbd_edpt_xfer
                0x00000000100055f8       0x78 relay_test/CMakeFiles/relay_test.dir/home/ben/Desktop/HURC/pico/pico-sdk/lib/tinyusb/src/device/usbd.c.obj
                0x00000000100055f8                usbd_edpt_xfer
 .text.usbd_edpt_stall
                0x0000000010005670       0x48 relay_test/CMakeFiles/relay_test.dir/home/ben/Desktop/HURC/pico/pico-sdk/lib/tinyusb/src/device/usbd.c.obj
                0x0000000010005670                usbd_edpt_stall
 .text.usbd_edpt_clear_stall
                0x00000000100056b8       0x48 relay_test/CMakeFiles/relay_test.dir/home/ben/Desktop/HURC/pico/pico-sdk/lib/tinyusb/src/device/usbd.c.obj
                0x00000000100056b8                usbd_edpt_clear_stall
 .text.usbd_edpt_stalled
                0x0000000010005700       0x1c relay_test/CMakeFiles/relay_test.dir/home/ben/Desktop/HURC/pico/pico-sdk/lib/tinyusb/src/device/usbd.c.obj
                0x0000000010005700                usbd_edpt_stalled
 .text.process_control_request
                0x000000001000571c      0x37c relay_test/CMakeFiles/relay_test.dir/home/ben/Desktop/HURC/pico/pico-sdk/lib/tinyusb/src/device/usbd.c.obj
 .text.tud_task_ext
                0x0000000010005a98      0x1b4 relay_test/CMakeFiles/relay_test.dir/home/ben/Desktop/HURC/pico/pico-sdk/lib/tinyusb/src/device/usbd.c.obj
                0x0000000010005a98                tud_task_ext
 .text._data_stage_xact
                0x0000000010005c4c       0x58 relay_test/CMakeFiles/relay_test.dir/home/ben/Desktop/HURC/pico/pico-sdk/lib/tinyusb/src/device/usbd_control.c.obj
 .text.tud_control_status
                0x0000000010005ca4       0x38 relay_test/CMakeFiles/relay_test.dir/home/ben/Desktop/HURC/pico/pico-sdk/lib/tinyusb/src/device/usbd_control.c.obj
                0x0000000010005ca4                tud_control_status
 .text.tud_control_xfer
                0x0000000010005cdc       0x74 relay_test/CMakeFiles/relay_test.dir/home/ben/Desktop/HURC/pico/pico-sdk/lib/tinyusb/src/device/usbd_control.c.obj
                0x0000000010005cdc                tud_control_xfer
 .text.usbd_control_reset
                0x0000000010005d50       0x14 relay_test/CMakeFiles/relay_test.dir/home/ben/Desktop/HURC/pico/pico-sdk/lib/tinyusb/src/device/usbd_control.c.obj
                0x0000000010005d50                usbd_control_reset
 .text.usbd_control_set_complete_callback
                0x0000000010005d64        0xc relay_test/CMakeFiles/relay_test.dir/home/ben/Desktop/HURC/pico/pico-sdk/lib/tinyusb/src/device/usbd_control.c.obj
                0x0000000010005d64                usbd_control_set_complete_callback
 .text.usbd_control_set_request
                0x0000000010005d70       0x1c relay_test/CMakeFiles/relay_test.dir/home/ben/Desktop/HURC/pico/pico-sdk/lib/tinyusb/src/device/usbd_control.c.obj
                0x0000000010005d70                usbd_control_set_request
 .text.usbd_control_xfer_cb
                0x0000000010005d8c       0xcc relay_test/CMakeFiles/relay_test.dir/home/ben/Desktop/HURC/pico/pico-sdk/lib/tinyusb/src/device/usbd_control.c.obj
                0x0000000010005d8c                usbd_control_xfer_cb
 .text._prep_out_transaction
                0x0000000010005e58       0x4a relay_test/CMakeFiles/relay_test.dir/home/ben/Desktop/HURC/pico/pico-sdk/lib/tinyusb/src/class/cdc/cdc_device.c.obj
 *fill*         0x0000000010005ea2        0x2 
 .text.tud_cdc_n_connected
                0x0000000010005ea4       0x44 relay_test/CMakeFiles/relay_test.dir/home/ben/Desktop/HURC/pico/pico-sdk/lib/tinyusb/src/class/cdc/cdc_device.c.obj
                0x0000000010005ea4                tud_cdc_n_connected
 .text.tud_cdc_n_available
                0x0000000010005ee8       0x18 relay_test/CMakeFiles/relay_test.dir/home/ben/Desktop/HURC/pico/pico-sdk/lib/tinyusb/src/class/cdc/cdc_device.c.obj
                0x0000000010005ee8                tud_cdc_n_available
 .text.tud_cdc_n_read
                0x0000000010005f00       0x28 relay_test/CMakeFiles/relay_test.dir/home/ben/Desktop/HURC/pico/pico-sdk/lib/tinyusb/src/class/cdc/cdc_device.c.obj
                0x0000000010005f00                tud_cdc_n_read
 .text.tud_cdc_n_write_flush
                0x0000000010005f28       0xb8 relay_test/CMakeFiles/relay_test.dir/home/ben/Desktop/HURC/pico/pico-sdk/lib/tinyusb/src/class/cdc/cdc_device.c.obj
                0x0000000010005f28                tud_cdc_n_write_flush
 .text.tud_cdc_n_write
                0x0000000010005fe0       0x38 relay_test/CMakeFiles/relay_test.dir/home/ben/Desktop/HURC/pico/pico-sdk/lib/tinyusb/src/class/cdc/cdc_device.c.obj
                0x0000000010005fe0                tud_cdc_n_write
 .text.tud_cdc_n_write_available
                0x0000000010006018       0x1c relay_test/CMakeFiles/relay_test.dir/home/ben/Desktop/HURC/pico/pico-sdk/lib/tinyusb/src/class/cdc/cdc_device.c.obj
                0x0000000010006018                tud_cdc_n_write_available
 .text.cdcd_init
                0x0000000010006034       0xbc relay_test/CMakeFiles/relay_test.dir/home/ben/Desktop/HURC/pico/pico-sdk/lib/tinyusb/src/class/cdc/cdc_device.c.obj
                0x0000000010006034                cdcd_init
 .text.cdcd_reset
                0x00000000100060f0       0x44 relay_test/CMakeFiles/relay_test.dir/home/ben/Desktop/HURC/pico/pico-sdk/lib/tinyusb/src/class/cdc/cdc_device.c.obj
                0x00000000100060f0                cdcd_reset
 .text.cdcd_open
                0x0000000010006134       0xcc relay_test/CMakeFiles/relay_test.dir/home/ben/Desktop/HURC/pico/pico-sdk/lib/tinyusb/src/class/cdc/cdc_device.c.obj
                0x0000000010006134                cdcd_open
 .text.cdcd_control_xfer_cb
                0x0000000010006200      0x134 relay_test/CMakeFiles/relay_test.dir/home/ben/Desktop/HURC/pico/pico-sdk/lib/tinyusb/src/class/cdc/cdc_device.c.obj
                0x0000000010006200                cdcd_control_xfer_cb
 .text.cdcd_xfer_cb
                0x0000000010006334      0x130 relay_test/CMakeFiles/relay_test.dir/home/ben/Desktop/HURC/pico/pico-sdk/lib/tinyusb/src/class/cdc/cdc_device.c.obj
                0x0000000010006334                cdcd_xfer_cb
 .text.tusb_init
                0x0000000010006464        0xa relay_test/CMakeFiles/relay_test.dir/home/ben/Desktop/HURC/pico/pico-sdk/lib/tinyusb/src/tusb.c.obj
                0x0000000010006464                tusb_init
 .text.tusb_inited
                0x000000001000646e        0xe relay_test/CMakeFiles/relay_test.dir/home/ben/Desktop/HURC/pico/pico-sdk/lib/tinyusb/src/tusb.c.obj
                0x000000001000646e                tusb_inited
 .text.tu_edpt_claim
                0x000000001000647c       0x50 relay_test/CMakeFiles/relay_test.dir/home/ben/Desktop/HURC/pico/pico-sdk/lib/tinyusb/src/tusb.c.obj
                0x000000001000647c                tu_edpt_claim
 .text.tu_edpt_release
                0x00000000100064cc       0x3c relay_test/CMakeFiles/relay_test.dir/home/ben/Desktop/HURC/pico/pico-sdk/lib/tinyusb/src/tusb.c.obj
                0x00000000100064cc                tu_edpt_release
 .text.tu_edpt_validate
                0x0000000010006508       0x78 relay_test/CMakeFiles/relay_test.dir/home/ben/Desktop/HURC/pico/pico-sdk/lib/tinyusb/src/tusb.c.obj
                0x0000000010006508                tu_edpt_validate
 .text.tu_edpt_bind_driver
                0x0000000010006580       0x26 relay_test/CMakeFiles/relay_test.dir/home/ben/Desktop/HURC/pico/pico-sdk/lib/tinyusb/src/tusb.c.obj
                0x0000000010006580                tu_edpt_bind_driver
 .text.advance_index
                0x00000000100065a6       0x1a relay_test/CMakeFiles/relay_test.dir/home/ben/Desktop/HURC/pico/pico-sdk/lib/tinyusb/src/common/tusb_fifo.c.obj
 .text._tu_fifo_peek
                0x00000000100065c0       0x56 relay_test/CMakeFiles/relay_test.dir/home/ben/Desktop/HURC/pico/pico-sdk/lib/tinyusb/src/common/tusb_fifo.c.obj
 .text._ff_pull_const_addr
                0x0000000010006616       0x4c relay_test/CMakeFiles/relay_test.dir/home/ben/Desktop/HURC/pico/pico-sdk/lib/tinyusb/src/common/tusb_fifo.c.obj
 .text._ff_pull_n
                0x0000000010006662      0x110 relay_test/CMakeFiles/relay_test.dir/home/ben/Desktop/HURC/pico/pico-sdk/lib/tinyusb/src/common/tusb_fifo.c.obj
 .text._tu_fifo_peek_n
                0x0000000010006772       0x6a relay_test/CMakeFiles/relay_test.dir/home/ben/Desktop/HURC/pico/pico-sdk/lib/tinyusb/src/common/tusb_fifo.c.obj
 .text._tu_fifo_read_n
                0x00000000100067dc       0x4e relay_test/CMakeFiles/relay_test.dir/home/ben/Desktop/HURC/pico/pico-sdk/lib/tinyusb/src/common/tusb_fifo.c.obj
 .text._ff_push_const_addr
                0x000000001000682a       0x40 relay_test/CMakeFiles/relay_test.dir/home/ben/Desktop/HURC/pico/pico-sdk/lib/tinyusb/src/common/tusb_fifo.c.obj
 .text._ff_push_n
                0x000000001000686a      0x10c relay_test/CMakeFiles/relay_test.dir/home/ben/Desktop/HURC/pico/pico-sdk/lib/tinyusb/src/common/tusb_fifo.c.obj
 .text._tu_fifo_write_n
                0x0000000010006976       0xf0 relay_test/CMakeFiles/relay_test.dir/home/ben/Desktop/HURC/pico/pico-sdk/lib/tinyusb/src/common/tusb_fifo.c.obj
 .text.tu_fifo_config
                0x0000000010006a66       0x7c relay_test/CMakeFiles/relay_test.dir/home/ben/Desktop/HURC/pico/pico-sdk/lib/tinyusb/src/common/tusb_fifo.c.obj
                0x0000000010006a66                tu_fifo_config
 .text.tu_fifo_count
                0x0000000010006ae2       0x2a relay_test/CMakeFiles/relay_test.dir/home/ben/Desktop/HURC/pico/pico-sdk/lib/tinyusb/src/common/tusb_fifo.c.obj
                0x0000000010006ae2                tu_fifo_count
 .text.tu_fifo_empty
                0x0000000010006b0c       0x10 relay_test/CMakeFiles/relay_test.dir/home/ben/Desktop/HURC/pico/pico-sdk/lib/tinyusb/src/common/tusb_fifo.c.obj
                0x0000000010006b0c                tu_fifo_empty
 .text.tu_fifo_full
                0x0000000010006b1c       0x28 relay_test/CMakeFiles/relay_test.dir/home/ben/Desktop/HURC/pico/pico-sdk/lib/tinyusb/src/common/tusb_fifo.c.obj
                0x0000000010006b1c                tu_fifo_full
 .text.tu_fifo_remaining
                0x0000000010006b44       0x2c relay_test/CMakeFiles/relay_test.dir/home/ben/Desktop/HURC/pico/pico-sdk/lib/tinyusb/src/common/tusb_fifo.c.obj
                0x0000000010006b44                tu_fifo_remaining
 .text.tu_fifo_read
                0x0000000010006b70       0x42 relay_test/CMakeFiles/relay_test.dir/home/ben/Desktop/HURC/pico/pico-sdk/lib/tinyusb/src/common/tusb_fifo.c.obj
                0x0000000010006b70                tu_fifo_read
 .text.tu_fifo_read_n
                0x0000000010006bb2        0xa relay_test/CMakeFiles/relay_test.dir/home/ben/Desktop/HURC/pico/pico-sdk/lib/tinyusb/src/common/tusb_fifo.c.obj
                0x0000000010006bb2                tu_fifo_read_n
 .text.tu_fifo_write
                0x0000000010006bbc       0x64 relay_test/CMakeFiles/relay_test.dir/home/ben/Desktop/HURC/pico/pico-sdk/lib/tinyusb/src/common/tusb_fifo.c.obj
                0x0000000010006bbc                tu_fifo_write
 .text.tu_fifo_write_n
                0x0000000010006c20        0xa relay_test/CMakeFiles/relay_test.dir/home/ben/Desktop/HURC/pico/pico-sdk/lib/tinyusb/src/common/tusb_fifo.c.obj
                0x0000000010006c20                tu_fifo_write_n
 .text.tu_fifo_clear
                0x0000000010006c2a       0x3e relay_test/CMakeFiles/relay_test.dir/home/ben/Desktop/HURC/pico/pico-sdk/lib/tinyusb/src/common/tusb_fifo.c.obj
                0x0000000010006c2a                tu_fifo_clear
 .text.tu_fifo_set_overwritable
                0x0000000010006c68       0x46 relay_test/CMakeFiles/relay_test.dir/home/ben/Desktop/HURC/pico/pico-sdk/lib/tinyusb/src/common/tusb_fifo.c.obj
                0x0000000010006c68                tu_fifo_set_overwritable
 *fill*         0x0000000010006cae        0x2 
 .text          0x0000000010006cb0       0x5c /usr/lib/gcc/arm-none-eabi/10.3.1/../../../arm-none-eabi/lib/thumb/v6-m/nofp/libg.a(lib_a-strlen-stub.o)
                0x0000000010006cb0                strlen
 *(.fini)
 .fini          0x0000000010006d0c        0x4 /usr/lib/gcc/arm-none-eabi/10.3.1/thumb/v6-m/nofp/crti.o
                0x0000000010006d0c                _fini
 .fini.__stub   0x0000000010006d10       0xe0 linker stubs
 *crtbegin.o(.ctors)
 *crtbegin?.o(.ctors)
 *(EXCLUDE_FILE(*crtend.o *crtend?.o) .ctors)
 *(SORT_BY_NAME(.ctors.*))
 *(.ctors)
 *crtbegin.o(.dtors)
 *crtbegin?.o(.dtors)
 *(EXCLUDE_FILE(*crtend.o *crtend?.o) .dtors)
 *(SORT_BY_NAME(.dtors.*))
 *(.dtors)
 *(.eh_frame*)
 .eh_frame      0x0000000010006df0        0x0 /usr/lib/gcc/arm-none-eabi/10.3.1/thumb/v6-m/nofp/crtbegin.o
                0x0000000010006df0                . = ALIGN (0x4)

.glue_7         0x0000000010006df0        0x0
 .glue_7        0x0000000010006df0        0x0 linker stubs

.glue_7t        0x0000000010006df0        0x0
 .glue_7t       0x0000000010006df0        0x0 linker stubs

.vfp11_veneer   0x0000000010006df0        0x0
 .vfp11_veneer  0x0000000010006df0        0x0 linker stubs

.v4_bx          0x0000000010006df0        0x0
 .v4_bx         0x0000000010006df0        0x0 linker stubs

.iplt           0x0000000010006df0        0x0
 .iplt          0x0000000010006df0        0x0 /usr/lib/gcc/arm-none-eabi/10.3.1/thumb/v6-m/nofp/crtbegin.o

.rodata         0x0000000010006df0     0x1614
 *(EXCLUDE_FILE(*libm.a: *libc.a:*lib_a-mem*.o *libgcc.a:) .rodata*)
 .rodata.spin_lock_claim_unused.str1.4
                0x0000000010006df0       0x1b relay_test/CMakeFiles/relay_test.dir/home/ben/Desktop/HURC/pico/pico-sdk/src/rp2_common/hardware_sync/sync.c.obj
 *fill*         0x0000000010006e0b        0x1 
 .rodata.make_branch.str1.4
                0x0000000010006e0c       0x77 relay_test/CMakeFiles/relay_test.dir/home/ben/Desktop/HURC/pico/pico-sdk/src/rp2_common/hardware_irq/irq.c.obj
 *fill*         0x0000000010006e83        0x1 
 .rodata.insert_branch_and_link.str1.4
                0x0000000010006e84       0x10 relay_test/CMakeFiles/relay_test.dir/home/ben/Desktop/HURC/pico/pico-sdk/src/rp2_common/hardware_irq/irq.c.obj
 .rodata.irq_set_exclusive_handler.str1.4
                0x0000000010006e94       0x36 relay_test/CMakeFiles/relay_test.dir/home/ben/Desktop/HURC/pico/pico-sdk/src/rp2_common/hardware_irq/irq.c.obj
 *fill*         0x0000000010006eca        0x2 
 .rodata.irq_add_shared_handler.str1.4
                0x0000000010006ecc       0xd9 relay_test/CMakeFiles/relay_test.dir/home/ben/Desktop/HURC/pico/pico-sdk/src/rp2_common/hardware_irq/irq.c.obj
 *fill*         0x0000000010006fa5        0x3 
 .rodata.irq_remove_handler.str1.4
                0x0000000010006fa8       0x3a relay_test/CMakeFiles/relay_test.dir/home/ben/Desktop/HURC/pico/pico-sdk/src/rp2_common/hardware_irq/irq.c.obj
 *fill*         0x0000000010006fe2        0x2 
 .rodata.irq_add_tail_to_free_list.str1.4
                0x0000000010006fe4       0x3a relay_test/CMakeFiles/relay_test.dir/home/ben/Desktop/HURC/pico/pico-sdk/src/rp2_common/hardware_irq/irq.c.obj
 *fill*         0x000000001000701e        0x2 
 .rodata.user_irq_claim_unused.str1.4
                0x0000000010007020       0x1b relay_test/CMakeFiles/relay_test.dir/home/ben/Desktop/HURC/pico/pico-sdk/src/rp2_common/hardware_irq/irq.c.obj
 *fill*         0x000000001000703b        0x1 
 .rodata.__func__.0
                0x000000001000703c       0x1a relay_test/CMakeFiles/relay_test.dir/home/ben/Desktop/HURC/pico/pico-sdk/src/rp2_common/hardware_irq/irq.c.obj
 *fill*         0x0000000010007056        0x2 
 .rodata.__func__.1
                0x0000000010007058       0x17 relay_test/CMakeFiles/relay_test.dir/home/ben/Desktop/HURC/pico/pico-sdk/src/rp2_common/hardware_irq/irq.c.obj
 *fill*         0x000000001000706f        0x1 
 .rodata.__func__.2
                0x0000000010007070       0x13 relay_test/CMakeFiles/relay_test.dir/home/ben/Desktop/HURC/pico/pico-sdk/src/rp2_common/hardware_irq/irq.c.obj
 *fill*         0x0000000010007083        0x1 
 .rodata.__func__.3
                0x0000000010007084        0xc relay_test/CMakeFiles/relay_test.dir/home/ben/Desktop/HURC/pico/pico-sdk/src/rp2_common/hardware_irq/irq.c.obj
 .rodata.__func__.4
                0x0000000010007090        0xf relay_test/CMakeFiles/relay_test.dir/home/ben/Desktop/HURC/pico/pico-sdk/src/rp2_common/hardware_irq/irq.c.obj
 *fill*         0x000000001000709f        0x1 
 .rodata.__func__.5
                0x00000000100070a0       0x17 relay_test/CMakeFiles/relay_test.dir/home/ben/Desktop/HURC/pico/pico-sdk/src/rp2_common/hardware_irq/irq.c.obj
 *fill*         0x00000000100070b7        0x1 
 .rodata.__func__.6
                0x00000000100070b8       0x1a relay_test/CMakeFiles/relay_test.dir/home/ben/Desktop/HURC/pico/pico-sdk/src/rp2_common/hardware_irq/irq.c.obj
 *fill*         0x00000000100070d2        0x2 
 .rodata.str1.4
                0x00000000100070d4      0x101 relay_test/CMakeFiles/relay_test.dir/home/ben/Desktop/HURC/pico/pico-sdk/src/common/pico_sync/mutex.c.obj
 *fill*         0x00000000100071d5        0x3 
 .rodata.__func__.1
                0x00000000100071d8        0xb relay_test/CMakeFiles/relay_test.dir/home/ben/Desktop/HURC/pico/pico-sdk/src/common/pico_sync/mutex.c.obj
 *fill*         0x00000000100071e3        0x1 
 .rodata.__func__.3
                0x00000000100071e4       0x18 relay_test/CMakeFiles/relay_test.dir/home/ben/Desktop/HURC/pico/pico-sdk/src/common/pico_sync/mutex.c.obj
 .rodata.__func__.4
                0x00000000100071fc       0x15 relay_test/CMakeFiles/relay_test.dir/home/ben/Desktop/HURC/pico/pico-sdk/src/common/pico_sync/mutex.c.obj
 *fill*         0x0000000010007211        0x3 
 .rodata.repeating_timer_callback.str1.4
                0x0000000010007214       0x55 relay_test/CMakeFiles/relay_test.dir/home/ben/Desktop/HURC/pico/pico-sdk/src/common/pico_time/time.c.obj
 *fill*         0x0000000010007269        0x3 
 .rodata.timer_pool_entry_comparator.str1.4
                0x000000001000726c       0x22 relay_test/CMakeFiles/relay_test.dir/home/ben/Desktop/HURC/pico/pico-sdk/src/common/pico_time/time.c.obj
 *fill*         0x000000001000728e        0x2 
 .rodata.ph_add_child_node.str1.4
                0x0000000010007290       0x9e relay_test/CMakeFiles/relay_test.dir/home/ben/Desktop/HURC/pico/pico-sdk/src/common/pico_time/time.c.obj
 *fill*         0x000000001000732e        0x2 
 .rodata.add_alarm_under_lock.str1.4
                0x0000000010007330       0x28 relay_test/CMakeFiles/relay_test.dir/home/ben/Desktop/HURC/pico/pico-sdk/src/common/pico_time/time.c.obj
                                         0x2b (size before relaxing)
 .rodata.alarm_pool_alarm_callback.str1.4
                0x0000000010007358       0x98 relay_test/CMakeFiles/relay_test.dir/home/ben/Desktop/HURC/pico/pico-sdk/src/common/pico_time/time.c.obj
                                        0x104 (size before relaxing)
 .rodata.alarm_pool_get_default.str1.4
                0x00000000100073f0       0x21 relay_test/CMakeFiles/relay_test.dir/home/ben/Desktop/HURC/pico/pico-sdk/src/common/pico_time/time.c.obj
 *fill*         0x0000000010007411        0x3 
 .rodata.alarm_pool_cancel_alarm.str1.4
                0x0000000010007414       0x27 relay_test/CMakeFiles/relay_test.dir/home/ben/Desktop/HURC/pico/pico-sdk/src/common/pico_time/time.c.obj
 *fill*         0x000000001000743b        0x1 
 .rodata.sleep_until.str1.4
                0x000000001000743c       0x4d relay_test/CMakeFiles/relay_test.dir/home/ben/Desktop/HURC/pico/pico-sdk/src/common/pico_time/time.c.obj
 *fill*         0x0000000010007489        0x3 
 .rodata.__func__.1
                0x000000001000748c       0x18 relay_test/CMakeFiles/relay_test.dir/home/ben/Desktop/HURC/pico/pico-sdk/src/common/pico_time/time.c.obj
 .rodata.__func__.10
                0x00000000100074a4       0x15 relay_test/CMakeFiles/relay_test.dir/home/ben/Desktop/HURC/pico/pico-sdk/src/common/pico_time/time.c.obj
 *fill*         0x00000000100074b9        0x3 
 .rodata.__func__.11
                0x00000000100074bc       0x1a relay_test/CMakeFiles/relay_test.dir/home/ben/Desktop/HURC/pico/pico-sdk/src/common/pico_time/time.c.obj
 *fill*         0x00000000100074d6        0x2 
 .rodata.__func__.12
                0x00000000100074d8        0xa relay_test/CMakeFiles/relay_test.dir/home/ben/Desktop/HURC/pico/pico-sdk/src/common/pico_time/time.c.obj
 *fill*         0x00000000100074e2        0x2 
 .rodata.__func__.3
                0x00000000100074e4       0x17 relay_test/CMakeFiles/relay_test.dir/home/ben/Desktop/HURC/pico/pico-sdk/src/common/pico_time/time.c.obj
 *fill*         0x00000000100074fb        0x1 
 .rodata.__func__.4
                0x00000000100074fc       0x12 relay_test/CMakeFiles/relay_test.dir/home/ben/Desktop/HURC/pico/pico-sdk/src/common/pico_time/time.c.obj
 *fill*         0x000000001000750e        0x2 
 .rodata.__func__.5
                0x0000000010007510        0xd relay_test/CMakeFiles/relay_test.dir/home/ben/Desktop/HURC/pico/pico-sdk/src/common/pico_time/time.c.obj
 *fill*         0x000000001000751d        0x3 
 .rodata.__func__.6
                0x0000000010007520       0x12 relay_test/CMakeFiles/relay_test.dir/home/ben/Desktop/HURC/pico/pico-sdk/src/common/pico_time/time.c.obj
 *fill*         0x0000000010007532        0x2 
 .rodata.__func__.7
                0x0000000010007534        0xf relay_test/CMakeFiles/relay_test.dir/home/ben/Desktop/HURC/pico/pico-sdk/src/common/pico_time/time.c.obj
 *fill*         0x0000000010007543        0x1 
 .rodata.__func__.8
                0x0000000010007544        0xc relay_test/CMakeFiles/relay_test.dir/home/ben/Desktop/HURC/pico/pico-sdk/src/common/pico_time/time.c.obj
 .rodata.__func__.9
                0x0000000010007550       0x15 relay_test/CMakeFiles/relay_test.dir/home/ben/Desktop/HURC/pico/pico-sdk/src/common/pico_time/time.c.obj
 *fill*         0x0000000010007565        0x3 
 .rodata.hardware_alarm_claim.str1.4
                0x0000000010007568       0x22 relay_test/CMakeFiles/relay_test.dir/home/ben/Desktop/HURC/pico/pico-sdk/src/rp2_common/hardware_timer/timer.c.obj
 *fill*         0x000000001000758a        0x2 
 .rodata.hardware_alarm_set_target.str1.4
                0x000000001000758c       0x6f relay_test/CMakeFiles/relay_test.dir/home/ben/Desktop/HURC/pico/pico-sdk/src/rp2_common/hardware_timer/timer.c.obj
 *fill*         0x00000000100075fb        0x1 
 .rodata.__func__.0
                0x00000000100075fc       0x1a relay_test/CMakeFiles/relay_test.dir/home/ben/Desktop/HURC/pico/pico-sdk/src/rp2_common/hardware_timer/timer.c.obj
 .rodata.ph_add_child_node.str1.4
                0x0000000010007616       0x9e relay_test/CMakeFiles/relay_test.dir/home/ben/Desktop/HURC/pico/pico-sdk/src/common/pico_util/pheap.c.obj
 *fill*         0x0000000010007616        0x2 
 .rodata.ph_remove_any_head.str1.4
                0x0000000010007618       0x98 relay_test/CMakeFiles/relay_test.dir/home/ben/Desktop/HURC/pico/pico-sdk/src/common/pico_util/pheap.c.obj
                                         0xac (size before relaxing)
 .rodata.ph_remove_and_free_node.str1.4
                0x00000000100076b0       0x1e relay_test/CMakeFiles/relay_test.dir/home/ben/Desktop/HURC/pico/pico-sdk/src/common/pico_util/pheap.c.obj
                                         0x26 (size before relaxing)
 *fill*         0x00000000100076ce        0x2 
 .rodata.__func__.0
                0x00000000100076d0       0x18 relay_test/CMakeFiles/relay_test.dir/home/ben/Desktop/HURC/pico/pico-sdk/src/common/pico_util/pheap.c.obj
 .rodata.__func__.1
                0x00000000100076e8       0x13 relay_test/CMakeFiles/relay_test.dir/home/ben/Desktop/HURC/pico/pico-sdk/src/common/pico_util/pheap.c.obj
 *fill*         0x00000000100076fb        0x1 
 .rodata.__func__.2
                0x00000000100076fc       0x12 relay_test/CMakeFiles/relay_test.dir/home/ben/Desktop/HURC/pico/pico-sdk/src/common/pico_util/pheap.c.obj
 *fill*         0x000000001000770e        0x2 
 .rodata.__func__.3
                0x0000000010007710        0xc relay_test/CMakeFiles/relay_test.dir/home/ben/Desktop/HURC/pico/pico-sdk/src/common/pico_util/pheap.c.obj
 .rodata.clock_configure.str1.4
                0x000000001000771c       0x61 relay_test/CMakeFiles/relay_test.dir/home/ben/Desktop/HURC/pico/pico-sdk/src/rp2_common/hardware_clocks/clocks.c.obj
 *fill*         0x000000001000777d        0x3 
 .rodata.__func__.1
                0x0000000010007780       0x10 relay_test/CMakeFiles/relay_test.dir/home/ben/Desktop/HURC/pico/pico-sdk/src/rp2_common/hardware_clocks/clocks.c.obj
 .rodata.pll_init.str1.4
                0x0000000010007790      0x12b relay_test/CMakeFiles/relay_test.dir/home/ben/Desktop/HURC/pico/pico-sdk/src/rp2_common/hardware_pll/pll.c.obj
 *fill*         0x00000000100078bb        0x1 
 .rodata.__func__.0
                0x00000000100078bc        0x9 relay_test/CMakeFiles/relay_test.dir/home/ben/Desktop/HURC/pico/pico-sdk/src/rp2_common/hardware_pll/pll.c.obj
 *fill*         0x00000000100078c5        0x3 
 .rodata.__assert_func.str1.4
                0x00000000100078c8       0x3f relay_test/CMakeFiles/relay_test.dir/home/ben/Desktop/HURC/pico/pico-sdk/src/rp2_common/pico_runtime/runtime.c.obj
                                         0x43 (size before relaxing)
 *fill*         0x0000000010007907        0x1 
 .rodata.runtime_init.str1.4
                0x0000000010007908       0x6b relay_test/CMakeFiles/relay_test.dir/home/ben/Desktop/HURC/pico/pico-sdk/src/rp2_common/pico_runtime/runtime.c.obj
 *fill*         0x0000000010007973        0x1 
 .rodata.panic.str1.4
                0x0000000010007974       0x12 relay_test/CMakeFiles/relay_test.dir/home/ben/Desktop/HURC/pico/pico-sdk/src/rp2_common/pico_runtime/runtime.c.obj
 *fill*         0x0000000010007986        0x2 
 .rodata.__func__.2
                0x0000000010007988        0xd relay_test/CMakeFiles/relay_test.dir/home/ben/Desktop/HURC/pico/pico-sdk/src/rp2_common/pico_runtime/runtime.c.obj
 *fill*         0x0000000010007995        0x3 
 .rodata._ftoa.str1.4
                0x0000000010007998       0x15 relay_test/CMakeFiles/relay_test.dir/home/ben/Desktop/HURC/pico/pico-sdk/src/rp2_common/pico_printf/printf.c.obj
 *fill*         0x00000000100079ad        0x3 
 .rodata._vsnprintf
                0x00000000100079b0      0x1e0 relay_test/CMakeFiles/relay_test.dir/home/ben/Desktop/HURC/pico/pico-sdk/src/rp2_common/pico_printf/printf.c.obj
 .rodata.pow10.0
                0x0000000010007b90       0x50 relay_test/CMakeFiles/relay_test.dir/home/ben/Desktop/HURC/pico/pico-sdk/src/rp2_common/pico_printf/printf.c.obj
 .rodata.__aeabi_double_init.str1.4
                0x0000000010007be0       0xb2 relay_test/CMakeFiles/relay_test.dir/home/ben/Desktop/HURC/pico/pico-sdk/src/rp2_common/pico_double/double_init_rom.c.obj
 *fill*         0x0000000010007c92        0x2 
 .rodata.__func__.0
                0x0000000010007c94       0x14 relay_test/CMakeFiles/relay_test.dir/home/ben/Desktop/HURC/pico/pico-sdk/src/rp2_common/pico_double/double_init_rom.c.obj
 .rodata.__aeabi_float_init.str1.4
                0x0000000010007ca8       0x84 relay_test/CMakeFiles/relay_test.dir/home/ben/Desktop/HURC/pico/pico-sdk/src/rp2_common/pico_float/float_init_rom.c.obj
                                         0x88 (size before relaxing)
 .rodata.__func__.0
                0x0000000010007d2c       0x13 relay_test/CMakeFiles/relay_test.dir/home/ben/Desktop/HURC/pico/pico-sdk/src/rp2_common/pico_float/float_init_rom.c.obj
 *fill*         0x0000000010007d3f        0x1 
 .rodata.str1.4
                0x0000000010007d40       0x44 relay_test/CMakeFiles/relay_test.dir/home/ben/Desktop/HURC/pico/pico-sdk/src/rp2_common/pico_standard_link/binary_info.c.obj
 .rodata.__bi_44
                0x0000000010007d84        0xc relay_test/CMakeFiles/relay_test.dir/home/ben/Desktop/HURC/pico/pico-sdk/src/rp2_common/pico_standard_link/binary_info.c.obj
 .rodata.__bi_56
                0x0000000010007d90        0xc relay_test/CMakeFiles/relay_test.dir/home/ben/Desktop/HURC/pico/pico-sdk/src/rp2_common/pico_standard_link/binary_info.c.obj
 .rodata.__bi_75
                0x0000000010007d9c        0xc relay_test/CMakeFiles/relay_test.dir/home/ben/Desktop/HURC/pico/pico-sdk/src/rp2_common/pico_standard_link/binary_info.c.obj
 .rodata.__bi_81
                0x0000000010007da8        0xc relay_test/CMakeFiles/relay_test.dir/home/ben/Desktop/HURC/pico/pico-sdk/src/rp2_common/pico_standard_link/binary_info.c.obj
 .rodata.stdout_serialize_begin.str1.4
                0x0000000010007db4       0x6b relay_test/CMakeFiles/relay_test.dir/home/ben/Desktop/HURC/pico/pico-sdk/src/rp2_common/pico_stdio/stdio.c.obj
 .rodata.__func__.3
                0x0000000010007db4       0x15 relay_test/CMakeFiles/relay_test.dir/home/ben/Desktop/HURC/pico/pico-sdk/src/rp2_common/pico_stdio/stdio.c.obj
 *fill*         0x0000000010007dc9        0x3 
 .rodata.crlf_str.2
                0x0000000010007dcc        0x2 relay_test/CMakeFiles/relay_test.dir/home/ben/Desktop/HURC/pico/pico-sdk/src/rp2_common/pico_stdio/stdio.c.obj
 *fill*         0x0000000010007dce        0x2 
 .rodata._resetd_driver
                0x0000000010007dd0       0x18 relay_test/CMakeFiles/relay_test.dir/home/ben/Desktop/HURC/pico/pico-sdk/src/rp2_common/pico_stdio_usb/reset_interface.c.obj
 .rodata.low_priority_worker_irq.str1.4
                0x0000000010007de8       0x6b relay_test/CMakeFiles/relay_test.dir/home/ben/Desktop/HURC/pico/pico-sdk/src/rp2_common/pico_stdio_usb/stdio_usb.c.obj
 .rodata.stdio_usb_init.str1.4
                0x0000000010007de8       0x4f relay_test/CMakeFiles/relay_test.dir/home/ben/Desktop/HURC/pico/pico-sdk/src/rp2_common/pico_stdio_usb/stdio_usb.c.obj
                                         0x57 (size before relaxing)
 *fill*         0x0000000010007e37        0x1 
 .rodata.str1.4
                0x0000000010007e38       0x13 relay_test/CMakeFiles/relay_test.dir/home/ben/Desktop/HURC/pico/pico-sdk/src/rp2_common/pico_stdio_usb/stdio_usb.c.obj
 *fill*         0x0000000010007e4b        0x1 
 .rodata.__bi_188.0
                0x0000000010007e4c        0xc relay_test/CMakeFiles/relay_test.dir/home/ben/Desktop/HURC/pico/pico-sdk/src/rp2_common/pico_stdio_usb/stdio_usb.c.obj
 .rodata.__func__.1
                0x0000000010007e58        0xf relay_test/CMakeFiles/relay_test.dir/home/ben/Desktop/HURC/pico/pico-sdk/src/rp2_common/pico_stdio_usb/stdio_usb.c.obj
 *fill*         0x0000000010007e67        0x1 
 .rodata.__func__.3
                0x0000000010007e68       0x15 relay_test/CMakeFiles/relay_test.dir/home/ben/Desktop/HURC/pico/pico-sdk/src/rp2_common/pico_stdio_usb/stdio_usb.c.obj
 *fill*         0x0000000010007e7d        0x3 
 .rodata.str1.4
                0x0000000010007e80       0x2a relay_test/CMakeFiles/relay_test.dir/home/ben/Desktop/HURC/pico/pico-sdk/src/rp2_common/pico_stdio_usb/stdio_usb_descriptors.c.obj
 *fill*         0x0000000010007eaa        0x2 
 .rodata.usbd_desc_cfg
                0x0000000010007eac       0x54 relay_test/CMakeFiles/relay_test.dir/home/ben/Desktop/HURC/pico/pico-sdk/src/rp2_common/pico_stdio_usb/stdio_usb_descriptors.c.obj
 .rodata.usbd_desc_device
                0x0000000010007f00       0x12 relay_test/CMakeFiles/relay_test.dir/home/ben/Desktop/HURC/pico/pico-sdk/src/rp2_common/pico_stdio_usb/stdio_usb_descriptors.c.obj
 *fill*         0x0000000010007f12        0x2 
 .rodata.usbd_desc_str
                0x0000000010007f14       0x18 relay_test/CMakeFiles/relay_test.dir/home/ben/Desktop/HURC/pico/pico-sdk/src/rp2_common/pico_stdio_usb/stdio_usb_descriptors.c.obj
 .rodata.pico_get_unique_board_id_string.str1.4
                0x0000000010007f2c       0x57 relay_test/CMakeFiles/relay_test.dir/home/ben/Desktop/HURC/pico/pico-sdk/src/rp2_common/pico_unique_id/unique_id.c.obj
 *fill*         0x0000000010007f83        0x1 
 .rodata.__func__.0
                0x0000000010007f84       0x20 relay_test/CMakeFiles/relay_test.dir/home/ben/Desktop/HURC/pico/pico-sdk/src/rp2_common/pico_unique_id/unique_id.c.obj
 .rodata.str1.4
                0x0000000010007fa4      0x162 relay_test/CMakeFiles/relay_test.dir/home/ben/Desktop/HURC/pico/pico-sdk/src/rp2_common/hardware_flash/flash.c.obj
 *fill*         0x0000000010008106        0x2 
 .rodata.__func__.0
                0x0000000010008108        0xd relay_test/CMakeFiles/relay_test.dir/home/ben/Desktop/HURC/pico/pico-sdk/src/rp2_common/hardware_flash/flash.c.obj
 *fill*         0x0000000010008115        0x3 
 .rodata._hw_endpoint_alloc.str1.4
                0x0000000010008118       0xc1 relay_test/CMakeFiles/relay_test.dir/home/ben/Desktop/HURC/pico/pico-sdk/lib/tinyusb/src/portable/raspberrypi/rp2040/dcd_rp2040.c.obj
 *fill*         0x00000000100081d9        0x3 
 .rodata.str1.4
                0x00000000100081dc       0x14 relay_test/CMakeFiles/relay_test.dir/home/ben/Desktop/HURC/pico/pico-sdk/lib/tinyusb/src/portable/raspberrypi/rp2040/dcd_rp2040.c.obj
 .rodata.dcd_int_enable.str1.4
                0x00000000100081f0        0xc relay_test/CMakeFiles/relay_test.dir/home/ben/Desktop/HURC/pico/pico-sdk/lib/tinyusb/src/portable/raspberrypi/rp2040/dcd_rp2040.c.obj
 .rodata.__func__.0
                0x00000000100081fc        0xe relay_test/CMakeFiles/relay_test.dir/home/ben/Desktop/HURC/pico/pico-sdk/lib/tinyusb/src/portable/raspberrypi/rp2040/dcd_rp2040.c.obj
 *fill*         0x000000001000820a        0x2 
 .rodata.__func__.1
                0x000000001000820c        0xe relay_test/CMakeFiles/relay_test.dir/home/ben/Desktop/HURC/pico/pico-sdk/lib/tinyusb/src/portable/raspberrypi/rp2040/dcd_rp2040.c.obj
 *fill*         0x000000001000821a        0x2 
 .rodata.__func__.3
                0x000000001000821c       0x10 relay_test/CMakeFiles/relay_test.dir/home/ben/Desktop/HURC/pico/pico-sdk/lib/tinyusb/src/portable/raspberrypi/rp2040/dcd_rp2040.c.obj
 .rodata.__func__.5
                0x000000001000822c        0xf relay_test/CMakeFiles/relay_test.dir/home/ben/Desktop/HURC/pico/pico-sdk/lib/tinyusb/src/portable/raspberrypi/rp2040/dcd_rp2040.c.obj
 *fill*         0x000000001000823b        0x1 
 .rodata.__func__.6
                0x000000001000823c       0x13 relay_test/CMakeFiles/relay_test.dir/home/ben/Desktop/HURC/pico/pico-sdk/lib/tinyusb/src/portable/raspberrypi/rp2040/dcd_rp2040.c.obj
 *fill*         0x000000001000824f        0x1 
 .rodata.__func__.7
                0x0000000010008250        0x9 relay_test/CMakeFiles/relay_test.dir/home/ben/Desktop/HURC/pico/pico-sdk/lib/tinyusb/src/portable/raspberrypi/rp2040/dcd_rp2040.c.obj
 *fill*         0x0000000010008259        0x3 
 .rodata.str1.4
                0x000000001000825c       0xf3 relay_test/CMakeFiles/relay_test.dir/home/ben/Desktop/HURC/pico/pico-sdk/lib/tinyusb/src/portable/raspberrypi/rp2040/rp2040_usb.c.obj
 *fill*         0x000000001000834f        0x1 
 .rodata.__func__.0
                0x0000000010008350        0xf relay_test/CMakeFiles/relay_test.dir/home/ben/Desktop/HURC/pico/pico-sdk/lib/tinyusb/src/portable/raspberrypi/rp2040/rp2040_usb.c.obj
 *fill*         0x000000001000835f        0x1 
 .rodata.process_get_descriptor
                0x0000000010008360       0x40 relay_test/CMakeFiles/relay_test.dir/home/ben/Desktop/HURC/pico/pico-sdk/lib/tinyusb/src/device/usbd.c.obj
 .rodata.process_control_request
                0x00000000100083a0       0x28 relay_test/CMakeFiles/relay_test.dir/home/ben/Desktop/HURC/pico/pico-sdk/lib/tinyusb/src/device/usbd.c.obj
 .rodata.tud_task_ext
                0x00000000100083c8       0x24 relay_test/CMakeFiles/relay_test.dir/home/ben/Desktop/HURC/pico/pico-sdk/lib/tinyusb/src/device/usbd.c.obj
 .rodata._usbd_driver
                0x00000000100083ec       0x18 relay_test/CMakeFiles/relay_test.dir/home/ben/Desktop/HURC/pico/pico-sdk/lib/tinyusb/src/device/usbd.c.obj
                0x0000000010008404                . = ALIGN (0x4)
 *(SORT_BY_ALIGNMENT(SORT_BY_NAME(.flashdata*)))
                0x0000000010008404                . = ALIGN (0x4)

.rel.dyn        0x0000000010008404        0x0
 .rel.iplt      0x0000000010008404        0x0 /usr/lib/gcc/arm-none-eabi/10.3.1/thumb/v6-m/nofp/crtbegin.o

.ARM.extab
 *(.ARM.extab* .gnu.linkonce.armextab.*)
                0x0000000010008404                __exidx_start = .

.ARM.exidx
 *(.ARM.exidx* .gnu.linkonce.armexidx.*)
                0x0000000010008404                __exidx_end = .
                0x0000000010008404                . = ALIGN (0x4)
                0x0000000010008404                __binary_info_start = .

.binary_info    0x0000000010008404       0x24
 *(.binary_info.keep.*)
 .binary_info.keep.__bi_ptr22
                0x0000000010008404        0x4 relay_test/CMakeFiles/relay_test.dir/home/ben/Desktop/HURC/pico/pico-sdk/src/rp2_common/pico_standard_link/binary_info.c.obj
 .binary_info.keep.__bi_ptr30
                0x0000000010008408        0x4 relay_test/CMakeFiles/relay_test.dir/home/ben/Desktop/HURC/pico/pico-sdk/src/rp2_common/pico_standard_link/binary_info.c.obj
 .binary_info.keep.__bi_ptr38
                0x000000001000840c        0x4 relay_test/CMakeFiles/relay_test.dir/home/ben/Desktop/HURC/pico/pico-sdk/src/rp2_common/pico_standard_link/binary_info.c.obj
 .binary_info.keep.__bi_ptr44
                0x0000000010008410        0x4 relay_test/CMakeFiles/relay_test.dir/home/ben/Desktop/HURC/pico/pico-sdk/src/rp2_common/pico_standard_link/binary_info.c.obj
 .binary_info.keep.__bi_ptr50
                0x0000000010008414        0x4 relay_test/CMakeFiles/relay_test.dir/home/ben/Desktop/HURC/pico/pico-sdk/src/rp2_common/pico_standard_link/binary_info.c.obj
 .binary_info.keep.__bi_ptr56
                0x0000000010008418        0x4 relay_test/CMakeFiles/relay_test.dir/home/ben/Desktop/HURC/pico/pico-sdk/src/rp2_common/pico_standard_link/binary_info.c.obj
 .binary_info.keep.__bi_ptr75
                0x000000001000841c        0x4 relay_test/CMakeFiles/relay_test.dir/home/ben/Desktop/HURC/pico/pico-sdk/src/rp2_common/pico_standard_link/binary_info.c.obj
 .binary_info.keep.__bi_ptr81
                0x0000000010008420        0x4 relay_test/CMakeFiles/relay_test.dir/home/ben/Desktop/HURC/pico/pico-sdk/src/rp2_common/pico_standard_link/binary_info.c.obj
 *(.binary_info.*)
 .binary_info.__bi_ptr188
                0x0000000010008424        0x4 relay_test/CMakeFiles/relay_test.dir/home/ben/Desktop/HURC/pico/pico-sdk/src/rp2_common/pico_stdio_usb/stdio_usb.c.obj
                0x0000000010008428                __binary_info_end = .
                0x0000000010008428                . = ALIGN (0x4)
                0x0000000010008428                __etext = .

.ram_vector_table
                0x0000000020000000       0xc0
 *(.ram_vector_table)
 .ram_vector_table
                0x0000000020000000       0xc0 relay_test/CMakeFiles/relay_test.dir/home/ben/Desktop/HURC/pico/pico-sdk/src/rp2_common/pico_runtime/runtime.c.obj
                0x0000000020000000                ram_vector_table

.data           0x00000000200000c0      0xbe0 load address 0x0000000010008428
                0x00000000200000c0                __data_start__ = .
 *(vtable)
 *(.time_critical*)
 .time_critical.mutex_try_enter
                0x00000000200000c0       0x46 relay_test/CMakeFiles/relay_test.dir/home/ben/Desktop/HURC/pico/pico-sdk/src/common/pico_sync/mutex.c.obj
                0x00000000200000c0                mutex_try_enter
 *fill*         0x0000000020000106        0x2 
 .time_critical.mutex_enter_block_until
                0x0000000020000108       0x8c relay_test/CMakeFiles/relay_test.dir/home/ben/Desktop/HURC/pico/pico-sdk/src/common/pico_sync/mutex.c.obj
                0x0000000020000108                mutex_enter_block_until
 .time_critical.mutex_try_enter_block_until
                0x0000000020000194       0x34 relay_test/CMakeFiles/relay_test.dir/home/ben/Desktop/HURC/pico/pico-sdk/src/common/pico_sync/mutex.c.obj
                0x0000000020000194                mutex_try_enter_block_until
 .time_critical.mutex_enter_timeout_ms
                0x00000000200001c8       0x68 relay_test/CMakeFiles/relay_test.dir/home/ben/Desktop/HURC/pico/pico-sdk/src/common/pico_sync/mutex.c.obj
                0x00000000200001c8                mutex_enter_timeout_ms
 .time_critical.mutex_exit
                0x0000000020000230       0x4c relay_test/CMakeFiles/relay_test.dir/home/ben/Desktop/HURC/pico/pico-sdk/src/common/pico_sync/mutex.c.obj
                0x0000000020000230                mutex_exit
 .time_critical.flash_init_boot2_copyout
                0x000000002000027c       0x30 relay_test/CMakeFiles/relay_test.dir/home/ben/Desktop/HURC/pico/pico-sdk/src/rp2_common/hardware_flash/flash.c.obj
 .time_critical.flash_enable_xip_via_boot2
                0x00000000200002ac       0x10 relay_test/CMakeFiles/relay_test.dir/home/ben/Desktop/HURC/pico/pico-sdk/src/rp2_common/hardware_flash/flash.c.obj
 .time_critical.flash_cs_force
                0x00000000200002bc       0x28 relay_test/CMakeFiles/relay_test.dir/home/ben/Desktop/HURC/pico/pico-sdk/src/rp2_common/hardware_flash/flash.c.obj
 .time_critical.flash_do_cmd
                0x00000000200002e4       0xd8 relay_test/CMakeFiles/relay_test.dir/home/ben/Desktop/HURC/pico/pico-sdk/src/rp2_common/hardware_flash/flash.c.obj
                0x00000000200002e4                flash_do_cmd
 .time_critical.reset_non_control_endpoints
                0x00000000200003bc       0x40 relay_test/CMakeFiles/relay_test.dir/home/ben/Desktop/HURC/pico/pico-sdk/lib/tinyusb/src/portable/raspberrypi/rp2040/dcd_rp2040.c.obj
 .time_critical.hw_handle_buff_status
                0x00000000200003fc       0xa4 relay_test/CMakeFiles/relay_test.dir/home/ben/Desktop/HURC/pico/pico-sdk/lib/tinyusb/src/portable/raspberrypi/rp2040/dcd_rp2040.c.obj
 .time_critical.dcd_rp2040_irq
                0x00000000200004a0      0x1cc relay_test/CMakeFiles/relay_test.dir/home/ben/Desktop/HURC/pico/pico-sdk/lib/tinyusb/src/portable/raspberrypi/rp2040/dcd_rp2040.c.obj
 .time_critical.e15_is_bulkin_ep
                0x000000002000066c       0x2c relay_test/CMakeFiles/relay_test.dir/home/ben/Desktop/HURC/pico/pico-sdk/lib/tinyusb/src/portable/raspberrypi/rp2040/rp2040_usb.c.obj
 .time_critical.e15_is_critical_frame_period
                0x0000000020000698       0x30 relay_test/CMakeFiles/relay_test.dir/home/ben/Desktop/HURC/pico/pico-sdk/lib/tinyusb/src/portable/raspberrypi/rp2040/rp2040_usb.c.obj
 .time_critical.prepare_ep_buffer
                0x00000000200006c8       0x70 relay_test/CMakeFiles/relay_test.dir/home/ben/Desktop/HURC/pico/pico-sdk/lib/tinyusb/src/portable/raspberrypi/rp2040/rp2040_usb.c.obj
 .time_critical.sync_ep_buffer
                0x0000000020000738       0x80 relay_test/CMakeFiles/relay_test.dir/home/ben/Desktop/HURC/pico/pico-sdk/lib/tinyusb/src/portable/raspberrypi/rp2040/rp2040_usb.c.obj
 .time_critical._hw_endpoint_xfer_sync
                0x00000000200007b8       0x28 relay_test/CMakeFiles/relay_test.dir/home/ben/Desktop/HURC/pico/pico-sdk/lib/tinyusb/src/portable/raspberrypi/rp2040/rp2040_usb.c.obj
 .time_critical.hw_endpoint_reset_transfer